<html>
<body>
<pre>
<h1>礦ision Build Log</h1>
<h2>Tool Versions:</h2>
IDE-Version: μVision V5.35.0.0
Copyright (C) 2021 ARM Ltd and ARM Germany GmbH. All rights reserved.
License Information: 123 曲阜师范大学工学院, 123, LIC=1WSKC-7I4ZH-E06N4-F0U4E-IDFAZ-JUKW8
 
Tool Versions:
Toolchain:       MDK-ARM Professional  Version: 5.35.0.2
Toolchain Path:  D:\Keil_v5\ARM\ARMCC\Bin
C Compiler:      Armcc.exe V5.06 update 7 (build 960)
Assembler:       Armasm.exe V5.06 update 7 (build 960)
Linker/Locator:  ArmLink.exe V5.06 update 7 (build 960)
Library Manager: ArmAr.exe V5.06 update 7 (build 960)
Hex Converter:   FromElf.exe V5.06 update 7 (build 960)
CPU DLL:         SARMCM3.DLL V5.35.0.2
Dialog DLL:      DCM.DLL V1.17.3.0
Target DLL:      STLink\ST-LINKIII-KEIL_SWO.dll V3.0.9.0
Dialog DLL:      TCM.DLL V1.53.0.0
 
<h2>Project:</h2>
D:\STM32Code\Plantar_Pressure-R\MDK-ARM\Plantar_Pressure.uvprojx
Project File Date:  05/27/2022

<h2>Output:</h2>
*** Using Compiler 'V5.06 update 7 (build 960)', folder: 'D:\Keil_v5\ARM\ARMCC\Bin'
Build target 'Plantar_Pressure'
compiling main.c...
../Core/Src/main.c(119): warning:  #1295-D: Deprecated declaration ask_Slavers - give arg types
  void ask_Slavers();
../Core/Src/main.c(120): warning:  #1295-D: Deprecated declaration ask_IPC_Link - give arg types
  void ask_IPC_Link();
../Core/Src/main.c(404): warning:  #188-D: enumerated type mixed with another type
  		HAL_GPIO_WritePin(GPIOA, R_A_Pin, Row_A[r]);
../Core/Src/main.c(405): warning:  #188-D: enumerated type mixed with another type
  		HAL_GPIO_WritePin(GPIOA, R_B_Pin, Row_B[r]);
../Core/Src/main.c(406): warning:  #188-D: enumerated type mixed with another type
  		HAL_GPIO_WritePin(GPIOA, R_C_Pin, Row_C[r]);
../Core/Src/main.c(407): warning:  #188-D: enumerated type mixed with another type
  		HAL_GPIO_WritePin(GPIOA, R_D_Pin, Row_D[r]);
../Core/Src/main.c(442): warning:  #167-D: argument of type "volatile float *" is incompatible with parameter of type "float *"
  	while(mpu_dmp_get_data(&pitch,&roll,&yaw)!=0){ }
../Core/Src/main.c(442): warning:  #167-D: argument of type "volatile float *" is incompatible with parameter of type "float *"
  	while(mpu_dmp_get_data(&pitch,&roll,&yaw)!=0){ }
../Core/Src/main.c(442): warning:  #167-D: argument of type "volatile float *" is incompatible with parameter of type "float *"
  	while(mpu_dmp_get_data(&pitch,&roll,&yaw)!=0){ }
../Core/Src/main.c(508): warning:  #177-D: variable "data_uart"  was declared but never referenced
  	uint8_t  data_uart[1];
../Core/Src/main.c: 10 warnings, 0 errors
linking...
Program Size: Code=28162 RO-data=3678 RW-data=192 ZI-data=2552  
FromELF: creating hex file...
"Plantar_Pressure\Plantar_Pressure.axf" - 0 Error(s), 10 Warning(s).

<h2>Software Packages used:</h2>

Package Vendor: ARM
                http://www.keil.com/pack/ARM.CMSIS.5.8.0.pack
                ARM.CMSIS.5.8.0
                CMSIS (Common Microcontroller Software Interface Standard)
   * Component: CORE Version: 5.5.0

Package Vendor: Keil
                http://www.keil.com/pack/Keil.STM32F1xx_DFP.2.1.0.pack
                Keil.STM32F1xx_DFP.2.1.0
                STMicroelectronics STM32F1 Series Device Support, Drivers and Examples

<h2>Collection of Component include folders:</h2>
  .\RTE\_Plantar_Pressure
  D:\Keil_v5\PACK\ARM\CMSIS\5.8.0\CMSIS\Core\Include
  D:\Keil_v5\PACK\Keil\STM32F1xx_DFP\2.1.0\Device\Include

<h2>Collection of Component Files used:</h2>

   * Component: ARM::CMSIS:CORE:5.5.0
Build Time Elapsed:  00:00:02
</pre>
</body>
</html>
