Component: ARM Compiler 5.06 update 7 (build 960) Tool: armlink [4d3601]

==============================================================================

Section Cross References

    startup_stm32f103xb.o(STACK) refers (Special) to heapauxi.o(.text) for __use_two_region_memory
    startup_stm32f103xb.o(HEAP) refers (Special) to heapauxi.o(.text) for __use_two_region_memory
    startup_stm32f103xb.o(RESET) refers (Special) to heapauxi.o(.text) for __use_two_region_memory
    startup_stm32f103xb.o(RESET) refers to startup_stm32f103xb.o(STACK) for __initial_sp
    startup_stm32f103xb.o(RESET) refers to startup_stm32f103xb.o(.text) for Reset_Handler
    startup_stm32f103xb.o(RESET) refers to stm32f1xx_it.o(i.NMI_Handler) for NMI_Handler
    startup_stm32f103xb.o(RESET) refers to stm32f1xx_it.o(i.HardFault_Handler) for HardFault_Handler
    startup_stm32f103xb.o(RESET) refers to stm32f1xx_it.o(i.MemManage_Handler) for MemManage_Handler
    startup_stm32f103xb.o(RESET) refers to stm32f1xx_it.o(i.BusFault_Handler) for BusFault_Handler
    startup_stm32f103xb.o(RESET) refers to stm32f1xx_it.o(i.UsageFault_Handler) for UsageFault_Handler
    startup_stm32f103xb.o(RESET) refers to stm32f1xx_it.o(i.SVC_Handler) for SVC_Handler
    startup_stm32f103xb.o(RESET) refers to stm32f1xx_it.o(i.DebugMon_Handler) for DebugMon_Handler
    startup_stm32f103xb.o(RESET) refers to stm32f1xx_it.o(i.PendSV_Handler) for PendSV_Handler
    startup_stm32f103xb.o(RESET) refers to stm32f1xx_it.o(i.SysTick_Handler) for SysTick_Handler
    startup_stm32f103xb.o(RESET) refers to stm32f1xx_it.o(i.DMA1_Channel1_IRQHandler) for DMA1_Channel1_IRQHandler
    startup_stm32f103xb.o(RESET) refers to stm32f1xx_it.o(i.USB_LP_CAN1_RX0_IRQHandler) for USB_LP_CAN1_RX0_IRQHandler
    startup_stm32f103xb.o(RESET) refers to stm32f1xx_it.o(i.TIM1_UP_IRQHandler) for TIM1_UP_IRQHandler
    startup_stm32f103xb.o(RESET) refers to stm32f1xx_it.o(i.TIM2_IRQHandler) for TIM2_IRQHandler
    startup_stm32f103xb.o(RESET) refers to stm32f1xx_it.o(i.USART1_IRQHandler) for USART1_IRQHandler
    startup_stm32f103xb.o(.text) refers (Special) to heapauxi.o(.text) for __use_two_region_memory
    startup_stm32f103xb.o(.text) refers to system_stm32f1xx.o(i.SystemInit) for SystemInit
    startup_stm32f103xb.o(.text) refers to __main.o(!!!main) for __main
    startup_stm32f103xb.o(.text) refers to startup_stm32f103xb.o(HEAP) for Heap_Mem
    startup_stm32f103xb.o(.text) refers to startup_stm32f103xb.o(STACK) for Stack_Mem
    inv_mpu.o(i.accel_self_test) refers to inv_mpu.o(i.get_accel_prod_shift) for get_accel_prod_shift
    inv_mpu.o(i.accel_self_test) refers to fflt_clz.o(x$fpl$fflt) for __aeabi_i2f
    inv_mpu.o(i.accel_self_test) refers to scalbnf.o(x$fpl$scalbnf) for __ARM_scalbnf
    inv_mpu.o(i.accel_self_test) refers to fdiv.o(x$fpl$fdiv) for __aeabi_fdiv
    inv_mpu.o(i.accel_self_test) refers to faddsub_clz.o(x$fpl$fsub) for __aeabi_fsub
    inv_mpu.o(i.get_accel_prod_shift) refers to mpu6050.o(i.MPU_Read_Len) for MPU_Read_Len
    inv_mpu.o(i.get_accel_prod_shift) refers to fmul.o(x$fpl$fmul) for __aeabi_fmul
    inv_mpu.o(i.get_st_biases) refers to mpu6050.o(i.MPU_Write_Len) for MPU_Write_Len
    inv_mpu.o(i.get_st_biases) refers to stm32f1xx_hal.o(i.HAL_Delay) for HAL_Delay
    inv_mpu.o(i.get_st_biases) refers to mpu6050.o(i.MPU_Read_Len) for MPU_Read_Len
    inv_mpu.o(i.get_st_biases) refers to llsdiv.o(.text) for __aeabi_ldivmod
    inv_mpu.o(i.get_st_biases) refers to inv_mpu.o(.data) for .data
    inv_mpu.o(i.gyro_self_test) refers to mpu6050.o(i.MPU_Read_Len) for MPU_Read_Len
    inv_mpu.o(i.gyro_self_test) refers to fflt_clz.o(x$fpl$fflt) for __aeabi_i2f
    inv_mpu.o(i.gyro_self_test) refers to scalbnf.o(x$fpl$scalbnf) for __ARM_scalbnf
    inv_mpu.o(i.gyro_self_test) refers to fmul.o(x$fpl$fmul) for __aeabi_fmul
    inv_mpu.o(i.gyro_self_test) refers to fdiv.o(x$fpl$fdiv) for __aeabi_fdiv
    inv_mpu.o(i.gyro_self_test) refers to faddsub_clz.o(x$fpl$fsub) for __aeabi_fsub
    inv_mpu.o(i.inv_orientation_matrix_to_scalar) refers to inv_mpu.o(i.inv_row_2_scale) for inv_row_2_scale
    inv_mpu.o(i.mpu_configure_fifo) refers to inv_mpu.o(i.set_int_enable) for set_int_enable
    inv_mpu.o(i.mpu_configure_fifo) refers to inv_mpu.o(i.mpu_reset_fifo) for mpu_reset_fifo
    inv_mpu.o(i.mpu_configure_fifo) refers to inv_mpu.o(.data) for .data
    inv_mpu.o(i.mpu_dmp_get_data) refers to inv_mpu_dmp_motion_driver.o(i.dmp_read_fifo) for dmp_read_fifo
    inv_mpu.o(i.mpu_dmp_get_data) refers to fflt_clz.o(x$fpl$fflt) for __aeabi_i2f
    inv_mpu.o(i.mpu_dmp_get_data) refers to scalbnf.o(x$fpl$scalbnf) for __ARM_scalbnf
    inv_mpu.o(i.mpu_dmp_get_data) refers to fmul.o(x$fpl$fmul) for __aeabi_fmul
    inv_mpu.o(i.mpu_dmp_get_data) refers to faddsub_clz.o(x$fpl$fadd) for __aeabi_fadd
    inv_mpu.o(i.mpu_dmp_get_data) refers to f2d.o(x$fpl$f2d) for __aeabi_f2d
    inv_mpu.o(i.mpu_dmp_get_data) refers to asin.o(i.asin) for asin
[...]
    .bss                                     0x2000032c   Section       84  i2c.o(.bss)
    .bss                                     0x20000380   Section      144  tim.o(.bss)
    .bss                                     0x20000410   Section       68  usart.o(.bss)
    .bss                                     0x20000454   Section       96  libspace.o(.bss)
    HEAP                                     0x200004b8   Section      512  startup_stm32f103xb.o(HEAP)
    Heap_Mem                                 0x200004b8   Data         512  startup_stm32f103xb.o(HEAP)
    STACK                                    0x200006b8   Section     1024  startup_stm32f103xb.o(STACK)
    Stack_Mem                                0x200006b8   Data        1024  startup_stm32f103xb.o(STACK)
    __initial_sp                             0x20000ab8   Data           0  startup_stm32f103xb.o(STACK)

    Global Symbols

    Symbol Name                              Value     Ov Type        Size  Object(Section)

    BuildAttributes$$THM_ISAv4$P$D$K$B$S$PE$A:L22UL41UL21$X:L11$S22US41US21$IEEE1$IW$USESV6$~STKCKD$USESV7$~SHL$OTIME$ROPI$IEEEX$EBA8$UX$STANDARDLIB$REQ8$PRES8$EABIv2 0x00000000   Number         0  anon$$obj.o ABSOLUTE
    __ARM_use_no_argv                        0x00000000   Number         0  main.o ABSOLUTE
    __ARM_exceptions_init                     - Undefined Weak Reference
    __alloca_initialize                       - Undefined Weak Reference
    __arm_fini_                               - Undefined Weak Reference
    __arm_preinit_                            - Undefined Weak Reference
    __cpp_initialize__aeabi_                  - Undefined Weak Reference
    __cxa_finalize                            - Undefined Weak Reference
    __rt_locale                               - Undefined Weak Reference
    __sigvec_lookup                           - Undefined Weak Reference
    _atexit_init                              - Undefined Weak Reference
    _call_atexit_fns                          - Undefined Weak Reference
    _clock_init                               - Undefined Weak Reference
    _fp_trap_init                             - Undefined Weak Reference
    _fp_trap_shutdown                         - Undefined Weak Reference
    _get_lc_collate                           - Undefined Weak Reference
    _get_lc_ctype                             - Undefined Weak Reference
    _get_lc_monetary                          - Undefined Weak Reference
    _get_lc_numeric                           - Undefined Weak Reference
    _get_lc_time                              - Undefined Weak Reference
    _getenv_init                              - Undefined Weak Reference
    _handle_redirection                       - Undefined Weak Reference
    _init_alloc                               - Undefined Weak Reference
    _init_user_alloc                          - Undefined Weak Reference
    _initio                                   - Undefined Weak Reference
    _rand_init                                - Undefined Weak Reference
    _signal_finish                            - Undefined Weak Reference
    _signal_init                              - Undefined Weak Reference
    _terminate_alloc                          - Undefined Weak Reference
    _terminate_user_alloc                     - Undefined Weak Reference
    _terminateio                              - Undefined Weak Reference
    __Vectors_Size                           0x000000ec   Number         0  startup_stm32f103xb.o ABSOLUTE
    __Vectors                                0x08000000   Data           4  startup_stm32f103xb.o(RESET)
    __Vectors_End                            0x080000ec   Data           0  startup_stm32f103xb.o(RESET)
    __main                                   0x080000ed   Thumb Code     8  __main.o(!!!main)
    __scatterload                            0x080000f5   Thumb Code     0  __scatter.o(!!!scatter)
    __scatterload_rt2                        0x080000f5   Thumb Code    44  __scatter.o(!!!scatter)
    __scatterload_rt2_thumb_only             0x080000f5   Thumb Code     0  __scatter.o(!!!scatter)
    __scatterload_null                       0x08000103   Thumb Code     0  __scatter.o(!!!scatter)
    __scatterload_copy                       0x08000129   Thumb Code    26  __scatter_copy.o(!!handler_copy)
    __scatterload_zeroinit                   0x08000145   Thumb Code    28  __scatter_zi.o(!!handler_zi)
    __rt_lib_init                            0x08000161   Thumb Code     0  libinit.o(.ARM.Collect$$libinit$$00000000)
    __rt_lib_init_alloca_1                   0x08000163   Thumb Code     0  libinit2.o(.ARM.Collect$$libinit$$0000002E)
    __rt_lib_init_argv_1                     0x08000163   Thumb Code     0  libinit2.o(.ARM.Collect$$libinit$$0000002C)
    __rt_lib_init_atexit_1                   0x08000163   Thumb Code     0  libinit2.o(.ARM.Collect$$libinit$$0000001B)
    __rt_lib_init_clock_1                    0x08000163   Thumb Code     0  libinit2.o(.ARM.Collect$$libinit$$00000021)
    __rt_lib_init_cpp_1                      0x08000163   Thumb Code     0  libinit2.o(.ARM.Collect$$libinit$$00000032)
    __rt_lib_init_exceptions_1               0x08000163   Thumb Code     0  libinit2.o(.ARM.Collect$$libinit$$00000030)
    __rt_lib_init_fp_1                       0x08000163   Thumb Code     0  libinit2.o(.ARM.Collect$$libinit$$00000002)
    __rt_lib_init_fp_trap_1                  0x08000163   Thumb Code     0  libinit2.o(.ARM.Collect$$libinit$$0000001F)
    __rt_lib_init_getenv_1                   0x08000163   Thumb Code     0  libinit2.o(.ARM.Collect$$libinit$$00000023)
    __rt_lib_init_heap_1                     0x08000163   Thumb Code     0  libinit2.o(.ARM.Collect$$libinit$$0000000A)
    __rt_lib_init_lc_collate_1               0x08000163   Thumb Code     0  libinit2.o(.ARM.Collect$$libinit$$00000011)
    __rt_lib_init_lc_ctype_1                 0x08000163   Thumb Code     0  libinit2.o(.ARM.Collect$$libinit$$00000013)
    __rt_lib_init_lc_monetary_1              0x08000163   Thumb Code     0  libinit2.o(.ARM.Collect$$libinit$$00000015)
    __rt_lib_init_lc_numeric_1               0x08000163   Thumb Code     0  libinit2.o(.ARM.Collect$$libinit$$00000017)
    __rt_lib_init_lc_time_1                  0x08000163   Thumb Code     0  libinit2.o(.ARM.Collect$$libinit$$00000019)
    __rt_lib_init_preinit_1                  0x08000163   Thumb Code     0  libinit2.o(.ARM.Collect$$libinit$$00000004)
    __rt_lib_init_rand_1                     0x08000163   Thumb Code     0  libinit2.o(.ARM.Collect$$libinit$$0000000E)
    __rt_lib_init_return                     0x08000163   Thumb Code     0  libinit2.o(.ARM.Collect$$libinit$$00000033)
    __rt_lib_init_signal_1                   0x08000163   Thumb Code     0  libinit2.o(.ARM.Collect$$libinit$$0000001D)
    __rt_lib_init_stdio_1                    0x08000163   Thumb Code     0  libinit2.o(.ARM.Collect$$libinit$$00000025)
    __rt_lib_init_user_alloc_1               0x08000163   Thumb Code     0  libinit2.o(.ARM.Collect$$libinit$$0000000C)
    __rt_lib_shutdown                        0x08000165   Thumb Code     0  libshutdown.o(.ARM.Collect$$libshutdown$$00000000)
    __rt_lib_shutdown_cpp_1                  0x08000167   Thumb Code     0  libshutdown2.o(.ARM.Collect$$libshutdown$$00000004)
    __rt_lib_shutdown_fini_1                 0x08000167   Thumb Code     0  libshutdown2.o(.ARM.Collect$$libshutdown$$00000002)
    __rt_lib_shutdown_fp_trap_1              0x08000167   Thumb Code     0  libshutdown2.o(.ARM.Collect$$libshutdown$$00000009)
    __rt_lib_shutdown_heap_1                 0x08000167   Thumb Code     0  libshutdown2.o(.ARM.Collect$$libshutdown$$00000011)
    __rt_lib_shutdown_return                 0x08000167   Thumb Code     0  libshutdown2.o(.ARM.Collect$$libshutdown$$00000012)
    __rt_lib_shutdown_signal_1               0x08000167   Thumb Code     0  libshutdown2.o(.ARM.Collect$$libshutdown$$0000000C)
    __rt_lib_shutdown_stdio_1                0x08000167   Thumb Code     0  libshutdown2.o(.ARM.Collect$$libshutdown$$00000006)
    __rt_lib_shutdown_user_alloc_1           0x08000167   Thumb Code     0  libshutdown2.o(.ARM.Collect$$libshutdown$$0000000E)
    __rt_entry                               0x08000169   Thumb Code     0  __rtentry.o(.ARM.Collect$$rtentry$$00000000)
    __rt_entry_presh_1                       0x08000169   Thumb Code     0  __rtentry2.o(.ARM.Collect$$rtentry$$00000002)
    __rt_entry_sh                            0x08000169   Thumb Code     0  __rtentry4.o(.ARM.Collect$$rtentry$$00000004)
    __rt_entry_li                            0x0800016f   Thumb Code     0  __rtentry2.o(.ARM.Collect$$rtentry$$0000000A)
    __rt_entry_postsh_1                      0x0800016f   Thumb Code     0  __rtentry2.o(.ARM.Collect$$rtentry$$00000009)
    __rt_entry_main                          0x08000173   Thumb Code     0  __rtentry2.o(.ARM.Collect$$rtentry$$0000000D)
    __rt_entry_postli_1                      0x08000173   Thumb Code     0  __rtentry2.o(.ARM.Collect$$rtentry$$0000000C)
    __rt_exit                                0x0800017b   Thumb Code     0  rtexit.o(.ARM.Collect$$rtexit$$00000000)
    __rt_exit_ls                             0x0800017d   Thumb Code     0  rtexit2.o(.ARM.Collect$$rtexit$$00000003)
    __rt_exit_prels_1                        0x0800017d   Thumb Code     0  rtexit2.o(.ARM.Collect$$rtexit$$00000002)
    __rt_exit_exit                           0x08000181   Thumb Code     0  rtexit2.o(.ARM.Collect$$rtexit$$00000004)
    Reset_Handler                            0x08000189   Thumb Code     8  startup_stm32f103xb.o(.text)
    ADC1_2_IRQHandler                        0x080001a3   Thumb Code     0  startup_stm32f103xb.o(.text)
    CAN1_RX1_IRQHandler                      0x080001a3   Thumb Code     0  startup_stm32f103xb.o(.text)
    CAN1_SCE_IRQHandler                      0x080001a3   Thumb Code     0  startup_stm32f103xb.o(.text)
    DMA1_Channel2_IRQHandler                 0x080001a3   Thumb Code     0  startup_stm32f103xb.o(.text)
    DMA1_Channel3_IRQHandler                 0x080001a3   Thumb Code     0  startup_stm32f103xb.o(.text)
    DMA1_Channel4_IRQHandler                 0x080001a3   Thumb Code     0  startup_stm32f103xb.o(.text)
    DMA1_Channel5_IRQHandler                 0x080001a3   Thumb Code     0  startup_stm32f103xb.o(.text)
    DMA1_Channel6_IRQHandler                 0x080001a3   Thumb Code     0  startup_stm32f103xb.o(.text)
    DMA1_Channel7_IRQHandler                 0x080001a3   Thumb Code     0  startup_stm32f103xb.o(.text)
    EXTI0_IRQHandler                         0x080001a3   Thumb Code     0  startup_stm32f103xb.o(.text)
    EXTI15_10_IRQHandler                     0x080001a3   Thumb Code     0  startup_stm32f103xb.o(.text)
    EXTI1_IRQHandler                         0x080001a3   Thumb Code     0  startup_stm32f103xb.o(.text)
    EXTI2_IRQHandler                         0x080001a3   Thumb Code     0  startup_stm32f103xb.o(.text)
    EXTI3_IRQHandler                         0x080001a3   Thumb Code     0  startup_stm32f103xb.o(.text)
    EXTI4_IRQHandler                         0x080001a3   Thumb Code     0  startup_stm32f103xb.o(.text)
    EXTI9_5_IRQHandler                       0x080001a3   Thumb Code     0  startup_stm32f103xb.o(.text)
    FLASH_IRQHandler                         0x080001a3   Thumb Code     0  startup_stm32f103xb.o(.text)
    I2C1_ER_IRQHandler                       0x080001a3   Thumb Code     0  startup_stm32f103xb.o(.text)
    I2C1_EV_IRQHandler                       0x080001a3   Thumb Code     0  startup_stm32f103xb.o(.text)
    I2C2_ER_IRQHandler                       0x080001a3   Thumb Code     0  startup_stm32f103xb.o(.text)
    I2C2_EV_IRQHandler                       0x080001a3   Thumb Code     0  startup_stm32f103xb.o(.text)
    PVD_IRQHandler                           0x080001a3   Thumb Code     0  startup_stm32f103xb.o(.text)
    RCC_IRQHandler                           0x080001a3   Thumb Code     0  startup_stm32f103xb.o(.text)
    RTC_Alarm_IRQHandler                     0x080001a3   Thumb Code     0  startup_stm32f103xb.o(.text)
    RTC_IRQHandler                           0x080001a3   Thumb Code     0  startup_stm32f103xb.o(.text)
    SPI1_IRQHandler                          0x080001a3   Thumb Code     0  startup_stm32f103xb.o(.text)
    SPI2_IRQHandler                          0x080001a3   Thumb Code     0  startup_stm32f103xb.o(.text)
    TAMPER_IRQHandler                        0x080001a3   Thumb Code     0  startup_stm32f103xb.o(.text)
    TIM1_BRK_IRQHandler                      0x080001a3   Thumb Code     0  startup_stm32f103xb.o(.text)
    TIM1_CC_IRQHandler                       0x080001a3   Thumb Code     0  startup_stm32f103xb.o(.text)
    TIM1_TRG_COM_IRQHandler                  0x080001a3   Thumb Code     0  startup_stm32f103xb.o(.text)
    TIM3_IRQHandler                          0x080001a3   Thumb Code     0  startup_stm32f103xb.o(.text)
    TIM4_IRQHandler                          0x080001a3   Thumb Code     0  startup_stm32f103xb.o(.text)
    USART2_IRQHandler                        0x080001a3   Thumb Code     0  startup_stm32f103xb.o(.text)
    USART3_IRQHandler                        0x080001a3   Thumb Code     0  startup_stm32f103xb.o(.text)
    USBWakeUp_IRQHandler                     0x080001a3   Thumb Code     0  startup_stm32f103xb.o(.text)
    USB_HP_CAN1_TX_IRQHandler                0x080001a3   Thumb Code     0  startup_stm32f103xb.o(.text)
    WWDG_IRQHandler                          0x080001a3   Thumb Code     0  startup_stm32f103xb.o(.text)
    __user_initial_stackheap                 0x080001a5   Thumb Code     0  startup_stm32f103xb.o(.text)
    memcmp                                   0x080001c9   Thumb Code    88  memcmp.o(.text)
    __aeabi_memset                           0x08000221   Thumb Code    16  aeabi_memset.o(.text)
    __aeabi_memclr4                          0x08000231   Thumb Code     0  rt_memclr_w.o(.text)
    __aeabi_memclr8                          0x08000231   Thumb Code     0  rt_memclr_w.o(.text)
    __rt_memclr_w                            0x08000231   Thumb Code    78  rt_memclr_w.o(.text)
    _memset_w                                0x08000235   Thumb Code     0  rt_memclr_w.o(.text)
    __use_two_region_memory                  0x0800027f   Thumb Code     2  heapauxi.o(.text)
    __rt_heap_escrow$2region                 0x08000281   Thumb Code     2  heapauxi.o(.text)
    __rt_heap_expand$2region                 0x08000283   Thumb Code     2  heapauxi.o(.text)
    __read_errno                             0x08000285   Thumb Code    10  _rserrno.o(.text)
    __set_errno                              0x0800028f   Thumb Code    12  _rserrno.o(.text)
    __aeabi_memclr                           0x0800029b   Thumb Code     0  rt_memclr.o(.text)
    __rt_memclr                              0x0800029b   Thumb Code    68  rt_memclr.o(.text)
    _memset                                  0x0800029f   Thumb Code     0  rt_memclr.o(.text)
    __aeabi_errno_addr                       0x080002e1   Thumb Code     8  rt_errno_addr_intlibspace.o(.text)
    __errno$intlibspace                      0x080002e1   Thumb Code     0  rt_errno_addr_intlibspace.o(.text)
    __rt_errno_addr$intlibspace              0x080002e1   Thumb Code     0  rt_errno_addr_intlibspace.o(.text)
    __user_libspace                          0x080002e9   Thumb Code     8  libspace.o(.text)
    __user_perproc_libspace                  0x080002e9   Thumb Code     0  libspace.o(.text)
    __user_perthread_libspace                0x080002e9   Thumb Code     0  libspace.o(.text)
    __user_setup_stackheap                   0x080002f1   Thumb Code    74  sys_stackheap_outer.o(.text)
    exit                                     0x0800033b   Thumb Code    18  exit.o(.text)
    _sys_exit                                0x0800034d   Thumb Code     8  sys_exit.o(.text)
    __I$use$semihosting                      0x08000359   Thumb Code     0  use_no_semi.o(.text)
    __use_no_semihosting_swi                 0x08000359   Thumb Code     2  use_no_semi.o(.text)
    __semihosting_library_function           0x0800035b   Thumb Code     0  indicate_semi.o(.text)
    ADC_ConversionStop_Disable               0x0800035d   Thumb Code    86  stm32f1xx_hal_adc.o(i.ADC_ConversionStop_Disable)
    ADC_DMAConvCplt                          0x080003b3   Thumb Code    78  stm32f1xx_hal_adc.o(i.ADC_DMAConvCplt)
    ADC_DMAError                             0x08000401   Thumb Code    26  stm32f1xx_hal_adc.o(i.ADC_DMAError)
    ADC_DMAHalfConvCplt                      0x0800041b   Thumb Code    10  stm32f1xx_hal_adc.o(i.ADC_DMAHalfConvCplt)
    ADC_Enable                               0x08000425   Thumb Code   114  stm32f1xx_hal_adc.o(i.ADC_Enable)
    BusFault_Handler                         0x080004a1   Thumb Code     2  stm32f1xx_it.o(i.BusFault_Handler)
    CAN_Send                                 0x080004a5   Thumb Code    46  main.o(i.CAN_Send)
    DMA1_Channel1_IRQHandler                 0x080004dd   Thumb Code     6  stm32f1xx_it.o(i.DMA1_Channel1_IRQHandler)
    DebugMon_Handler                         0x08000513   Thumb Code     2  stm32f1xx_it.o(i.DebugMon_Handler)
    Error_Handler                            0x08000515   Thumb Code     4  main.o(i.Error_Handler)
    Get_Battery                              0x08000519   Thumb Code    92  main.o(i.Get_Battery)
    Get_DMA_ADC1                             0x0800058d   Thumb Code   210  main.o(i.Get_DMA_ADC1)
    HAL_ADCEx_Calibration_Start              0x0800067d   Thumb Code   210  stm32f1xx_hal_adc_ex.o(i.HAL_ADCEx_Calibration_Start)
    HAL_ADC_ConfigChannel                    0x08000755   Thumb Code   240  stm32f1xx_hal_adc.o(i.HAL_ADC_ConfigChannel)
    HAL_ADC_ConvCpltCallback                 0x08000851   Thumb Code     2  stm32f1xx_hal_adc.o(i.HAL_ADC_ConvCpltCallback)
    HAL_ADC_ConvHalfCpltCallback             0x08000853   Thumb Code     2  stm32f1xx_hal_adc.o(i.HAL_ADC_ConvHalfCpltCallback)
    HAL_ADC_ErrorCallback                    0x08000855   Thumb Code     2  stm32f1xx_hal_adc.o(i.HAL_ADC_ErrorCallback)
    HAL_ADC_GetState                         0x08000857   Thumb Code     4  stm32f1xx_hal_adc.o(i.HAL_ADC_GetState)
    HAL_ADC_GetValue                         0x0800085b   Thumb Code     6  stm32f1xx_hal_adc.o(i.HAL_ADC_GetValue)
    HAL_ADC_Init                             0x08000861   Thumb Code   272  stm32f1xx_hal_adc.o(i.HAL_ADC_Init)
    HAL_ADC_MspInit                          0x0800097d   Thumb Code   178  adc.o(i.HAL_ADC_MspInit)
    HAL_ADC_PollForConversion                0x08000a4d   Thumb Code   304  stm32f1xx_hal_adc.o(i.HAL_ADC_PollForConversion)
    HAL_ADC_Start                            0x08000b89   Thumb Code   184  stm32f1xx_hal_adc.o(i.HAL_ADC_Start)
    HAL_ADC_Start_DMA                        0x08000c49   Thumb Code   246  stm32f1xx_hal_adc.o(i.HAL_ADC_Start_DMA)
    HAL_CAN_ActivateNotification             0x08000d55   Thumb Code    36  stm32f1xx_hal_can.o(i.HAL_CAN_ActivateNotification)
    HAL_CAN_AddTxMessage                     0x08000d79   Thumb Code   220  stm32f1xx_hal_can.o(i.HAL_CAN_AddTxMessage)
    HAL_CAN_ConfigFilter                     0x08000e55   Thumb Code   238  stm32f1xx_hal_can.o(i.HAL_CAN_ConfigFilter)
    HAL_CAN_ErrorCallback                    0x08000f43   Thumb Code     2  stm32f1xx_hal_can.o(i.HAL_CAN_ErrorCallback)
    HAL_CAN_GetRxMessage                     0x08000f45   Thumb Code   232  stm32f1xx_hal_can.o(i.HAL_CAN_GetRxMessage)
    HAL_CAN_IRQHandler                       0x0800102d   Thumb Code   508  stm32f1xx_hal_can.o(i.HAL_CAN_IRQHandler)
    HAL_CAN_Init                             0x08001229   Thumb Code   282  stm32f1xx_hal_can.o(i.HAL_CAN_Init)
    HAL_CAN_MspInit                          0x08001345   Thumb Code   112  can.o(i.HAL_CAN_MspInit)
    HAL_CAN_RxFifo0FullCallback              0x080013c1   Thumb Code     2  stm32f1xx_hal_can.o(i.HAL_CAN_RxFifo0FullCallback)
    HAL_CAN_RxFifo0MsgPendingCallback        0x080013c5   Thumb Code   204  main.o(i.HAL_CAN_RxFifo0MsgPendingCallback)
    HAL_CAN_RxFifo1FullCallback              0x08001499   Thumb Code     2  stm32f1xx_hal_can.o(i.HAL_CAN_RxFifo1FullCallback)
    HAL_CAN_RxFifo1MsgPendingCallback        0x0800149b   Thumb Code     2  stm32f1xx_hal_can.o(i.HAL_CAN_RxFifo1MsgPendingCallback)
    HAL_CAN_SleepCallback                    0x0800149d   Thumb Code     2  stm32f1xx_hal_can.o(i.HAL_CAN_SleepCallback)
    HAL_CAN_Start                            0x080014a1   Thumb Code    88  stm32f1xx_hal_can.o(i.HAL_CAN_Start)
    HAL_CAN_TxMailbox0AbortCallback          0x080014f9   Thumb Code     2  stm32f1xx_hal_can.o(i.HAL_CAN_TxMailbox0AbortCallback)
    HAL_CAN_TxMailbox0CompleteCallback       0x080014fb   Thumb Code     2  stm32f1xx_hal_can.o(i.HAL_CAN_TxMailbox0CompleteCallback)
    HAL_CAN_TxMailbox1AbortCallback          0x080014fd   Thumb Code     2  stm32f1xx_hal_can.o(i.HAL_CAN_TxMailbox1AbortCallback)
    HAL_CAN_TxMailbox1CompleteCallback       0x080014ff   Thumb Code     2  stm32f1xx_hal_can.o(i.HAL_CAN_TxMailbox1CompleteCallback)
    HAL_CAN_TxMailbox2AbortCallback          0x08001501   Thumb Code     2  stm32f1xx_hal_can.o(i.HAL_CAN_TxMailbox2AbortCallback)
    HAL_CAN_TxMailbox2CompleteCallback       0x08001503   Thumb Code     2  stm32f1xx_hal_can.o(i.HAL_CAN_TxMailbox2CompleteCallback)
    HAL_CAN_WakeUpFromRxMsgCallback          0x08001505   Thumb Code     2  stm32f1xx_hal_can.o(i.HAL_CAN_WakeUpFromRxMsgCallback)
    HAL_DMA_Abort                            0x08001507   Thumb Code    70  stm32f1xx_hal_dma.o(i.HAL_DMA_Abort)
    HAL_DMA_Abort_IT                         0x0800154d   Thumb Code   148  stm32f1xx_hal_dma.o(i.HAL_DMA_Abort_IT)
    HAL_DMA_IRQHandler                       0x080015e5   Thumb Code   316  stm32f1xx_hal_dma.o(i.HAL_DMA_IRQHandler)
    HAL_DMA_Init                             0x08001739   Thumb Code    84  stm32f1xx_hal_dma.o(i.HAL_DMA_Init)
    HAL_DMA_Start_IT                         0x08001795   Thumb Code   112  stm32f1xx_hal_dma.o(i.HAL_DMA_Start_IT)
    HAL_Delay                                0x08001805   Thumb Code    32  stm32f1xx_hal.o(i.HAL_Delay)
    HAL_GPIO_Init                            0x08001829   Thumb Code   446  stm32f1xx_hal_gpio.o(i.HAL_GPIO_Init)
    HAL_GPIO_WritePin                        0x08001a09   Thumb Code    10  stm32f1xx_hal_gpio.o(i.HAL_GPIO_WritePin)
    HAL_GetTick                              0x08001a15   Thumb Code     6  stm32f1xx_hal.o(i.HAL_GetTick)
    HAL_I2C_Init                             0x08001a21   Thumb Code   376  stm32f1xx_hal_i2c.o(i.HAL_I2C_Init)
    HAL_I2C_Mem_Read                         0x08001ba9   Thumb Code   574  stm32f1xx_hal_i2c.o(i.HAL_I2C_Mem_Read)
    HAL_I2C_Mem_Write                        0x08001df9   Thumb Code   294  stm32f1xx_hal_i2c.o(i.HAL_I2C_Mem_Write)
    HAL_I2C_MspInit                          0x08001f29   Thumb Code    82  i2c.o(i.HAL_I2C_MspInit)
    HAL_IncTick                              0x08001f89   Thumb Code    12  stm32f1xx_hal.o(i.HAL_IncTick)
    HAL_Init                                 0x08001f99   Thumb Code    32  stm32f1xx_hal.o(i.HAL_Init)
    HAL_InitTick                             0x08001fbd   Thumb Code    54  stm32f1xx_hal.o(i.HAL_InitTick)
    HAL_MspInit                              0x08001ffd   Thumb Code    52  stm32f1xx_hal_msp.o(i.HAL_MspInit)
    HAL_NVIC_EnableIRQ                       0x08002039   Thumb Code    26  stm32f1xx_hal_cortex.o(i.HAL_NVIC_EnableIRQ)
    HAL_NVIC_SetPriority                     0x08002055   Thumb Code    60  stm32f1xx_hal_cortex.o(i.HAL_NVIC_SetPriority)
    HAL_NVIC_SetPriorityGrouping             0x08002095   Thumb Code    26  stm32f1xx_hal_cortex.o(i.HAL_NVIC_SetPriorityGrouping)
    HAL_RCCEx_GetPeriphCLKFreq               0x080020b9   Thumb Code   166  stm32f1xx_hal_rcc_ex.o(i.HAL_RCCEx_GetPeriphCLKFreq)
    HAL_RCCEx_PeriphCLKConfig                0x08002181   Thumb Code   224  stm32f1xx_hal_rcc_ex.o(i.HAL_RCCEx_PeriphCLKConfig)
    HAL_RCC_ClockConfig                      0x0800226d   Thumb Code   280  stm32f1xx_hal_rcc.o(i.HAL_RCC_ClockConfig)
    HAL_RCC_GetHCLKFreq                      0x08002399   Thumb Code     6  stm32f1xx_hal_rcc.o(i.HAL_RCC_GetHCLKFreq)
    HAL_RCC_GetPCLK1Freq                     0x080023a5   Thumb Code    20  stm32f1xx_hal_rcc.o(i.HAL_RCC_GetPCLK1Freq)
    HAL_RCC_GetPCLK2Freq                     0x080023c5   Thumb Code    20  stm32f1xx_hal_rcc.o(i.HAL_RCC_GetPCLK2Freq)
    HAL_RCC_GetSysClockFreq                  0x080023e5   Thumb Code    74  stm32f1xx_hal_rcc.o(i.HAL_RCC_GetSysClockFreq)
    HAL_RCC_OscConfig                        0x08002451   Thumb Code   778  stm32f1xx_hal_rcc.o(i.HAL_RCC_OscConfig)
    HAL_SYSTICK_Config                       0x08002771   Thumb Code    40  stm32f1xx_hal_cortex.o(i.HAL_SYSTICK_Config)
    HAL_TIMEx_BreakCallback                  0x08002799   Thumb Code     2  stm32f1xx_hal_tim_ex.o(i.HAL_TIMEx_BreakCallback)
    HAL_TIMEx_CommutCallback                 0x0800279b   Thumb Code     2  stm32f1xx_hal_tim_ex.o(i.HAL_TIMEx_CommutCallback)
    HAL_TIMEx_MasterConfigSynchronization    0x0800279d   Thumb Code    92  stm32f1xx_hal_tim_ex.o(i.HAL_TIMEx_MasterConfigSynchronization)
    HAL_TIM_Base_Init                        0x08002805   Thumb Code    90  stm32f1xx_hal_tim.o(i.HAL_TIM_Base_Init)
    HAL_TIM_Base_MspInit                     0x08002861   Thumb Code    86  tim.o(i.HAL_TIM_Base_MspInit)
    HAL_TIM_Base_Start_IT                    0x080028c1   Thumb Code    76  stm32f1xx_hal_tim.o(i.HAL_TIM_Base_Start_IT)
    HAL_TIM_Base_Stop_IT                     0x08002919   Thumb Code    48  stm32f1xx_hal_tim.o(i.HAL_TIM_Base_Stop_IT)
    HAL_TIM_ConfigClockSource                0x08002949   Thumb Code   214  stm32f1xx_hal_tim.o(i.HAL_TIM_ConfigClockSource)
    HAL_TIM_IC_CaptureCallback               0x08002a1f   Thumb Code     2  stm32f1xx_hal_tim.o(i.HAL_TIM_IC_CaptureCallback)
    HAL_TIM_IRQHandler                       0x08002a21   Thumb Code   358  stm32f1xx_hal_tim.o(i.HAL_TIM_IRQHandler)
    HAL_TIM_OC_DelayElapsedCallback          0x08002b87   Thumb Code     2  stm32f1xx_hal_tim.o(i.HAL_TIM_OC_DelayElapsedCallback)
    HAL_TIM_PWM_PulseFinishedCallback        0x08002b89   Thumb Code     2  stm32f1xx_hal_tim.o(i.HAL_TIM_PWM_PulseFinishedCallback)
    HAL_TIM_PeriodElapsedCallback            0x08002b8d   Thumb Code   162  main.o(i.HAL_TIM_PeriodElapsedCallback)
    HAL_TIM_TriggerCallback                  0x08002c51   Thumb Code     2  stm32f1xx_hal_tim.o(i.HAL_TIM_TriggerCallback)
    HAL_UARTEx_RxEventCallback               0x08002c53   Thumb Code     2  stm32f1xx_hal_uart.o(i.HAL_UARTEx_RxEventCallback)
    HAL_UART_ErrorCallback                   0x08002c55   Thumb Code     2  stm32f1xx_hal_uart.o(i.HAL_UART_ErrorCallback)
    HAL_UART_IRQHandler                      0x08002c59   Thumb Code   520  stm32f1xx_hal_uart.o(i.HAL_UART_IRQHandler)
    HAL_UART_Init                            0x08002e65   Thumb Code    98  stm32f1xx_hal_uart.o(i.HAL_UART_Init)
    HAL_UART_MspInit                         0x08002ec9   Thumb Code   116  usart.o(i.HAL_UART_MspInit)
    HAL_UART_Receive_IT                      0x08002f49   Thumb Code    42  stm32f1xx_hal_uart.o(i.HAL_UART_Receive_IT)
    HAL_UART_RxCpltCallback                  0x08002f75   Thumb Code    68  main.o(i.HAL_UART_RxCpltCallback)
    HAL_UART_Transmit                        0x08002fc9   Thumb Code   178  stm32f1xx_hal_uart.o(i.HAL_UART_Transmit)
    HAL_UART_TxCpltCallback                  0x0800307b   Thumb Code     2  stm32f1xx_hal_uart.o(i.HAL_UART_TxCpltCallback)
    HardFault_Handler                        0x0800307d   Thumb Code     2  stm32f1xx_it.o(i.HardFault_Handler)
    MPU6050_Get_Data                         0x0800344d   Thumb Code    78  main.o(i.MPU6050_Get_Data)
    MPU_Init                                 0x080034a5   Thumb Code   126  mpu6050.o(i.MPU_Init)
    MPU_Read_Byte                            0x08003529   Thumb Code    40  mpu6050.o(i.MPU_Read_Byte)
    MPU_Read_Len                             0x08003555   Thumb Code    28  mpu6050.o(i.MPU_Read_Len)
    MPU_Set_Accel_Fsr                        0x08003575   Thumb Code    10  mpu6050.o(i.MPU_Set_Accel_Fsr)
    MPU_Set_Gyro_Fsr                         0x0800357f   Thumb Code    10  mpu6050.o(i.MPU_Set_Gyro_Fsr)
    MPU_Set_LPF                              0x08003589   Thumb Code    48  mpu6050.o(i.MPU_Set_LPF)
    MPU_Set_Rate                             0x080035b9   Thumb Code    46  mpu6050.o(i.MPU_Set_Rate)
    MPU_Write_Byte                           0x080035e9   Thumb Code    34  mpu6050.o(i.MPU_Write_Byte)
    MPU_Write_Len                            0x08003611   Thumb Code    28  mpu6050.o(i.MPU_Write_Len)
    MX_ADC1_Init                             0x08003631   Thumb Code   134  adc.o(i.MX_ADC1_Init)
    MX_ADC2_Init                             0x080036c1   Thumb Code    74  adc.o(i.MX_ADC2_Init)
    MX_CAN_Init                              0x08003715   Thumb Code    60  can.o(i.MX_CAN_Init)
    MX_DMA_Init                              0x08003759   Thumb Code    40  dma.o(i.MX_DMA_Init)
    MX_GPIO_Init                             0x08003785   Thumb Code   102  gpio.o(i.MX_GPIO_Init)
    MX_I2C2_Init                             0x080037f5   Thumb Code    50  i2c.o(i.MX_I2C2_Init)
    MX_TIM1_Init                             0x08003835   Thumb Code   102  tim.o(i.MX_TIM1_Init)
    MX_TIM2_Init                             0x080038a5   Thumb Code   102  tim.o(i.MX_TIM2_Init)
    MX_USART1_UART_Init                      0x08003911   Thumb Code    54  usart.o(i.MX_USART1_UART_Init)
    MemManage_Handler                        0x08003955   Thumb Code     2  stm32f1xx_it.o(i.MemManage_Handler)
    NMI_Handler                              0x08003957   Thumb Code     2  stm32f1xx_it.o(i.NMI_Handler)
    PendSV_Handler                           0x08003959   Thumb Code     2  stm32f1xx_it.o(i.PendSV_Handler)
    SVC_Handler                              0x0800395b   Thumb Code     2  stm32f1xx_it.o(i.SVC_Handler)
    SysTick_Handler                          0x0800395d   Thumb Code     4  stm32f1xx_it.o(i.SysTick_Handler)
    SystemClock_Config                       0x08003961   Thumb Code   120  main.o(i.SystemClock_Config)
    SystemInit                               0x080039d9   Thumb Code     2  system_stm32f1xx.o(i.SystemInit)
    TIM1_UP_IRQHandler                       0x080039dd   Thumb Code     6  stm32f1xx_it.o(i.TIM1_UP_IRQHandler)
    TIM2_IRQHandler                          0x080039e9   Thumb Code     6  stm32f1xx_it.o(i.TIM2_IRQHandler)
    TIM_Base_SetConfig                       0x080039f5   Thumb Code    94  stm32f1xx_hal_tim.o(i.TIM_Base_SetConfig)
    TIM_ETR_SetConfig                        0x08003a61   Thumb Code    20  stm32f1xx_hal_tim.o(i.TIM_ETR_SetConfig)
    UART_Start_Receive_IT                    0x08003c79   Thumb Code    54  stm32f1xx_hal_uart.o(i.UART_Start_Receive_IT)
    USART1_IRQHandler                        0x08003d15   Thumb Code     6  stm32f1xx_it.o(i.USART1_IRQHandler)
    USB_LP_CAN1_RX0_IRQHandler               0x08003d21   Thumb Code     6  stm32f1xx_it.o(i.USB_LP_CAN1_RX0_IRQHandler)
    Upload_Battery                           0x08003d2d   Thumb Code   130  main.o(i.Upload_Battery)
    Upload_Data                              0x08003db5   Thumb Code   136  main.o(i.Upload_Data)
    Upload_Order                             0x08003e41   Thumb Code    80  main.o(i.Upload_Order)
    UsageFault_Handler                       0x08003e95   Thumb Code     2  stm32f1xx_it.o(i.UsageFault_Handler)
    __ARM_fpclassify                         0x08003e97   Thumb Code    40  fpclassify.o(i.__ARM_fpclassify)
    __kernel_poly                            0x08003edf   Thumb Code   170  poly.o(i.__kernel_poly)
    __mathlib_dbl_infnan                     0x08003f89   Thumb Code     6  dunder.o(i.__mathlib_dbl_infnan)
    __mathlib_dbl_infnan2                    0x08003f8f   Thumb Code     4  dunder.o(i.__mathlib_dbl_infnan2)
    __mathlib_dbl_invalid                    0x08003f93   Thumb Code    12  dunder.o(i.__mathlib_dbl_invalid)
    __mathlib_dbl_underflow                  0x08003fa1   Thumb Code    10  dunder.o(i.__mathlib_dbl_underflow)
    asin                                     0x08003fb1   Thumb Code   572  asin.o(i.asin)
    ask_IPC_Link                             0x08004221   Thumb Code    74  main.o(i.ask_IPC_Link)
    ask_Slavers                              0x08004271   Thumb Code    74  main.o(i.ask_Slavers)
    atan                                     0x080042c1   Thumb Code   474  atan.o(i.atan)
    atan2                                    0x080044e1   Thumb Code   374  atan2.o(i.atan2)
    delay_us                                 0x0800467d   Thumb Code    22  main.o(i.delay_us)
    dmp_enable_6x_lp_quat                    0x08004699   Thumb Code    58  inv_mpu_dmp_motion_driver.o(i.dmp_enable_6x_lp_quat)
    dmp_enable_feature                       0x080046d5   Thumb Code   464  inv_mpu_dmp_motion_driver.o(i.dmp_enable_feature)
    dmp_enable_gyro_cal                      0x080048ad   Thumb Code    34  inv_mpu_dmp_motion_driver.o(i.dmp_enable_gyro_cal)
    dmp_enable_lp_quat                       0x080048e9   Thumb Code    58  inv_mpu_dmp_motion_driver.o(i.dmp_enable_lp_quat)
    dmp_load_motion_driver_firmware          0x08004925   Thumb Code    16  inv_mpu_dmp_motion_driver.o(i.dmp_load_motion_driver_firmware)
    dmp_read_fifo                            0x08004939   Thumb Code   352  inv_mpu_dmp_motion_driver.o(i.dmp_read_fifo)
    dmp_set_fifo_rate                        0x08004a9d   Thumb Code    82  inv_mpu_dmp_motion_driver.o(i.dmp_set_fifo_rate)
    dmp_set_orientation                      0x08004b01   Thumb Code   246  inv_mpu_dmp_motion_driver.o(i.dmp_set_orientation)
    dmp_set_shake_reject_thresh              0x08004c0d   Thumb Code    48  inv_mpu_dmp_motion_driver.o(i.dmp_set_shake_reject_thresh)
    dmp_set_shake_reject_time                0x08004c3d   Thumb Code    32  inv_mpu_dmp_motion_driver.o(i.dmp_set_shake_reject_time)
    dmp_set_shake_reject_timeout             0x08004c5d   Thumb Code    32  inv_mpu_dmp_motion_driver.o(i.dmp_set_shake_reject_timeout)
    dmp_set_tap_axes                         0x08004c7d   Thumb Code    64  inv_mpu_dmp_motion_driver.o(i.dmp_set_tap_axes)
    dmp_set_tap_count                        0x08004cbd   Thumb Code    34  inv_mpu_dmp_motion_driver.o(i.dmp_set_tap_count)
    dmp_set_tap_thresh                       0x08004ce1   Thumb Code   274  inv_mpu_dmp_motion_driver.o(i.dmp_set_tap_thresh)
    dmp_set_tap_time                         0x08004e09   Thumb Code    32  inv_mpu_dmp_motion_driver.o(i.dmp_set_tap_time)
    dmp_set_tap_time_multi                   0x08004e29   Thumb Code    32  inv_mpu_dmp_motion_driver.o(i.dmp_set_tap_time_multi)
    inv_orientation_matrix_to_scalar         0x08004e49   Thumb Code    34  inv_mpu.o(i.inv_orientation_matrix_to_scalar)
    inv_row_2_scale                          0x08004e6b   Thumb Code    72  inv_mpu.o(i.inv_row_2_scale)
    main                                     0x08004eb5   Thumb Code   410  main.o(i.main)
    mget_ms                                  0x08005065   Thumb Code     2  inv_mpu.o(i.mget_ms)
    mpu_configure_fifo                       0x08005069   Thumb Code    78  inv_mpu.o(i.mpu_configure_fifo)
    mpu_dmp_get_data                         0x080050bd   Thumb Code   408  inv_mpu.o(i.mpu_dmp_get_data)
    mpu_dmp_init                             0x08005259   Thumb Code   150  inv_mpu.o(i.mpu_dmp_init)
    mpu_get_accel_fsr                        0x080052f9   Thumb Code    54  inv_mpu.o(i.mpu_get_accel_fsr)
    mpu_init                                 0x08005335   Thumb Code   272  inv_mpu.o(i.mpu_init)
    mpu_load_firmware                        0x08005449   Thumb Code   148  inv_mpu.o(i.mpu_load_firmware)
    mpu_lp_accel_mode                        0x080054e1   Thumb Code   170  inv_mpu.o(i.mpu_lp_accel_mode)
    mpu_read_fifo_stream                     0x08005591   Thumb Code   130  inv_mpu.o(i.mpu_read_fifo_stream)
    mpu_read_mem                             0x08005619   Thumb Code    74  inv_mpu.o(i.mpu_read_mem)
    mpu_reset_fifo                           0x08005669   Thumb Code   296  inv_mpu.o(i.mpu_reset_fifo)
    mpu_set_accel_fsr                        0x08005795   Thumb Code    94  inv_mpu.o(i.mpu_set_accel_fsr)
    mpu_set_bypass                           0x080057f9   Thumb Code   196  inv_mpu.o(i.mpu_set_bypass)
    mpu_set_dmp_state                        0x080058c1   Thumb Code   106  inv_mpu.o(i.mpu_set_dmp_state)
    mpu_set_gyro_fsr                         0x08005931   Thumb Code   100  inv_mpu.o(i.mpu_set_gyro_fsr)
    mpu_set_int_latched                      0x08005999   Thumb Code    90  inv_mpu.o(i.mpu_set_int_latched)
    mpu_set_lpf                              0x080059f9   Thumb Code    98  inv_mpu.o(i.mpu_set_lpf)
    mpu_set_sample_rate                      0x08005a61   Thumb Code   120  inv_mpu.o(i.mpu_set_sample_rate)
    mpu_set_sensors                          0x08005add   Thumb Code   170  inv_mpu.o(i.mpu_set_sensors)
    mpu_write_mem                            0x08005b8d   Thumb Code    74  inv_mpu.o(i.mpu_write_mem)
    sqrt                                     0x08005c31   Thumb Code    76  sqrt.o(i.sqrt)
    __aeabi_d2f                              0x08005c7d   Thumb Code     0  d2f.o(x$fpl$d2f)
    _d2f                                     0x08005c7d   Thumb Code    98  d2f.o(x$fpl$d2f)
    __aeabi_dadd                             0x08005ce1   Thumb Code     0  daddsub_clz.o(x$fpl$dadd)
    _dadd                                    0x08005ce1   Thumb Code   332  daddsub_clz.o(x$fpl$dadd)
    __fpl_dcheck_NaN1                        0x08005e31   Thumb Code    10  dcheck1.o(x$fpl$dcheck1)
    __fpl_dcmp_Inf                           0x08005e41   Thumb Code    24  dcmpi.o(x$fpl$dcmpinf)
    __aeabi_ddiv                             0x08005e59   Thumb Code     0  ddiv.o(x$fpl$ddiv)
    _ddiv                                    0x08005e59   Thumb Code   552  ddiv.o(x$fpl$ddiv)
    __aeabi_cdcmpeq                          0x08006109   Thumb Code     0  deqf.o(x$fpl$deqf)
    _dcmpeq                                  0x08006109   Thumb Code   120  deqf.o(x$fpl$deqf)
    __aeabi_d2uiz                            0x08006181   Thumb Code     0  dfixu.o(x$fpl$dfixu)
    _dfixu                                   0x08006181   Thumb Code    90  dfixu.o(x$fpl$dfixu)
    __aeabi_ui2d                             0x080061db   Thumb Code     0  dflt_clz.o(x$fpl$dfltu)
    _dfltu                                   0x080061db   Thumb Code    38  dflt_clz.o(x$fpl$dfltu)
    __aeabi_dmul                             0x08006201   Thumb Code     0  dmul.o(x$fpl$dmul)
    _dmul                                    0x08006201   Thumb Code   332  dmul.o(x$fpl$dmul)
    __fpl_dnaninf                            0x08006355   Thumb Code   156  dnaninf.o(x$fpl$dnaninf)
    __fpl_dretinf                            0x080063f1   Thumb Code    12  dretinf.o(x$fpl$dretinf)
    __aeabi_drsub                            0x080063fd   Thumb Code     0  daddsub_clz.o(x$fpl$drsb)
    _drsb                                    0x080063fd   Thumb Code    22  daddsub_clz.o(x$fpl$drsb)
    _dsqrt                                   0x08006415   Thumb Code   456  dsqrt_noumaal.o(x$fpl$dsqrt)
    __aeabi_dsub                             0x080065e1   Thumb Code     0  daddsub_clz.o(x$fpl$dsub)
    _dsub                                    0x080065e1   Thumb Code   464  daddsub_clz.o(x$fpl$dsub)
    __aeabi_f2d                              0x080067b5   Thumb Code     0  f2d.o(x$fpl$f2d)
    _f2d                                     0x080067b5   Thumb Code    86  f2d.o(x$fpl$f2d)
    __aeabi_fadd                             0x0800680d   Thumb Code     0  faddsub_clz.o(x$fpl$fadd)
    _fadd                                    0x0800680d   Thumb Code   196  faddsub_clz.o(x$fpl$fadd)
    __fpl_fcheck_NaN1                        0x080068d1   Thumb Code     6  fcheck1.o(x$fpl$fcheck1)
    __aeabi_fdiv                             0x080068dd   Thumb Code     0  fdiv.o(x$fpl$fdiv)
    _fdiv                                    0x080068dd   Thumb Code   384  fdiv.o(x$fpl$fdiv)
    __aeabi_f2iz                             0x08006a61   Thumb Code     0  ffix.o(x$fpl$ffix)
    _ffix                                    0x08006a61   Thumb Code    54  ffix.o(x$fpl$ffix)
    __aeabi_f2uiz                            0x08006a99   Thumb Code     0  ffixu.o(x$fpl$ffixu)
    _ffixu                                   0x08006a99   Thumb Code    62  ffixu.o(x$fpl$ffixu)
    __aeabi_i2f                              0x08006ad9   Thumb Code     0  fflt_clz.o(x$fpl$fflt)
    _fflt                                    0x08006ad9   Thumb Code    48  fflt_clz.o(x$fpl$fflt)
    __aeabi_ui2f                             0x08006b09   Thumb Code     0  fflt_clz.o(x$fpl$ffltu)
    _ffltu                                   0x08006b09   Thumb Code    38  fflt_clz.o(x$fpl$ffltu)
    __aeabi_fmul                             0x08006b31   Thumb Code     0  fmul.o(x$fpl$fmul)
    _fmul                                    0x08006b31   Thumb Code   258  fmul.o(x$fpl$fmul)
    __fpl_fnaninf                            0x08006c33   Thumb Code   140  fnaninf.o(x$fpl$fnaninf)
    __fpl_fretinf                            0x08006cbf   Thumb Code    10  fretinf.o(x$fpl$fretinf)
    __aeabi_fsub                             0x08006cc9   Thumb Code     0  faddsub_clz.o(x$fpl$fsub)
    _fsub                                    0x08006cc9   Thumb Code   234  faddsub_clz.o(x$fpl$fsub)
    __fpl_return_NaN                         0x08006db3   Thumb Code   100  retnan.o(x$fpl$retnan)
    __ARM_scalbn                             0x08006e17   Thumb Code    92  scalbn.o(x$fpl$scalbn)
    __ARM_scalbnf                            0x08006e73   Thumb Code    76  scalbnf.o(x$fpl$scalbnf)
    __fpl_cmpreturn                          0x08006ebf   Thumb Code    48  trapv.o(x$fpl$trapveneer)
    __I$use$fp                               0x08006eee   Number         0  usenofp.o(x$fpl$usenofp)
    reg                                      0x08006eee   Data          27  inv_mpu.o(.constdata)
    hw                                       0x08006f0a   Data          12  inv_mpu.o(.constdata)
    test                                     0x08006f18   Data          40  inv_mpu.o(.constdata)
    AHBPrescTable                            0x08007b36   Data          16  system_stm32f1xx.o(.constdata)
    APBPrescTable                            0x08007b46   Data           8  system_stm32f1xx.o(.constdata)
    __mathlib_zero                           0x08007c38   Data           8  qnan.o(.constdata)
    Region$$Table$$Base                      0x08007c40   Number         0  anon$$obj.o(Region$$Table)
    Region$$Table$$Limit                     0x08007c60   Number         0  anon$$obj.o(Region$$Table)
    linkOK                                   0x20000038   Data           1  main.o(.data)
    Modes                                    0x20000039   Data           1  main.o(.data)
    up_bat_ones                              0x2000003a   Data           1  main.o(.data)
    toe_slave                                0x2000003b   Data           1  main.o(.data)
    knee_slave                               0x2000003c   Data           1  main.o(.data)
    hip_slave                                0x2000003d   Data           1  main.o(.data)
    slavers_mode                             0x2000003e   Data           1  main.o(.data)
    order_or_data                            0x2000003f   Data           1  main.o(.data)
    imu_collect_over                         0x20000040   Data           1  main.o(.data)
    receive_data_over                        0x20000041   Data           1  main.o(.data)
    times_bat                                0x20000042   Data           1  main.o(.data)
    times_up_bat                             0x20000043   Data           1  main.o(.data)
    times_req                                0x20000044   Data           1  main.o(.data)
    Battery                                  0x20000046   Data           2  main.o(.data)
    uart_buf_bat                             0x20000048   Data           2  main.o(.data)
    Voltage                                  0x2000004a   Data           2  main.o(.data)
    Row_list                                 0x2000004c   Data           4  main.o(.data)
    pitch                                    0x20000050   Data           4  main.o(.data)
    roll                                     0x20000054   Data           4  main.o(.data)
    yaw                                      0x20000058   Data           4  main.o(.data)
    OrderBuffer                              0x2000005c   Data           8  main.o(.data)
    ADC_ConvertedValue                       0x20000064   Data           8  main.o(.data)
    Row_A                                    0x2000006c   Data          12  main.o(.data)
    Row_B                                    0x20000078   Data          12  main.o(.data)
    Row_C                                    0x20000084   Data          12  main.o(.data)
    Row_D                                    0x20000090   Data          12  main.o(.data)
    canOrderBuffer                           0x2000009c   Data           9  main.o(.data)
    RxBuffer                                 0x200000a5   Data           8  usart.o(.data)
    uwTickFreq                               0x200000b0   Data           1  stm32f1xx_hal.o(.data)
    uwTickPrio                               0x200000b4   Data           4  stm32f1xx_hal.o(.data)
    uwTick                                   0x200000b8   Data           4  stm32f1xx_hal.o(.data)
    SystemCoreClock                          0x200000bc   Data           4  system_stm32f1xx.o(.data)
    uart_buf_imu                             0x200000d0   Data          24  main.o(.bss)
    VoltageS                                 0x200000e8   Data          96  main.o(.bss)
    uart_buf_v                               0x20000148   Data          96  main.o(.bss)
    uart_send_buf                            0x200001dc   Data         130  main.o(.bss)
    hadc1                                    0x20000260   Data          48  adc.o(.bss)
    hadc2                                    0x20000290   Data          48  adc.o(.bss)
    hdma_adc1                                0x200002c0   Data          68  adc.o(.bss)
    hcan                                     0x20000304   Data          40  can.o(.bss)
    hi2c2                                    0x2000032c   Data          84  i2c.o(.bss)
    htim1                                    0x20000380   Data          72  tim.o(.bss)
    htim2                                    0x200003c8   Data          72  tim.o(.bss)
    huart1                                   0x20000410   Data          68  usart.o(.bss)
    __libspace_start                         0x20000454   Data          96  libspace.o(.bss)
    __temporary_stack_top$libspace           0x200004b4   Data           0  libspace.o(.bss)



==============================================================================

Memory Map of the image

  Image Entry point : 0x080000ed

  Load Region LR_IROM1 (Base: 0x08000000, Size: 0x00007d20, Max: 0x00010000, ABSOLUTE)

    Execution Region ER_IROM1 (Exec base: 0x08000000, Load base: 0x08000000, Size: 0x00007c60, Max: 0x00010000, ABSOLUTE)

    Exec Addr    Load Addr    Size         Type   Attr      Idx    E Section Name        Object

    0x08000000   0x08000000   0x000000ec   Data   RO            3    RESET               startup_stm32f103xb.o
    0x080000ec   0x080000ec   0x00000008   Code   RO         4637  * !!!main             c_w.l(__main.o)
    0x080000f4   0x080000f4   0x00000034   Code   RO         4953    !!!scatter          c_w.l(__scatter.o)
    0x08000128   0x08000128   0x0000001a   Code   RO         4955    !!handler_copy      c_w.l(__scatter_copy.o)
    0x08000142   0x08000142   0x00000002   PAD
    0x08000144   0x08000144   0x0000001c   Code   RO         4957    !!handler_zi        c_w.l(__scatter_zi.o)
    0x08000160   0x08000160   0x00000002   Code   RO         4818    .ARM.Collect$$libinit$$00000000  c_w.l(libinit.o)
    0x08000162   0x08000162   0x00000000   Code   RO         4828    .ARM.Collect$$libinit$$00000002  c_w.l(libinit2.o)
    0x08000162   0x08000162   0x00000000   Code   RO         4830    .ARM.Collect$$libinit$$00000004  c_w.l(libinit2.o)
    0x08000162   0x08000162   0x00000000   Code   RO         4833    .ARM.Collect$$libinit$$0000000A  c_w.l(libinit2.o)
    0x08000162   0x08000162   0x00000000   Code   RO         4835    .ARM.Collect$$libinit$$0000000C  c_w.l(libinit2.o)
    0x08000162   0x08000162   0x00000000   Code   RO         4837    .ARM.Collect$$libinit$$0000000E  c_w.l(libinit2.o)
    0x08000162   0x08000162   0x00000000   Code   RO         4840    .ARM.Collect$$libinit$$00000011  c_w.l(libinit2.o)
    0x08000162   0x08000162   0x00000000   Code   RO         4842    .ARM.Collect$$libinit$$00000013  c_w.l(libinit2.o)
    0x08000162   0x08000162   0x00000000   Code   RO         4844    .ARM.Collect$$libinit$$00000015  c_w.l(libinit2.o)
    0x08000162   0x08000162   0x00000000   Code   RO         4846    .ARM.Collect$$libinit$$00000017  c_w.l(libinit2.o)
    0x08000162   0x08000162   0x00000000   Code   RO         4848    .ARM.Collect$$libinit$$00000019  c_w.l(libinit2.o)
    0x08000162   0x08000162   0x00000000   Code   RO         4850    .ARM.Collect$$libinit$$0000001B  c_w.l(libinit2.o)
    0x08000162   0x08000162   0x00000000   Code   RO         4852    .ARM.Collect$$libinit$$0000001D  c_w.l(libinit2.o)
    0x08000162   0x08000162   0x00000000   Code   RO         4854    .ARM.Collect$$libinit$$0000001F  c_w.l(libinit2.o)
    0x08000162   0x08000162   0x00000000   Code   RO         4856    .ARM.Collect$$libinit$$00000021  c_w.l(libinit2.o)
    0x08000162   0x08000162   0x00000000   Code   RO         4858    .ARM.Collect$$libinit$$00000023  c_w.l(libinit2.o)
    0x08000162   0x08000162   0x00000000   Code   RO         4860    .ARM.Collect$$libinit$$00000025  c_w.l(libinit2.o)
    0x08000162   0x08000162   0x00000000   Code   RO         4864    .ARM.Collect$$libinit$$0000002C  c_w.l(libinit2.o)
    0x08000162   0x08000162   0x00000000   Code   RO         4866    .ARM.Collect$$libinit$$0000002E  c_w.l(libinit2.o)
    0x08000162   0x08000162   0x00000000   Code   RO         4868    .ARM.Collect$$libinit$$00000030  c_w.l(libinit2.o)
    0x08000162   0x08000162   0x00000000   Code   RO         4870    .ARM.Collect$$libinit$$00000032  c_w.l(libinit2.o)
    0x08000162   0x08000162   0x00000002   Code   RO         4871    .ARM.Collect$$libinit$$00000033  c_w.l(libinit2.o)
    0x08000164   0x08000164   0x00000002   Code   RO         4901    .ARM.Collect$$libshutdown$$00000000  c_w.l(libshutdown.o)
    0x08000166   0x08000166   0x00000000   Code   RO         4918    .ARM.Collect$$libshutdown$$00000002  c_w.l(libshutdown2.o)
    0x08000166   0x08000166   0x00000000   Code   RO         4920    .ARM.Collect$$libshutdown$$00000004  c_w.l(libshutdown2.o)
    0x08000166   0x08000166   0x00000000   Code   RO         4922    .ARM.Collect$$libshutdown$$00000006  c_w.l(libshutdown2.o)
    0x08000166   0x08000166   0x00000000   Code   RO         4925    .ARM.Collect$$libshutdown$$00000009  c_w.l(libshutdown2.o)
    0x08000166   0x08000166   0x00000000   Code   RO         4928    .ARM.Collect$$libshutdown$$0000000C  c_w.l(libshutdown2.o)
    0x08000166   0x08000166   0x00000000   Code   RO         4930    .ARM.Collect$$libshutdown$$0000000E  c_w.l(libshutdown2.o)
    0x08000166   0x08000166   0x00000000   Code   RO         4933    .ARM.Collect$$libshutdown$$00000011  c_w.l(libshutdown2.o)
    0x08000166   0x08000166   0x00000002   Code   RO         4934    .ARM.Collect$$libshutdown$$00000012  c_w.l(libshutdown2.o)
    0x08000168   0x08000168   0x00000000   Code   RO         4713    .ARM.Collect$$rtentry$$00000000  c_w.l(__rtentry.o)
    0x08000168   0x08000168   0x00000000   Code   RO         4773    .ARM.Collect$$rtentry$$00000002  c_w.l(__rtentry2.o)
    0x08000168   0x08000168   0x00000006   Code   RO         4785    .ARM.Collect$$rtentry$$00000004  c_w.l(__rtentry4.o)
    0x0800016e   0x0800016e   0x00000000   Code   RO         4775    .ARM.Collect$$rtentry$$00000009  c_w.l(__rtentry2.o)
    0x0800016e   0x0800016e   0x00000004   Code   RO         4776    .ARM.Collect$$rtentry$$0000000A  c_w.l(__rtentry2.o)
    0x08000172   0x08000172   0x00000000   Code   RO         4778    .ARM.Collect$$rtentry$$0000000C  c_w.l(__rtentry2.o)
    0x08000172   0x08000172   0x00000008   Code   RO         4779    .ARM.Collect$$rtentry$$0000000D  c_w.l(__rtentry2.o)
    0x0800017a   0x0800017a   0x00000002   Code   RO         4821    .ARM.Collect$$rtexit$$00000000  c_w.l(rtexit.o)
    0x0800017c   0x0800017c   0x00000000   Code   RO         4873    .ARM.Collect$$rtexit$$00000002  c_w.l(rtexit2.o)
    0x0800017c   0x0800017c   0x00000004   Code   RO         4874    .ARM.Collect$$rtexit$$00000003  c_w.l(rtexit2.o)
    0x08000180   0x08000180   0x00000006   Code   RO         4875    .ARM.Collect$$rtexit$$00000004  c_w.l(rtexit2.o)
    0x08000186   0x08000186   0x00000002   PAD
    0x08000188   0x08000188   0x00000040   Code   RO            4    .text               startup_stm32f103xb.o
    0x080001c8   0x080001c8   0x00000058   Code   RO         4629    .text               c_w.l(memcmp.o)
    0x08000220   0x08000220   0x00000010   Code   RO         4631    .text               c_w.l(aeabi_memset.o)
    0x08000230   0x08000230   0x0000004e   Code   RO         4633    .text               c_w.l(rt_memclr_w.o)
    0x0800027e   0x0800027e   0x00000006   Code   RO         4635    .text               c_w.l(heapauxi.o)
    0x08000284   0x08000284   0x00000016   Code   RO         4716    .text               c_w.l(_rserrno.o)
    0x0800029a   0x0800029a   0x00000044   Code   RO         4718    .text               c_w.l(rt_memclr.o)
    0x080002de   0x080002de   0x00000002   PAD
    0x080002e0   0x080002e0   0x00000008   Code   RO         4794    .text               c_w.l(rt_errno_addr_intlibspace.o)
    0x080002e8   0x080002e8   0x00000008   Code   RO         4804    .text               c_w.l(libspace.o)
    0x080002f0   0x080002f0   0x0000004a   Code   RO         4807    .text               c_w.l(sys_stackheap_outer.o)
    0x0800033a   0x0800033a   0x00000012   Code   RO         4811    .text               c_w.l(exit.o)
    0x0800034c   0x0800034c   0x0000000c   Code   RO         4889    .text               c_w.l(sys_exit.o)
    0x08000358   0x08000358   0x00000002   Code   RO         4906    .text               c_w.l(use_no_semi.o)
    0x0800035a   0x0800035a   0x00000000   Code   RO         4908    .text               c_w.l(indicate_semi.o)
    0x0800035a   0x0800035a   0x00000002   PAD
    0x0800035c   0x0800035c   0x00000056   Code   RO         1341    i.ADC_ConversionStop_Disable  stm32f1xx_hal_adc.o
    0x080003b2   0x080003b2   0x0000004e   Code   RO         1342    i.ADC_DMAConvCplt   stm32f1xx_hal_adc.o
    0x08000400   0x08000400   0x0000001a   Code   RO         1343    i.ADC_DMAError      stm32f1xx_hal_adc.o
    0x0800041a   0x0800041a   0x0000000a   Code   RO         1344    i.ADC_DMAHalfConvCplt  stm32f1xx_hal_adc.o
    0x08000424   0x08000424   0x0000007c   Code   RO         1345    i.ADC_Enable        stm32f1xx_hal_adc.o
    0x080004a0   0x080004a0   0x00000002   Code   RO         1175    i.BusFault_Handler  stm32f1xx_it.o
    0x080004a2   0x080004a2   0x00000002   PAD
    0x080004a4   0x080004a4   0x00000038   Code   RO          756    i.CAN_Send          main.o
    0x080004dc   0x080004dc   0x0000000c   Code   RO         1176    i.DMA1_Channel1_IRQHandler  stm32f1xx_it.o
    0x080004e8   0x080004e8   0x0000002a   Code   RO         1995    i.DMA_SetConfig     stm32f1xx_hal_dma.o
    0x08000512   0x08000512   0x00000002   Code   RO         1177    i.DebugMon_Handler  stm32f1xx_it.o
    0x08000514   0x08000514   0x00000004   Code   RO          757    i.Error_Handler     main.o
    0x08000518   0x08000518   0x00000074   Code   RO          758    i.Get_Battery       main.o
    0x0800058c   0x0800058c   0x000000f0   Code   RO          759    i.Get_DMA_ADC1      main.o
    0x0800067c   0x0800067c   0x000000d8   Code   RO         1521    i.HAL_ADCEx_Calibration_Start  stm32f1xx_hal_adc_ex.o
    0x08000754   0x08000754   0x000000fc   Code   RO         1347    i.HAL_ADC_ConfigChannel  stm32f1xx_hal_adc.o
    0x08000850   0x08000850   0x00000002   Code   RO         1348    i.HAL_ADC_ConvCpltCallback  stm32f1xx_hal_adc.o
    0x08000852   0x08000852   0x00000002   Code   RO         1349    i.HAL_ADC_ConvHalfCpltCallback  stm32f1xx_hal_adc.o
    0x08000854   0x08000854   0x00000002   Code   RO         1351    i.HAL_ADC_ErrorCallback  stm32f1xx_hal_adc.o
    0x08000856   0x08000856   0x00000004   Code   RO         1353    i.HAL_ADC_GetState  stm32f1xx_hal_adc.o
    0x0800085a   0x0800085a   0x00000006   Code   RO         1354    i.HAL_ADC_GetValue  stm32f1xx_hal_adc.o
    0x08000860   0x08000860   0x0000011c   Code   RO         1356    i.HAL_ADC_Init      stm32f1xx_hal_adc.o
    0x0800097c   0x0800097c   0x000000d0   Code   RO          929    i.HAL_ADC_MspInit   adc.o
    0x08000a4c   0x08000a4c   0x0000013c   Code   RO         1360    i.HAL_ADC_PollForConversion  stm32f1xx_hal_adc.o
    0x08000b88   0x08000b88   0x000000c0   Code   RO         1362    i.HAL_ADC_Start     stm32f1xx_hal_adc.o
    0x08000c48   0x08000c48   0x0000010c   Code   RO         1363    i.HAL_ADC_Start_DMA  stm32f1xx_hal_adc.o
    0x08000d54   0x08000d54   0x00000024   Code   RO         2593    i.HAL_CAN_ActivateNotification  stm32f1xx_hal_can.o
    0x08000d78   0x08000d78   0x000000dc   Code   RO         2594    i.HAL_CAN_AddTxMessage  stm32f1xx_hal_can.o
    0x08000e54   0x08000e54   0x000000ee   Code   RO         2595    i.HAL_CAN_ConfigFilter  stm32f1xx_hal_can.o
    0x08000f42   0x08000f42   0x00000002   Code   RO         2598    i.HAL_CAN_ErrorCallback  stm32f1xx_hal_can.o
    0x08000f44   0x08000f44   0x000000e8   Code   RO         2601    i.HAL_CAN_GetRxMessage  stm32f1xx_hal_can.o
    0x0800102c   0x0800102c   0x000001fc   Code   RO         2605    i.HAL_CAN_IRQHandler  stm32f1xx_hal_can.o
    0x08001228   0x08001228   0x0000011a   Code   RO         2606    i.HAL_CAN_Init      stm32f1xx_hal_can.o
    0x08001342   0x08001342   0x00000002   PAD
    0x08001344   0x08001344   0x0000007c   Code   RO          977    i.HAL_CAN_MspInit   can.o
    0x080013c0   0x080013c0   0x00000002   Code   RO         2613    i.HAL_CAN_RxFifo0FullCallback  stm32f1xx_hal_can.o
    0x080013c2   0x080013c2   0x00000002   PAD
    0x080013c4   0x080013c4   0x000000d4   Code   RO          760    i.HAL_CAN_RxFifo0MsgPendingCallback  main.o
    0x08001498   0x08001498   0x00000002   Code   RO         2615    i.HAL_CAN_RxFifo1FullCallback  stm32f1xx_hal_can.o
    0x0800149a   0x0800149a   0x00000002   Code   RO         2616    i.HAL_CAN_RxFifo1MsgPendingCallback  stm32f1xx_hal_can.o
    0x0800149c   0x0800149c   0x00000002   Code   RO         2617    i.HAL_CAN_SleepCallback  stm32f1xx_hal_can.o
    0x0800149e   0x0800149e   0x00000002   PAD
    0x080014a0   0x080014a0   0x00000058   Code   RO         2618    i.HAL_CAN_Start     stm32f1xx_hal_can.o
    0x080014f8   0x080014f8   0x00000002   Code   RO         2620    i.HAL_CAN_TxMailbox0AbortCallback  stm32f1xx_hal_can.o
    0x080014fa   0x080014fa   0x00000002   Code   RO         2621    i.HAL_CAN_TxMailbox0CompleteCallback  stm32f1xx_hal_can.o
    0x080014fc   0x080014fc   0x00000002   Code   RO         2622    i.HAL_CAN_TxMailbox1AbortCallback  stm32f1xx_hal_can.o
    0x080014fe   0x080014fe   0x00000002   Code   RO         2623    i.HAL_CAN_TxMailbox1CompleteCallback  stm32f1xx_hal_can.o
    0x08001500   0x08001500   0x00000002   Code   RO         2624    i.HAL_CAN_TxMailbox2AbortCallback  stm32f1xx_hal_can.o
    0x08001502   0x08001502   0x00000002   Code   RO         2625    i.HAL_CAN_TxMailbox2CompleteCallback  stm32f1xx_hal_can.o
    0x08001504   0x08001504   0x00000002   Code   RO         2627    i.HAL_CAN_WakeUpFromRxMsgCallback  stm32f1xx_hal_can.o
    0x08001506   0x08001506   0x00000046   Code   RO         1996    i.HAL_DMA_Abort     stm32f1xx_hal_dma.o
    0x0800154c   0x0800154c   0x00000098   Code   RO         1997    i.HAL_DMA_Abort_IT  stm32f1xx_hal_dma.o
    0x080015e4   0x080015e4   0x00000154   Code   RO         2001    i.HAL_DMA_IRQHandler  stm32f1xx_hal_dma.o
    0x08001738   0x08001738   0x0000005c   Code   RO         2002    i.HAL_DMA_Init      stm32f1xx_hal_dma.o
    0x08001794   0x08001794   0x00000070   Code   RO         2006    i.HAL_DMA_Start_IT  stm32f1xx_hal_dma.o
    0x08001804   0x08001804   0x00000024   Code   RO         1624    i.HAL_Delay         stm32f1xx_hal.o
    0x08001828   0x08001828   0x000001e0   Code   RO         1932    i.HAL_GPIO_Init     stm32f1xx_hal_gpio.o
    0x08001a08   0x08001a08   0x0000000a   Code   RO         1936    i.HAL_GPIO_WritePin  stm32f1xx_hal_gpio.o
    0x08001a12   0x08001a12   0x00000002   PAD
    0x08001a14   0x08001a14   0x0000000c   Code   RO         1628    i.HAL_GetTick       stm32f1xx_hal.o
    0x08001a20   0x08001a20   0x00000188   Code   RO         2837    i.HAL_I2C_Init      stm32f1xx_hal_i2c.o
    0x08001ba8   0x08001ba8   0x00000250   Code   RO         2855    i.HAL_I2C_Mem_Read  stm32f1xx_hal_i2c.o
    0x08001df8   0x08001df8   0x00000130   Code   RO         2858    i.HAL_I2C_Mem_Write  stm32f1xx_hal_i2c.o
    0x08001f28   0x08001f28   0x00000060   Code   RO         1043    i.HAL_I2C_MspInit   i2c.o
    0x08001f88   0x08001f88   0x00000010   Code   RO         1634    i.HAL_IncTick       stm32f1xx_hal.o
    0x08001f98   0x08001f98   0x00000024   Code   RO         1635    i.HAL_Init          stm32f1xx_hal.o
    0x08001fbc   0x08001fbc   0x00000040   Code   RO         1636    i.HAL_InitTick      stm32f1xx_hal.o
    0x08001ffc   0x08001ffc   0x0000003c   Code   RO         1281    i.HAL_MspInit       stm32f1xx_hal_msp.o
    0x08002038   0x08002038   0x0000001a   Code   RO         2092    i.HAL_NVIC_EnableIRQ  stm32f1xx_hal_cortex.o
    0x08002052   0x08002052   0x00000002   PAD
    0x08002054   0x08002054   0x00000040   Code   RO         2098    i.HAL_NVIC_SetPriority  stm32f1xx_hal_cortex.o
    0x08002094   0x08002094   0x00000024   Code   RO         2099    i.HAL_NVIC_SetPriorityGrouping  stm32f1xx_hal_cortex.o
    0x080020b8   0x080020b8   0x000000c8   Code   RO         1894    i.HAL_RCCEx_GetPeriphCLKFreq  stm32f1xx_hal_rcc_ex.o
    0x08002180   0x08002180   0x000000ec   Code   RO         1895    i.HAL_RCCEx_PeriphCLKConfig  stm32f1xx_hal_rcc_ex.o
    0x0800226c   0x0800226c   0x0000012c   Code   RO         1792    i.HAL_RCC_ClockConfig  stm32f1xx_hal_rcc.o
    0x08002398   0x08002398   0x0000000c   Code   RO         1797    i.HAL_RCC_GetHCLKFreq  stm32f1xx_hal_rcc.o
    0x080023a4   0x080023a4   0x00000020   Code   RO         1799    i.HAL_RCC_GetPCLK1Freq  stm32f1xx_hal_rcc.o
    0x080023c4   0x080023c4   0x00000020   Code   RO         1800    i.HAL_RCC_GetPCLK2Freq  stm32f1xx_hal_rcc.o
    0x080023e4   0x080023e4   0x0000006c   Code   RO         1801    i.HAL_RCC_GetSysClockFreq  stm32f1xx_hal_rcc.o
    0x08002450   0x08002450   0x00000320   Code   RO         1804    i.HAL_RCC_OscConfig  stm32f1xx_hal_rcc.o
    0x08002770   0x08002770   0x00000028   Code   RO         2103    i.HAL_SYSTICK_Config  stm32f1xx_hal_cortex.o
    0x08002798   0x08002798   0x00000002   Code   RO         3964    i.HAL_TIMEx_BreakCallback  stm32f1xx_hal_tim_ex.o
    0x0800279a   0x0800279a   0x00000002   Code   RO         3965    i.HAL_TIMEx_CommutCallback  stm32f1xx_hal_tim_ex.o
    0x0800279c   0x0800279c   0x00000068   Code   RO         3983    i.HAL_TIMEx_MasterConfigSynchronization  stm32f1xx_hal_tim_ex.o
    0x08002804   0x08002804   0x0000005a   Code   RO         3260    i.HAL_TIM_Base_Init  stm32f1xx_hal_tim.o
    0x0800285e   0x0800285e   0x00000002   PAD
    0x08002860   0x08002860   0x00000060   Code   RO         1085    i.HAL_TIM_Base_MspInit  tim.o
    0x080028c0   0x080028c0   0x00000058   Code   RO         3265    i.HAL_TIM_Base_Start_IT  stm32f1xx_hal_tim.o
    0x08002918   0x08002918   0x00000030   Code   RO         3268    i.HAL_TIM_Base_Stop_IT  stm32f1xx_hal_tim.o
    0x08002948   0x08002948   0x000000d6   Code   RO         3269    i.HAL_TIM_ConfigClockSource  stm32f1xx_hal_tim.o
    0x08002a1e   0x08002a1e   0x00000002   Code   RO         3294    i.HAL_TIM_IC_CaptureCallback  stm32f1xx_hal_tim.o
    0x08002a20   0x08002a20   0x00000166   Code   RO         3308    i.HAL_TIM_IRQHandler  stm32f1xx_hal_tim.o
    0x08002b86   0x08002b86   0x00000002   Code   RO         3311    i.HAL_TIM_OC_DelayElapsedCallback  stm32f1xx_hal_tim.o
    0x08002b88   0x08002b88   0x00000002   Code   RO         3338    i.HAL_TIM_PWM_PulseFinishedCallback  stm32f1xx_hal_tim.o
    0x08002b8a   0x08002b8a   0x00000002   PAD
    0x08002b8c   0x08002b8c   0x000000c4   Code   RO          761    i.HAL_TIM_PeriodElapsedCallback  main.o
    0x08002c50   0x08002c50   0x00000002   Code   RO         3351    i.HAL_TIM_TriggerCallback  stm32f1xx_hal_tim.o
    0x08002c52   0x08002c52   0x00000002   Code   RO         4242    i.HAL_UARTEx_RxEventCallback  stm32f1xx_hal_uart.o
    0x08002c54   0x08002c54   0x00000002   Code   RO         4256    i.HAL_UART_ErrorCallback  stm32f1xx_hal_uart.o
    0x08002c56   0x08002c56   0x00000002   PAD
    0x08002c58   0x08002c58   0x0000020c   Code   RO         4259    i.HAL_UART_IRQHandler  stm32f1xx_hal_uart.o
    0x08002e64   0x08002e64   0x00000062   Code   RO         4260    i.HAL_UART_Init     stm32f1xx_hal_uart.o
    0x08002ec6   0x08002ec6   0x00000002   PAD
    0x08002ec8   0x08002ec8   0x00000080   Code   RO         1133    i.HAL_UART_MspInit  usart.o
    0x08002f48   0x08002f48   0x0000002a   Code   RO         4265    i.HAL_UART_Receive_IT  stm32f1xx_hal_uart.o
    0x08002f72   0x08002f72   0x00000002   PAD
    0x08002f74   0x08002f74   0x00000054   Code   RO          762    i.HAL_UART_RxCpltCallback  main.o
    0x08002fc8   0x08002fc8   0x000000b2   Code   RO         4268    i.HAL_UART_Transmit  stm32f1xx_hal_uart.o
    0x0800307a   0x0800307a   0x00000002   Code   RO         4271    i.HAL_UART_TxCpltCallback  stm32f1xx_hal_uart.o
    0x0800307c   0x0800307c   0x00000002   Code   RO         1178    i.HardFault_Handler  stm32f1xx_it.o
    0x0800307e   0x0800307e   0x0000002e   Code   RO         2879    i.I2C_IsAcknowledgeFailed  stm32f1xx_hal_i2c.o
    0x080030ac   0x080030ac   0x000000fc   Code   RO         2889    i.I2C_RequestMemoryRead  stm32f1xx_hal_i2c.o
    0x080031a8   0x080031a8   0x000000a8   Code   RO         2890    i.I2C_RequestMemoryWrite  stm32f1xx_hal_i2c.o
    0x08003250   0x08003250   0x0000004c   Code   RO         2894    i.I2C_WaitOnBTFFlagUntilTimeout  stm32f1xx_hal_i2c.o
    0x0800329c   0x0800329c   0x00000068   Code   RO         2895    i.I2C_WaitOnFlagUntilTimeout  stm32f1xx_hal_i2c.o
    0x08003304   0x08003304   0x00000096   Code   RO         2896    i.I2C_WaitOnMasterAddressFlagUntilTimeout  stm32f1xx_hal_i2c.o
    0x0800339a   0x0800339a   0x00000066   Code   RO         2897    i.I2C_WaitOnRXNEFlagUntilTimeout  stm32f1xx_hal_i2c.o
    0x08003400   0x08003400   0x0000004c   Code   RO         2898    i.I2C_WaitOnTXEFlagUntilTimeout  stm32f1xx_hal_i2c.o
    0x0800344c   0x0800344c   0x00000058   Code   RO          763    i.MPU6050_Get_Data  main.o
    0x080034a4   0x080034a4   0x00000084   Code   RO          670    i.MPU_Init          mpu6050.o
    0x08003528   0x08003528   0x0000002c   Code   RO          671    i.MPU_Read_Byte     mpu6050.o
    0x08003554   0x08003554   0x00000020   Code   RO          672    i.MPU_Read_Len      mpu6050.o
    0x08003574   0x08003574   0x0000000a   Code   RO          673    i.MPU_Set_Accel_Fsr  mpu6050.o
    0x0800357e   0x0800357e   0x0000000a   Code   RO          674    i.MPU_Set_Gyro_Fsr  mpu6050.o
    0x08003588   0x08003588   0x00000030   Code   RO          675    i.MPU_Set_LPF       mpu6050.o
    0x080035b8   0x080035b8   0x0000002e   Code   RO          676    i.MPU_Set_Rate      mpu6050.o
    0x080035e6   0x080035e6   0x00000002   PAD
    0x080035e8   0x080035e8   0x00000028   Code   RO          677    i.MPU_Write_Byte    mpu6050.o
    0x08003610   0x08003610   0x00000020   Code   RO          678    i.MPU_Write_Len     mpu6050.o
    0x08003630   0x08003630   0x00000090   Code   RO          930    i.MX_ADC1_Init      adc.o
    0x080036c0   0x080036c0   0x00000054   Code   RO          931    i.MX_ADC2_Init      adc.o
    0x08003714   0x08003714   0x00000044   Code   RO          978    i.MX_CAN_Init       can.o
    0x08003758   0x08003758   0x0000002c   Code   RO         1018    i.MX_DMA_Init       dma.o
    0x08003784   0x08003784   0x00000070   Code   RO          904    i.MX_GPIO_Init      gpio.o
    0x080037f4   0x080037f4   0x00000040   Code   RO         1044    i.MX_I2C2_Init      i2c.o
    0x08003834   0x08003834   0x00000070   Code   RO         1086    i.MX_TIM1_Init      tim.o
    0x080038a4   0x080038a4   0x0000006c   Code   RO         1087    i.MX_TIM2_Init      tim.o
    0x08003910   0x08003910   0x00000044   Code   RO         1134    i.MX_USART1_UART_Init  usart.o
    0x08003954   0x08003954   0x00000002   Code   RO         1179    i.MemManage_Handler  stm32f1xx_it.o
    0x08003956   0x08003956   0x00000002   Code   RO         1180    i.NMI_Handler       stm32f1xx_it.o
    0x08003958   0x08003958   0x00000002   Code   RO         1181    i.PendSV_Handler    stm32f1xx_it.o
    0x0800395a   0x0800395a   0x00000002   Code   RO         1182    i.SVC_Handler       stm32f1xx_it.o
    0x0800395c   0x0800395c   0x00000004   Code   RO         1183    i.SysTick_Handler   stm32f1xx_it.o
    0x08003960   0x08003960   0x00000078   Code   RO          764    i.SystemClock_Config  main.o
    0x080039d8   0x080039d8   0x00000002   Code   RO         4589    i.SystemInit        system_stm32f1xx.o
    0x080039da   0x080039da   0x00000002   PAD
    0x080039dc   0x080039dc   0x0000000c   Code   RO         1184    i.TIM1_UP_IRQHandler  stm32f1xx_it.o
    0x080039e8   0x080039e8   0x0000000c   Code   RO         1185    i.TIM2_IRQHandler   stm32f1xx_it.o
    0x080039f4   0x080039f4   0x0000006c   Code   RO         3353    i.TIM_Base_SetConfig  stm32f1xx_hal_tim.o
    0x08003a60   0x08003a60   0x00000014   Code   RO         3364    i.TIM_ETR_SetConfig  stm32f1xx_hal_tim.o
    0x08003a74   0x08003a74   0x00000010   Code   RO         3365    i.TIM_ITRx_SetConfig  stm32f1xx_hal_tim.o
    0x08003a84   0x08003a84   0x00000022   Code   RO         3371    i.TIM_TI1_ConfigInputStage  stm32f1xx_hal_tim.o
    0x08003aa6   0x08003aa6   0x00000024   Code   RO         3373    i.TIM_TI2_ConfigInputStage  stm32f1xx_hal_tim.o
    0x08003aca   0x08003aca   0x00000010   Code   RO         4273    i.UART_DMAAbortOnError  stm32f1xx_hal_uart.o
    0x08003ada   0x08003ada   0x00000030   Code   RO         4283    i.UART_EndRxTransfer  stm32f1xx_hal_uart.o
    0x08003b0a   0x08003b0a   0x000000b6   Code   RO         4285    i.UART_Receive_IT   stm32f1xx_hal_uart.o
    0x08003bc0   0x08003bc0   0x000000b8   Code   RO         4286    i.UART_SetConfig    stm32f1xx_hal_uart.o
    0x08003c78   0x08003c78   0x00000036   Code   RO         4288    i.UART_Start_Receive_IT  stm32f1xx_hal_uart.o
    0x08003cae   0x08003cae   0x00000064   Code   RO         4289    i.UART_WaitOnFlagUntilTimeout  stm32f1xx_hal_uart.o
    0x08003d12   0x08003d12   0x00000002   PAD
    0x08003d14   0x08003d14   0x0000000c   Code   RO         1186    i.USART1_IRQHandler  stm32f1xx_it.o
    0x08003d20   0x08003d20   0x0000000c   Code   RO         1187    i.USB_LP_CAN1_RX0_IRQHandler  stm32f1xx_it.o
    0x08003d2c   0x08003d2c   0x00000088   Code   RO          765    i.Upload_Battery    main.o
    0x08003db4   0x08003db4   0x0000008c   Code   RO          766    i.Upload_Data       main.o
    0x08003e40   0x08003e40   0x00000054   Code   RO          767    i.Upload_Order      main.o
    0x08003e94   0x08003e94   0x00000002   Code   RO         1188    i.UsageFault_Handler  stm32f1xx_it.o
    0x08003e96   0x08003e96   0x00000028   Code   RO         4759    i.__ARM_fpclassify  m_ws.l(fpclassify.o)
    0x08003ebe   0x08003ebe   0x00000020   Code   RO         2105    i.__NVIC_SetPriority  stm32f1xx_hal_cortex.o
    0x08003ede   0x08003ede   0x000000aa   Code   RO         4761    i.__kernel_poly     m_ws.l(poly.o)
    0x08003f88   0x08003f88   0x00000006   Code   RO         4746    i.__mathlib_dbl_infnan  m_ws.l(dunder.o)
    0x08003f8e   0x08003f8e   0x00000004   Code   RO         4747    i.__mathlib_dbl_infnan2  m_ws.l(dunder.o)
    0x08003f92   0x08003f92   0x0000000c   Code   RO         4748    i.__mathlib_dbl_invalid  m_ws.l(dunder.o)
    0x08003f9e   0x08003f9e   0x00000002   PAD
    0x08003fa0   0x08003fa0   0x00000010   Code   RO         4751    i.__mathlib_dbl_underflow  m_ws.l(dunder.o)
    0x08003fb0   0x08003fb0   0x00000270   Code   RO         4696    i.asin              m_ws.l(asin.o)
    0x08004220   0x08004220   0x00000050   Code   RO          768    i.ask_IPC_Link      main.o
    0x08004270   0x08004270   0x00000050   Code   RO          769    i.ask_Slavers       main.o
    0x080042c0   0x080042c0   0x00000220   Code   RO         4736    i.atan              m_ws.l(atan.o)
    0x080044e0   0x080044e0   0x0000019c   Code   RO         4706    i.atan2             m_ws.l(atan2.o)
    0x0800467c   0x0800467c   0x0000001c   Code   RO          770    i.delay_us          main.o
    0x08004698   0x08004698   0x0000003a   Code   RO          461    i.dmp_enable_6x_lp_quat  inv_mpu_dmp_motion_driver.o
    0x080046d2   0x080046d2   0x00000002   PAD
    0x080046d4   0x080046d4   0x000001d8   Code   RO          462    i.dmp_enable_feature  inv_mpu_dmp_motion_driver.o
    0x080048ac   0x080048ac   0x0000003c   Code   RO          463    i.dmp_enable_gyro_cal  inv_mpu_dmp_motion_driver.o
    0x080048e8   0x080048e8   0x0000003a   Code   RO          464    i.dmp_enable_lp_quat  inv_mpu_dmp_motion_driver.o
    0x08004922   0x08004922   0x00000002   PAD
    0x08004924   0x08004924   0x00000014   Code   RO          469    i.dmp_load_motion_driver_firmware  inv_mpu_dmp_motion_driver.o
    0x08004938   0x08004938   0x00000164   Code   RO          470    i.dmp_read_fifo     inv_mpu_dmp_motion_driver.o
    0x08004a9c   0x08004a9c   0x00000064   Code   RO          474    i.dmp_set_fifo_rate  inv_mpu_dmp_motion_driver.o
    0x08004b00   0x08004b00   0x0000010c   Code   RO          477    i.dmp_set_orientation  inv_mpu_dmp_motion_driver.o
    0x08004c0c   0x08004c0c   0x00000030   Code   RO          480    i.dmp_set_shake_reject_thresh  inv_mpu_dmp_motion_driver.o
    0x08004c3c   0x08004c3c   0x00000020   Code   RO          481    i.dmp_set_shake_reject_time  inv_mpu_dmp_motion_driver.o
    0x08004c5c   0x08004c5c   0x00000020   Code   RO          482    i.dmp_set_shake_reject_timeout  inv_mpu_dmp_motion_driver.o
    0x08004c7c   0x08004c7c   0x00000040   Code   RO          483    i.dmp_set_tap_axes  inv_mpu_dmp_motion_driver.o
    0x08004cbc   0x08004cbc   0x00000022   Code   RO          484    i.dmp_set_tap_count  inv_mpu_dmp_motion_driver.o
    0x08004cde   0x08004cde   0x00000002   PAD
    0x08004ce0   0x08004ce0   0x00000128   Code   RO          485    i.dmp_set_tap_thresh  inv_mpu_dmp_motion_driver.o
    0x08004e08   0x08004e08   0x00000020   Code   RO          486    i.dmp_set_tap_time  inv_mpu_dmp_motion_driver.o
    0x08004e28   0x08004e28   0x00000020   Code   RO          487    i.dmp_set_tap_time_multi  inv_mpu_dmp_motion_driver.o
    0x08004e48   0x08004e48   0x00000022   Code   RO           17    i.inv_orientation_matrix_to_scalar  inv_mpu.o
    0x08004e6a   0x08004e6a   0x00000048   Code   RO           18    i.inv_row_2_scale   inv_mpu.o
    0x08004eb2   0x08004eb2   0x00000002   PAD
    0x08004eb4   0x08004eb4   0x000001b0   Code   RO          771    i.main              main.o
    0x08005064   0x08005064   0x00000002   Code   RO           19    i.mget_ms           inv_mpu.o
    0x08005066   0x08005066   0x00000002   PAD
    0x08005068   0x08005068   0x00000054   Code   RO           20    i.mpu_configure_fifo  inv_mpu.o
    0x080050bc   0x080050bc   0x0000019c   Code   RO           21    i.mpu_dmp_get_data  inv_mpu.o
    0x08005258   0x08005258   0x000000a0   Code   RO           22    i.mpu_dmp_init      inv_mpu.o
    0x080052f8   0x080052f8   0x0000003c   Code   RO           23    i.mpu_get_accel_fsr  inv_mpu.o
    0x08005334   0x08005334   0x00000114   Code   RO           39    i.mpu_init          inv_mpu.o
    0x08005448   0x08005448   0x00000098   Code   RO           40    i.mpu_load_firmware  inv_mpu.o
    0x080054e0   0x080054e0   0x000000b0   Code   RO           41    i.mpu_lp_accel_mode  inv_mpu.o
    0x08005590   0x08005590   0x00000088   Code   RO           44    i.mpu_read_fifo_stream  inv_mpu.o
    0x08005618   0x08005618   0x00000050   Code   RO           45    i.mpu_read_mem      inv_mpu.o
    0x08005668   0x08005668   0x0000012c   Code   RO           48    i.mpu_reset_fifo    inv_mpu.o
    0x08005794   0x08005794   0x00000064   Code   RO           51    i.mpu_set_accel_fsr  inv_mpu.o
    0x080057f8   0x080057f8   0x000000c8   Code   RO           52    i.mpu_set_bypass    inv_mpu.o
    0x080058c0   0x080058c0   0x00000070   Code   RO           54    i.mpu_set_dmp_state  inv_mpu.o
    0x08005930   0x08005930   0x00000068   Code   RO           55    i.mpu_set_gyro_fsr  inv_mpu.o
    0x08005998   0x08005998   0x00000060   Code   RO           56    i.mpu_set_int_latched  inv_mpu.o
    0x080059f8   0x080059f8   0x00000068   Code   RO           58    i.mpu_set_lpf       inv_mpu.o
    0x08005a60   0x08005a60   0x0000007c   Code   RO           59    i.mpu_set_sample_rate  inv_mpu.o
    0x08005adc   0x08005adc   0x000000b0   Code   RO           60    i.mpu_set_sensors   inv_mpu.o
    0x08005b8c   0x08005b8c   0x00000050   Code   RO           61    i.mpu_write_mem     inv_mpu.o
    0x08005bdc   0x08005bdc   0x00000054   Code   RO           63    i.set_int_enable    inv_mpu.o
    0x08005c30   0x08005c30   0x0000004c   Code   RO         4765    i.sqrt              m_ws.l(sqrt.o)
    0x08005c7c   0x08005c7c   0x00000062   Code   RO         4639    x$fpl$d2f           fz_ws.l(d2f.o)
    0x08005cde   0x08005cde   0x00000002   PAD
    0x08005ce0   0x08005ce0   0x00000150   Code   RO         4641    x$fpl$dadd          fz_ws.l(daddsub_clz.o)
    0x08005e30   0x08005e30   0x00000010   Code   RO         4720    x$fpl$dcheck1       fz_ws.l(dcheck1.o)
    0x08005e40   0x08005e40   0x00000018   Code   RO         4796    x$fpl$dcmpinf       fz_ws.l(dcmpi.o)
    0x08005e58   0x08005e58   0x000002b0   Code   RO         4648    x$fpl$ddiv          fz_ws.l(ddiv.o)
    0x08006108   0x08006108   0x00000078   Code   RO         4722    x$fpl$deqf          fz_ws.l(deqf.o)
    0x08006180   0x08006180   0x0000005a   Code   RO         4651    x$fpl$dfixu         fz_ws.l(dfixu.o)
    0x080061da   0x080061da   0x00000026   Code   RO         4655    x$fpl$dfltu         fz_ws.l(dflt_clz.o)
    0x08006200   0x08006200   0x00000154   Code   RO         4661    x$fpl$dmul          fz_ws.l(dmul.o)
    0x08006354   0x08006354   0x0000009c   Code   RO         4724    x$fpl$dnaninf       fz_ws.l(dnaninf.o)
    0x080063f0   0x080063f0   0x0000000c   Code   RO         4726    x$fpl$dretinf       fz_ws.l(dretinf.o)
    0x080063fc   0x080063fc   0x00000016   Code   RO         4642    x$fpl$drsb          fz_ws.l(daddsub_clz.o)
    0x08006412   0x08006412   0x00000002   PAD
    0x08006414   0x08006414   0x000001cc   Code   RO         4800    x$fpl$dsqrt         fz_ws.l(dsqrt_noumaal.o)
    0x080065e0   0x080065e0   0x000001d4   Code   RO         4643    x$fpl$dsub          fz_ws.l(daddsub_clz.o)
    0x080067b4   0x080067b4   0x00000056   Code   RO         4663    x$fpl$f2d           fz_ws.l(f2d.o)
    0x0800680a   0x0800680a   0x00000002   PAD
    0x0800680c   0x0800680c   0x000000c4   Code   RO         4665    x$fpl$fadd          fz_ws.l(faddsub_clz.o)
    0x080068d0   0x080068d0   0x0000000c   Code   RO         4728    x$fpl$fcheck1       fz_ws.l(fcheck1.o)
    0x080068dc   0x080068dc   0x00000184   Code   RO         4672    x$fpl$fdiv          fz_ws.l(fdiv.o)
    0x08006a60   0x08006a60   0x00000036   Code   RO         4675    x$fpl$ffix          fz_ws.l(ffix.o)
    0x08006a96   0x08006a96   0x00000002   PAD
    0x08006a98   0x08006a98   0x0000003e   Code   RO         4679    x$fpl$ffixu         fz_ws.l(ffixu.o)
    0x08006ad6   0x08006ad6   0x00000002   PAD
    0x08006ad8   0x08006ad8   0x00000030   Code   RO         4684    x$fpl$fflt          fz_ws.l(fflt_clz.o)
    0x08006b08   0x08006b08   0x00000026   Code   RO         4683    x$fpl$ffltu         fz_ws.l(fflt_clz.o)
    0x08006b2e   0x08006b2e   0x00000002   PAD
    0x08006b30   0x08006b30   0x00000102   Code   RO         4689    x$fpl$fmul          fz_ws.l(fmul.o)
    0x08006c32   0x08006c32   0x0000008c   Code   RO         4730    x$fpl$fnaninf       fz_ws.l(fnaninf.o)
    0x08006cbe   0x08006cbe   0x0000000a   Code   RO         4732    x$fpl$fretinf       fz_ws.l(fretinf.o)
    0x08006cc8   0x08006cc8   0x000000ea   Code   RO         4667    x$fpl$fsub          fz_ws.l(faddsub_clz.o)
    0x08006db2   0x08006db2   0x00000064   Code   RO         4802    x$fpl$retnan        fz_ws.l(retnan.o)
    0x08006e16   0x08006e16   0x0000005c   Code   RO         4691    x$fpl$scalbn        fz_ws.l(scalbn.o)
    0x08006e72   0x08006e72   0x0000004c   Code   RO         4693    x$fpl$scalbnf       fz_ws.l(scalbnf.o)
    0x08006ebe   0x08006ebe   0x00000030   Code   RO         4819    x$fpl$trapveneer    fz_ws.l(trapv.o)
    0x08006eee   0x08006eee   0x00000000   Code   RO         4734    x$fpl$usenofp       fz_ws.l(usenofp.o)
    0x08006eee   0x08006eee   0x0000001b   Data   RO           65    .constdata          inv_mpu.o
    0x08006f09   0x08006f09   0x00000001   PAD
    0x08006f0a   0x08006f0a   0x0000000c   Data   RO           66    .constdata          inv_mpu.o
    0x08006f16   0x08006f16   0x00000002   PAD
    0x08006f18   0x08006f18   0x00000028   Data   RO           67    .constdata          inv_mpu.o
    0x08006f40   0x08006f40   0x00000bf6   Data   RO          489    .constdata          inv_mpu_dmp_motion_driver.o
    0x08007b36   0x08007b36   0x00000010   Data   RO         4590    .constdata          system_stm32f1xx.o
    0x08007b46   0x08007b46   0x00000008   Data   RO         4591    .constdata          system_stm32f1xx.o
    0x08007b4e   0x08007b4e   0x00000002   PAD
    0x08007b50   0x08007b50   0x00000050   Data   RO         4697    .constdata          m_ws.l(asin.o)
    0x08007ba0   0x08007ba0   0x00000098   Data   RO         4737    .constdata          m_ws.l(atan.o)
    0x08007c38   0x08007c38   0x00000008   Data   RO         4763    .constdata          m_ws.l(qnan.o)
    0x08007c40   0x08007c40   0x00000020   Data   RO         4951    Region$$Table       anon$$obj.o


    Execution Region RW_IRAM1 (Exec base: 0x20000000, Load base: 0x08007c60, Size: 0x00000ab8, Max: 0x00005000, ABSOLUTE)

    Exec Addr    Load Addr    Size         Type   Attr      Idx    E Section Name        Object

    0x20000000   0x08007c60   0x00000035   Data   RW           68    .data               inv_mpu.o
    0x20000035   0x08007c95   0x00000003   PAD
    0x20000038   0x08007c98   0x0000006d   Data   RW          775    .data               main.o
    0x200000a5   0x08007d05   0x00000008   Data   RW         1136    .data               usart.o
    0x200000ad   0x08007d0d   0x00000003   PAD
    0x200000b0   0x08007d10   0x0000000c   Data   RW         1642    .data               stm32f1xx_hal.o
    0x200000bc   0x08007d1c   0x00000004   Data   RW         4592    .data               system_stm32f1xx.o
    0x200000c0        -       0x00000010   Zero   RW          488    .bss                inv_mpu_dmp_motion_driver.o
    0x200000d0        -       0x0000018e   Zero   RW          774    .bss                main.o
    0x2000025e   0x08007d20   0x00000002   PAD
    0x20000260        -       0x000000a4   Zero   RW          932    .bss                adc.o
    0x20000304        -       0x00000028   Zero   RW          979    .bss                can.o
    0x2000032c        -       0x00000054   Zero   RW         1045    .bss                i2c.o
    0x20000380        -       0x00000090   Zero   RW         1088    .bss                tim.o
    0x20000410        -       0x00000044   Zero   RW         1135    .bss                usart.o
    0x20000454        -       0x00000060   Zero   RW         4805    .bss                c_w.l(libspace.o)
    0x200004b4   0x08007d20   0x00000004   PAD
    0x200004b8        -       0x00000200   Zero   RW            2    HEAP                startup_stm32f103xb.o
    0x200006b8        -       0x00000400   Zero   RW            1    STACK               startup_stm32f103xb.o


==============================================================================

Image component sizes


      Code (inc. data)   RO Data    RW Data    ZI Data      Debug   Object Name

       436         50          0          0        164       2384   adc.o
       192         20          0          0         40       1579   can.o
        44          4          0          0          0        718   dma.o
       112         10          0          0          0        867   gpio.o
       160         28          0          0         84       1549   i2c.o
      3124        110         79         53          0     485300   inv_mpu.o
      1962        104       3062          0         16      17293   inv_mpu_dmp_motion_driver.o
      2096        186          0        109        398      11623   main.o
       394         24          0          0          0       5147   mpu6050.o
        64         26        236          0       1536        792   startup_stm32f103xb.o
       164         28          0         12          0       5741   stm32f1xx_hal.o
      1652         76          0          0          0      11212   stm32f1xx_hal_adc.o
       216          6          0          0          0       1386   stm32f1xx_hal_adc_ex.o
      1628          0          0          0          0      13243   stm32f1xx_hal_can.o
       198         14          0          0          0      28915   stm32f1xx_hal_cortex.o
       808         36          0          0          0       4846   stm32f1xx_hal_dma.o
       490         34          0          0          0       2832   stm32f1xx_hal_gpio.o
      2262         56          0          0          0      12518   stm32f1xx_hal_i2c.o
        60          8          0          0          0        830   stm32f1xx_hal_msp.o
      1284        106          0          0          0       5496   stm32f1xx_hal_rcc.o
       436         46          0          0          0       2469   stm32f1xx_hal_rcc_ex.o
      1020         26          0          0          0       9936   stm32f1xx_hal_tim.o
       108         12          0          0          0       2289   stm32f1xx_hal_tim_ex.o
      1432         10          0          0          0      10244   stm32f1xx_hal_uart.o
        80         30          0          0          0       5789   stm32f1xx_it.o
         2          0         24          4          0       1059   system_stm32f1xx.o
       316         26          0          0        144       2263   tim.o
       196         26          0          8         68       1639   usart.o

    ----------------------------------------------------------------------
     20974       1102       3438        192       2452     649959   Object Totals
         0          0         32          0          0          0   (incl. Generated)
        38          0          5          6          2          0   (incl. Padding)

    ----------------------------------------------------------------------

      Code (inc. data)   RO Data    RW Data    ZI Data      Debug   Library Member Name

         8          0          0          0          0         68   __main.o
         0          0          0          0          0          0   __rtentry.o
        12          0          0          0          0          0   __rtentry2.o
         6          0          0          0          0          0   __rtentry4.o
        52          8          0          0          0          0   __scatter.o
        26          0          0          0          0          0   __scatter_copy.o
        28          0          0          0          0          0   __scatter_zi.o
        22          0          0          0          0        100   _rserrno.o
        16          0          0          0          0         68   aeabi_memset.o
        18          0          0          0          0         80   exit.o
         6          0          0          0          0        152   heapauxi.o
         0          0          0          0          0          0   indicate_semi.o
         2          0          0          0          0          0   libinit.o
         2          0          0          0          0          0   libinit2.o
         2          0          0          0          0          0   libshutdown.o
         2          0          0          0          0          0   libshutdown2.o
         8          4          0          0         96         68   libspace.o
        88          0          0          0          0         76   memcmp.o
         8          4          0          0          0         68   rt_errno_addr_intlibspace.o
        68          0          0          0          0         68   rt_memclr.o
        78          0          0          0          0         80   rt_memclr_w.o
         2          0          0          0          0          0   rtexit.o
        10          0          0          0          0          0   rtexit2.o
        12          4          0          0          0         68   sys_exit.o
        74          0          0          0          0         80   sys_stackheap_outer.o
         2          0          0          0          0         68   use_no_semi.o
        98          4          0          0          0         92   d2f.o
       826         16          0          0          0        348   daddsub_clz.o
        16          4          0          0          0         68   dcheck1.o
        24          0          0          0          0         68   dcmpi.o
       688        140          0          0          0        208   ddiv.o
       120          4          0          0          0         92   deqf.o
        90          4          0          0          0         92   dfixu.o
        38          0          0          0          0         68   dflt_clz.o
       340         12          0          0          0        104   dmul.o
       156          4          0          0          0         92   dnaninf.o
        12          0          0          0          0         68   dretinf.o
       460         56          0          0          0        120   dsqrt_noumaal.o
        86          4          0          0          0         84   f2d.o
       430          8          0          0          0        168   faddsub_clz.o
        12          4          0          0          0         68   fcheck1.o
       388         76          0          0          0         96   fdiv.o
        54          4          0          0          0         84   ffix.o
        62          4          0          0          0         84   ffixu.o
        86          0          0          0          0        136   fflt_clz.o
       258          4          0          0          0         84   fmul.o
       140          4          0          0          0         84   fnaninf.o
        10          0          0          0          0         68   fretinf.o
       100          0          0          0          0         68   retnan.o
        92          0          0          0          0         68   scalbn.o
        76          0          0          0          0         68   scalbnf.o
        48          0          0          0          0         68   trapv.o
         0          0          0          0          0          0   usenofp.o
       624         52         80          0          0        168   asin.o
       544         70        152          0          0        124   atan.o
       412         38          0          0          0        144   atan2.o
        38          6          0          0          0        272   dunder.o
        40          0          0          0          0         68   fpclassify.o
       170          0          0          0          0         96   poly.o
         0          0          8          0          0          0   qnan.o
        76          0          0          0          0         84   sqrt.o

    ----------------------------------------------------------------------
      7188        538        240          0        100       4648   Library Totals
        22          0          0          0          4          0   (incl. Padding)

    ----------------------------------------------------------------------

      Code (inc. data)   RO Data    RW Data    ZI Data      Debug   Library Name

       552         20          0          0         96       1044   c_w.l
      4710        352          0          0          0       2648   fz_ws.l
      1904        166        240          0          0        956   m_ws.l

    ----------------------------------------------------------------------
      7188        538        240          0        100       4648   Library Totals

    ----------------------------------------------------------------------

==============================================================================


      Code (inc. data)   RO Data    RW Data    ZI Data      Debug   

     28162       1640       3678        192       2552     642175   Grand Totals
     28162       1640       3678        192       2552     642175   ELF Image Totals
     28162       1640       3678        192          0          0   ROM Totals

==============================================================================

    Total RO  Size (Code + RO Data)                31840 (  31.09kB)
    Total RW  Size (RW Data + ZI Data)              2744 (   2.68kB)
    Total ROM Size (Code + RO Data + RW Data)      32032 (  31.28kB)

==============================================================================

