Component: ARM Compiler 5.06 update 7 (build 960) Tool: armlink [4d3601]

==============================================================================

Section Cross References

    startup_stm32f042x6.o(STACK) refers (Special) to heapauxi.o(.text) for __use_two_region_memory
    startup_stm32f042x6.o(HEAP) refers (Special) to heapauxi.o(.text) for __use_two_region_memory
    startup_stm32f042x6.o(RESET) refers (Special) to heapauxi.o(.text) for __use_two_region_memory
    startup_stm32f042x6.o(RESET) refers to startup_stm32f042x6.o(STACK) for __initial_sp
    startup_stm32f042x6.o(RESET) refers to startup_stm32f042x6.o(.text) for Reset_Handler
    startup_stm32f042x6.o(RESET) refers to stm32f0xx_it.o(i.NMI_Handler) for NMI_Handler
    startup_stm32f042x6.o(RESET) refers to stm32f0xx_it.o(i.HardFault_Handler) for HardFault_Handler
    startup_stm32f042x6.o(RESET) refers to stm32f0xx_it.o(i.SVC_Handler) for SVC_Handler
    startup_stm32f042x6.o(RESET) refers to stm32f0xx_it.o(i.PendSV_Handler) for PendSV_Handler
    startup_stm32f042x6.o(RESET) refers to stm32f0xx_it.o(i.SysTick_Handler) for SysTick_Handler
    startup_stm32f042x6.o(RESET) refers to stm32f0xx_it.o(i.CEC_CAN_IRQHandler) for CEC_CAN_IRQHandler
    startup_stm32f042x6.o(.text) refers (Special) to heapauxi.o(.text) for __use_two_region_memory
    startup_stm32f042x6.o(.text) refers to startup_stm32f042x6.o(STACK) for __initial_sp
    startup_stm32f042x6.o(.text) refers to system_stm32f0xx.o(i.SystemInit) for SystemInit
    startup_stm32f042x6.o(.text) refers to __main.o(!!!main) for __main
    startup_stm32f042x6.o(.text) refers to startup_stm32f042x6.o(HEAP) for Heap_Mem
    inv_mpu.o(i.accel_self_test) refers to inv_mpu.o(i.get_accel_prod_shift) for get_accel_prod_shift
    inv_mpu.o(i.accel_self_test) refers to fflti.o(.text) for __aeabi_i2f
    inv_mpu.o(i.accel_self_test) refers to fscalbn.o(.text) for __ARM_scalbnf
    inv_mpu.o(i.accel_self_test) refers to fdiv.o(.text) for __aeabi_fdiv
    inv_mpu.o(i.accel_self_test) refers to faddsub.o(x$fpl$fsub) for __aeabi_fsub
    inv_mpu.o(i.get_accel_prod_shift) refers to mpu6050.o(i.MPU_Read_Len) for MPU_Read_Len
    inv_mpu.o(i.get_accel_prod_shift) refers to fmul.o(x$fpl$fmul) for __aeabi_fmul
    inv_mpu.o(i.get_st_biases) refers to mpu6050.o(i.MPU_Write_Len) for MPU_Write_Len
    inv_mpu.o(i.get_st_biases) refers to stm32f0xx_hal.o(i.HAL_Delay) for HAL_Delay
    inv_mpu.o(i.get_st_biases) refers to mpu6050.o(i.MPU_Read_Len) for MPU_Read_Len
    inv_mpu.o(i.get_st_biases) refers to aeabi_sdiv.o(.text) for __aeabi_uidivmod
    inv_mpu.o(i.get_st_biases) refers to llsdiv.o(.text) for __aeabi_ldivmod
    inv_mpu.o(i.get_st_biases) refers to inv_mpu.o(.data) for .data
    inv_mpu.o(i.gyro_self_test) refers to mpu6050.o(i.MPU_Read_Len) for MPU_Read_Len
    inv_mpu.o(i.gyro_self_test) refers to fflti.o(.text) for __aeabi_i2f
    inv_mpu.o(i.gyro_self_test) refers to fscalbn.o(.text) for __ARM_scalbnf
    inv_mpu.o(i.gyro_self_test) refers to fmul.o(x$fpl$fmul) for __aeabi_fmul
    inv_mpu.o(i.gyro_self_test) refers to fdiv.o(.text) for __aeabi_fdiv
    inv_mpu.o(i.gyro_self_test) refers to faddsub.o(x$fpl$fsub) for __aeabi_fsub
    inv_mpu.o(i.inv_orientation_matrix_to_scalar) refers to inv_mpu.o(i.inv_row_2_scale) for inv_row_2_scale
    inv_mpu.o(i.mpu_configure_fifo) refers to inv_mpu.o(i.set_int_enable) for set_int_enable
    inv_mpu.o(i.mpu_configure_fifo) refers to inv_mpu.o(i.mpu_reset_fifo) for mpu_reset_fifo
    inv_mpu.o(i.mpu_configure_fifo) refers to inv_mpu.o(.data) for .data
    inv_mpu.o(i.mpu_dmp_get_data) refers to inv_mpu_dmp_motion_driver.o(i.dmp_read_fifo) for dmp_read_fifo
    inv_mpu.o(i.mpu_dmp_get_data) refers to fflti.o(.text) for __aeabi_i2f
    inv_mpu.o(i.mpu_dmp_get_data) refers to fscalbn.o(.text) for __ARM_scalbnf
    inv_mpu.o(i.mpu_dmp_get_data) refers to fmul.o(x$fpl$fmul) for __aeabi_fmul
    inv_mpu.o(i.mpu_dmp_get_data) refers to faddsub.o(x$fpl$fadd) for __aeabi_fadd
    inv_mpu.o(i.mpu_dmp_get_data) refers to f2d.o(.text) for __aeabi_f2d
    inv_mpu.o(i.mpu_dmp_get_data) refers to asin.o(i.asin) for asin
    inv_mpu.o(i.mpu_dmp_get_data) refers to dmul.o(.text) for __aeabi_dmul
    inv_mpu.o(i.mpu_dmp_get_data) refers to d2f.o(.text) for __aeabi_d2f
    inv_mpu.o(i.mpu_dmp_get_data) refers to faddsub.o(x$fpl$fsub) for __aeabi_fsub
    inv_mpu.o(i.mpu_dmp_get_data) refers to atan2.o(i.atan2) for atan2
    inv_mpu.o(i.mpu_dmp_init) refers to stm32f0xx_hal_i2c.o(i.HAL_I2C_Init) for HAL_I2C_Init
    inv_mpu.o(i.mpu_dmp_init) refers to inv_mpu.o(i.mpu_init) for mpu_init
    inv_mpu.o(i.mpu_dmp_init) refers to inv_mpu.o(i.mpu_set_sensors) for mpu_set_sensors
    inv_mpu.o(i.mpu_dmp_init) refers to inv_mpu.o(i.mpu_configure_fifo) for mpu_configure_fifo
    inv_mpu.o(i.mpu_dmp_init) refers to inv_mpu.o(i.mpu_set_sample_rate) for mpu_set_sample_rate
[...]
    .ARM.Collect$$libinit$$00000032          0x0800013e   Section        0  libinit2.o(.ARM.Collect$$libinit$$00000032)
    .ARM.Collect$$libinit$$00000033          0x0800013e   Section        2  libinit2.o(.ARM.Collect$$libinit$$00000033)
    .ARM.Collect$$libshutdown$$00000000      0x08000140   Section        2  libshutdown.o(.ARM.Collect$$libshutdown$$00000000)
    .ARM.Collect$$libshutdown$$00000002      0x08000142   Section        0  libshutdown2.o(.ARM.Collect$$libshutdown$$00000002)
    .ARM.Collect$$libshutdown$$00000004      0x08000142   Section        0  libshutdown2.o(.ARM.Collect$$libshutdown$$00000004)
    .ARM.Collect$$libshutdown$$00000006      0x08000142   Section        0  libshutdown2.o(.ARM.Collect$$libshutdown$$00000006)
    .ARM.Collect$$libshutdown$$00000009      0x08000142   Section        0  libshutdown2.o(.ARM.Collect$$libshutdown$$00000009)
    .ARM.Collect$$libshutdown$$0000000C      0x08000142   Section        0  libshutdown2.o(.ARM.Collect$$libshutdown$$0000000C)
    .ARM.Collect$$libshutdown$$0000000E      0x08000142   Section        0  libshutdown2.o(.ARM.Collect$$libshutdown$$0000000E)
    .ARM.Collect$$libshutdown$$00000011      0x08000142   Section        0  libshutdown2.o(.ARM.Collect$$libshutdown$$00000011)
    .ARM.Collect$$libshutdown$$00000012      0x08000142   Section        2  libshutdown2.o(.ARM.Collect$$libshutdown$$00000012)
    .ARM.Collect$$rtentry$$00000000          0x08000144   Section        0  __rtentry.o(.ARM.Collect$$rtentry$$00000000)
    .ARM.Collect$$rtentry$$00000002          0x08000144   Section        0  __rtentry2.o(.ARM.Collect$$rtentry$$00000002)
    .ARM.Collect$$rtentry$$00000004          0x08000144   Section        6  __rtentry4.o(.ARM.Collect$$rtentry$$00000004)
    .ARM.Collect$$rtentry$$00000009          0x0800014a   Section        0  __rtentry2.o(.ARM.Collect$$rtentry$$00000009)
    .ARM.Collect$$rtentry$$0000000A          0x0800014a   Section        4  __rtentry2.o(.ARM.Collect$$rtentry$$0000000A)
    .ARM.Collect$$rtentry$$0000000C          0x0800014e   Section        0  __rtentry2.o(.ARM.Collect$$rtentry$$0000000C)
    .ARM.Collect$$rtentry$$0000000D          0x0800014e   Section        8  __rtentry2.o(.ARM.Collect$$rtentry$$0000000D)
    .ARM.Collect$$rtexit$$00000000           0x08000156   Section        2  rtexit.o(.ARM.Collect$$rtexit$$00000000)
    .ARM.Collect$$rtexit$$00000002           0x08000158   Section        0  rtexit2.o(.ARM.Collect$$rtexit$$00000002)
    .ARM.Collect$$rtexit$$00000003           0x08000158   Section        4  rtexit2.o(.ARM.Collect$$rtexit$$00000003)
    .ARM.Collect$$rtexit$$00000004           0x0800015c   Section        6  rtexit2.o(.ARM.Collect$$rtexit$$00000004)
    .text                                    0x08000164   Section      116  startup_stm32f042x6.o(.text)
    .text                                    0x080001d8   Section        0  lludiv.o(.text)
    .text                                    0x080002da   Section        0  memcmp.o(.text)
    .text                                    0x08000334   Section        0  aeabi_memset.o(.text)
    .text                                    0x08000346   Section        0  rt_memclr.o(.text)
    .text                                    0x08000386   Section      346  aeabi_sdiv.o(.text)
    .text                                    0x080004e0   Section        0  heapauxi.o(.text)
    .text                                    0x080004e8   Section        0  d2f.o(.text)
    .text                                    0x08000564   Section        0  daddsub.o(.text)
    _dadd1                                   0x08000565   Thumb Code   290  daddsub.o(.text)
    _dsub1                                   0x08000687   Thumb Code   470  daddsub.o(.text)
    .text                                    0x080008bc   Section        0  ddiv.o(.text)
    .text                                    0x08000d04   Section        0  dmul.o(.text)
    .text                                    0x08000f4c   Section        0  f2d.o(.text)
    .text                                    0x08000fa0   Section        0  fdiv.o(.text)
    .text                                    0x08001100   Section        0  ffixi.o(.text)
    .text                                    0x0800114c   Section        0  ffixui.o(.text)
    .text                                    0x0800117c   Section        0  fflti.o(.text)
    .text                                    0x080011dc   Section        0  fscalbn.o(.text)
    .text                                    0x08001220   Section        0  _rserrno.o(.text)
    .text                                    0x08001238   Section        0  dscalbn.o(.text)
    .text                                    0x08001298   Section        8  rt_errno_addr_intlibspace.o(.text)
    .text                                    0x080012a0   Section        0  dcmpin.o(.text)
    .text                                    0x08001330   Section        0  dsqrt.o(.text)
    .text                                    0x08001430   Section        8  libspace.o(.text)
    .text                                    0x08001438   Section       62  sys_stackheap_outer.o(.text)
    .text                                    0x08001476   Section        0  exit.o(.text)
    .text                                    0x08001486   Section        0  cmpret.o(.text)
    .text                                    0x080014b4   Section        0  dnan2.o(.text)
    .text                                    0x080014c8   Section        0  retnan.o(.text)
    .text                                    0x08001528   Section        0  sys_exit.o(.text)
    .text                                    0x08001534   Section        2  use_no_semi.o(.text)
    .text                                    0x08001536   Section        0  indicate_semi.o(.text)
    i.CAN_Send_Data                          0x08001538   Section        0  main.o(i.CAN_Send_Data)
    i.CAN_Send_Order                         0x08001568   Section        0  main.o(i.CAN_Send_Order)
    i.CEC_CAN_IRQHandler                     0x080015a0   Section        0  stm32f0xx_it.o(i.CEC_CAN_IRQHandler)
    i.Error_Handler                          0x080015b0   Section        0  main.o(i.Error_Handler)
    i.HAL_CAN_ActivateNotification           0x080015b4   Section        0  stm32f0xx_hal_can.o(i.HAL_CAN_ActivateNotification)
    i.HAL_CAN_AddTxMessage                   0x080015da   Section        0  stm32f0xx_hal_can.o(i.HAL_CAN_AddTxMessage)
    i.HAL_CAN_ConfigFilter                   0x080016b4   Section        0  stm32f0xx_hal_can.o(i.HAL_CAN_ConfigFilter)
    i.HAL_CAN_ErrorCallback                  0x080017a0   Section        0  stm32f0xx_hal_can.o(i.HAL_CAN_ErrorCallback)
    i.HAL_CAN_GetRxMessage                   0x080017a2   Section        0  stm32f0xx_hal_can.o(i.HAL_CAN_GetRxMessage)
    i.HAL_CAN_IRQHandler                     0x08001886   Section        0  stm32f0xx_hal_can.o(i.HAL_CAN_IRQHandler)
    i.HAL_CAN_Init                           0x08001a7a   Section        0  stm32f0xx_hal_can.o(i.HAL_CAN_Init)
    i.HAL_CAN_MspInit                        0x08001b8c   Section        0  can.o(i.HAL_CAN_MspInit)
    i.HAL_CAN_RxFifo0FullCallback            0x08001c00   Section        0  stm32f0xx_hal_can.o(i.HAL_CAN_RxFifo0FullCallback)
    i.HAL_CAN_RxFifo0MsgPendingCallback      0x08001c04   Section        0  main.o(i.HAL_CAN_RxFifo0MsgPendingCallback)
    i.HAL_CAN_RxFifo1FullCallback            0x08001c54   Section        0  stm32f0xx_hal_can.o(i.HAL_CAN_RxFifo1FullCallback)
    i.HAL_CAN_RxFifo1MsgPendingCallback      0x08001c56   Section        0  stm32f0xx_hal_can.o(i.HAL_CAN_RxFifo1MsgPendingCallback)
    i.HAL_CAN_SleepCallback                  0x08001c58   Section        0  stm32f0xx_hal_can.o(i.HAL_CAN_SleepCallback)
    i.HAL_CAN_Start                          0x08001c5a   Section        0  stm32f0xx_hal_can.o(i.HAL_CAN_Start)
    i.HAL_CAN_TxMailbox0AbortCallback        0x08001cb2   Section        0  stm32f0xx_hal_can.o(i.HAL_CAN_TxMailbox0AbortCallback)
    i.HAL_CAN_TxMailbox0CompleteCallback     0x08001cb4   Section        0  stm32f0xx_hal_can.o(i.HAL_CAN_TxMailbox0CompleteCallback)
    i.HAL_CAN_TxMailbox1AbortCallback        0x08001cb6   Section        0  stm32f0xx_hal_can.o(i.HAL_CAN_TxMailbox1AbortCallback)
    i.HAL_CAN_TxMailbox1CompleteCallback     0x08001cb8   Section        0  stm32f0xx_hal_can.o(i.HAL_CAN_TxMailbox1CompleteCallback)
    i.HAL_CAN_TxMailbox2AbortCallback        0x08001cba   Section        0  stm32f0xx_hal_can.o(i.HAL_CAN_TxMailbox2AbortCallback)
    i.HAL_CAN_TxMailbox2CompleteCallback     0x08001cbc   Section        0  stm32f0xx_hal_can.o(i.HAL_CAN_TxMailbox2CompleteCallback)
    i.HAL_CAN_WakeUpFromRxMsgCallback        0x08001cbe   Section        0  stm32f0xx_hal_can.o(i.HAL_CAN_WakeUpFromRxMsgCallback)
    i.HAL_Delay                              0x08001cc0   Section        0  stm32f0xx_hal.o(i.HAL_Delay)
    i.HAL_GPIO_Init                          0x08001ce4   Section        0  stm32f0xx_hal_gpio.o(i.HAL_GPIO_Init)
    i.HAL_GetTick                            0x08001e7c   Section        0  stm32f0xx_hal.o(i.HAL_GetTick)
    i.HAL_I2CEx_ConfigAnalogFilter           0x08001e88   Section        0  stm32f0xx_hal_i2c_ex.o(i.HAL_I2CEx_ConfigAnalogFilter)
    i.HAL_I2CEx_ConfigDigitalFilter          0x08001ed2   Section        0  stm32f0xx_hal_i2c_ex.o(i.HAL_I2CEx_ConfigDigitalFilter)
    i.HAL_I2C_Init                           0x08001f1c   Section        0  stm32f0xx_hal_i2c.o(i.HAL_I2C_Init)
    i.HAL_I2C_Mem_Read                       0x08001fd0   Section        0  stm32f0xx_hal_i2c.o(i.HAL_I2C_Mem_Read)
    i.HAL_I2C_Mem_Write                      0x08002124   Section        0  stm32f0xx_hal_i2c.o(i.HAL_I2C_Mem_Write)
    i.HAL_I2C_MspInit                        0x08002270   Section        0  i2c.o(i.HAL_I2C_MspInit)
    i.HAL_IncTick                            0x080022d4   Section        0  stm32f0xx_hal.o(i.HAL_IncTick)
    i.HAL_Init                               0x080022e4   Section        0  stm32f0xx_hal.o(i.HAL_Init)
    i.HAL_InitTick                           0x08002304   Section        0  stm32f0xx_hal.o(i.HAL_InitTick)
    i.HAL_MspInit                            0x08002348   Section        0  stm32f0xx_hal_msp.o(i.HAL_MspInit)
    i.HAL_NVIC_EnableIRQ                     0x08002370   Section        0  stm32f0xx_hal_cortex.o(i.HAL_NVIC_EnableIRQ)
    i.HAL_NVIC_SetPriority                   0x08002388   Section        0  stm32f0xx_hal_cortex.o(i.HAL_NVIC_SetPriority)
    i.HAL_RCCEx_PeriphCLKConfig              0x08002390   Section        0  stm32f0xx_hal_rcc_ex.o(i.HAL_RCCEx_PeriphCLKConfig)
    i.HAL_RCC_ClockConfig                    0x0800249c   Section        0  stm32f0xx_hal_rcc.o(i.HAL_RCC_ClockConfig)
    i.HAL_RCC_GetSysClockFreq                0x080025b0   Section        0  stm32f0xx_hal_rcc.o(i.HAL_RCC_GetSysClockFreq)
    i.HAL_RCC_OscConfig                      0x08002644   Section        0  stm32f0xx_hal_rcc.o(i.HAL_RCC_OscConfig)
    i.HAL_SYSTICK_Config                     0x08002a48   Section        0  stm32f0xx_hal_cortex.o(i.HAL_SYSTICK_Config)
    i.HardFault_Handler                      0x08002a78   Section        0  stm32f0xx_it.o(i.HardFault_Handler)
    i.I2C_Flush_TXDR                         0x08002a7a   Section        0  stm32f0xx_hal_i2c.o(i.I2C_Flush_TXDR)
    I2C_Flush_TXDR                           0x08002a7b   Thumb Code    34  stm32f0xx_hal_i2c.o(i.I2C_Flush_TXDR)
    i.I2C_IsAcknowledgeFailed                0x08002a9c   Section        0  stm32f0xx_hal_i2c.o(i.I2C_IsAcknowledgeFailed)
    I2C_IsAcknowledgeFailed                  0x08002a9d   Thumb Code   130  stm32f0xx_hal_i2c.o(i.I2C_IsAcknowledgeFailed)
    i.I2C_RequestMemoryRead                  0x08002b24   Section        0  stm32f0xx_hal_i2c.o(i.I2C_RequestMemoryRead)
    I2C_RequestMemoryRead                    0x08002b25   Thumb Code    92  stm32f0xx_hal_i2c.o(i.I2C_RequestMemoryRead)
    i.I2C_RequestMemoryWrite                 0x08002b84   Section        0  stm32f0xx_hal_i2c.o(i.I2C_RequestMemoryWrite)
    I2C_RequestMemoryWrite                   0x08002b85   Thumb Code    92  stm32f0xx_hal_i2c.o(i.I2C_RequestMemoryWrite)
    i.I2C_TransferConfig                     0x08002be4   Section        0  stm32f0xx_hal_i2c.o(i.I2C_TransferConfig)
    I2C_TransferConfig                       0x08002be5   Thumb Code    34  stm32f0xx_hal_i2c.o(i.I2C_TransferConfig)
    i.I2C_WaitOnFlagUntilTimeout             0x08002c0c   Section        0  stm32f0xx_hal_i2c.o(i.I2C_WaitOnFlagUntilTimeout)
    I2C_WaitOnFlagUntilTimeout               0x08002c0d   Thumb Code    78  stm32f0xx_hal_i2c.o(i.I2C_WaitOnFlagUntilTimeout)
    i.I2C_WaitOnSTOPFlagUntilTimeout         0x08002c5a   Section        0  stm32f0xx_hal_i2c.o(i.I2C_WaitOnSTOPFlagUntilTimeout)
    I2C_WaitOnSTOPFlagUntilTimeout           0x08002c5b   Thumb Code    76  stm32f0xx_hal_i2c.o(i.I2C_WaitOnSTOPFlagUntilTimeout)
    i.I2C_WaitOnTXISFlagUntilTimeout         0x08002ca6   Section        0  stm32f0xx_hal_i2c.o(i.I2C_WaitOnTXISFlagUntilTimeout)
    I2C_WaitOnTXISFlagUntilTimeout           0x08002ca7   Thumb Code    80  stm32f0xx_hal_i2c.o(i.I2C_WaitOnTXISFlagUntilTimeout)
    i.MPU6050_Get_Data                       0x08002cf8   Section        0  main.o(i.MPU6050_Get_Data)
    i.MPU_Init                               0x08002d5c   Section        0  mpu6050.o(i.MPU_Init)
    i.MPU_Read_Byte                          0x08002de0   Section        0  mpu6050.o(i.MPU_Read_Byte)
    i.MPU_Read_Len                           0x08002e10   Section        0  mpu6050.o(i.MPU_Read_Len)
    i.MPU_Set_Accel_Fsr                      0x08002e34   Section        0  mpu6050.o(i.MPU_Set_Accel_Fsr)
    i.MPU_Set_Gyro_Fsr                       0x08002e42   Section        0  mpu6050.o(i.MPU_Set_Gyro_Fsr)
    i.MPU_Set_LPF                            0x08002e50   Section        0  mpu6050.o(i.MPU_Set_LPF)
    i.MPU_Set_Rate                           0x08002e84   Section        0  mpu6050.o(i.MPU_Set_Rate)
    i.MPU_Write_Byte                         0x08002eb4   Section        0  mpu6050.o(i.MPU_Write_Byte)
    i.MPU_Write_Len                          0x08002ee0   Section        0  mpu6050.o(i.MPU_Write_Len)
    i.MX_CAN_Init                            0x08002f04   Section        0  can.o(i.MX_CAN_Init)
    i.MX_GPIO_Init                           0x08002f44   Section        0  gpio.o(i.MX_GPIO_Init)
    i.MX_I2C1_Init                           0x08002f60   Section        0  i2c.o(i.MX_I2C1_Init)
    i.NMI_Handler                            0x08002fb8   Section        0  stm32f0xx_it.o(i.NMI_Handler)
    i.PendSV_Handler                         0x08002fba   Section        0  stm32f0xx_it.o(i.PendSV_Handler)
    i.SVC_Handler                            0x08002fbc   Section        0  stm32f0xx_it.o(i.SVC_Handler)
    i.SysTick_Handler                        0x08002fbe   Section        0  stm32f0xx_it.o(i.SysTick_Handler)
    i.SystemClock_Config                     0x08002fc6   Section        0  main.o(i.SystemClock_Config)
    i.SystemInit                             0x08003036   Section        0  system_stm32f0xx.o(i.SystemInit)
    i.__ARM_common_ll_muluu                  0x08003038   Section        0  stm32f0xx_hal_rcc.o(i.__ARM_common_ll_muluu)
    i.__ARM_fpclassify                       0x08003068   Section        0  fpclassify.o(i.__ARM_fpclassify)
    i.__NVIC_SetPriority                     0x08003094   Section        0  stm32f0xx_hal_cortex.o(i.__NVIC_SetPriority)
    __NVIC_SetPriority                       0x08003095   Thumb Code    60  stm32f0xx_hal_cortex.o(i.__NVIC_SetPriority)
    i.__kernel_poly                          0x080030d8   Section        0  poly.o(i.__kernel_poly)
    i.__mathlib_dbl_infnan                   0x08003184   Section        0  dunder.o(i.__mathlib_dbl_infnan)
    i.__mathlib_dbl_infnan2                  0x0800318e   Section        0  dunder.o(i.__mathlib_dbl_infnan2)
    i.__mathlib_dbl_invalid                  0x08003196   Section        0  dunder.o(i.__mathlib_dbl_invalid)
    i.__mathlib_dbl_underflow                0x080031a8   Section        0  dunder.o(i.__mathlib_dbl_underflow)
    i.asin                                   0x080031bc   Section        0  asin.o(i.asin)
    i.atan                                   0x08003430   Section        0  atan.o(i.atan)
    i.atan2                                  0x0800364c   Section        0  atan2.o(i.atan2)
    i.dmp_enable_6x_lp_quat                  0x080037e8   Section        0  inv_mpu_dmp_motion_driver.o(i.dmp_enable_6x_lp_quat)
    i.dmp_enable_feature                     0x08003820   Section        0  inv_mpu_dmp_motion_driver.o(i.dmp_enable_feature)
    i.dmp_enable_gyro_cal                    0x080039d4   Section        0  inv_mpu_dmp_motion_driver.o(i.dmp_enable_gyro_cal)
    i.dmp_enable_lp_quat                     0x08003a14   Section        0  inv_mpu_dmp_motion_driver.o(i.dmp_enable_lp_quat)
    i.dmp_load_motion_driver_firmware        0x08003a4c   Section        0  inv_mpu_dmp_motion_driver.o(i.dmp_load_motion_driver_firmware)
    i.dmp_read_fifo                          0x08003a68   Section        0  inv_mpu_dmp_motion_driver.o(i.dmp_read_fifo)
    i.dmp_set_fifo_rate                      0x08003bdc   Section        0  inv_mpu_dmp_motion_driver.o(i.dmp_set_fifo_rate)
    i.dmp_set_orientation                    0x08003c48   Section        0  inv_mpu_dmp_motion_driver.o(i.dmp_set_orientation)
    i.dmp_set_shake_reject_thresh            0x08003d38   Section        0  inv_mpu_dmp_motion_driver.o(i.dmp_set_shake_reject_thresh)
    i.dmp_set_shake_reject_time              0x08003d64   Section        0  inv_mpu_dmp_motion_driver.o(i.dmp_set_shake_reject_time)
    i.dmp_set_shake_reject_timeout           0x08003d82   Section        0  inv_mpu_dmp_motion_driver.o(i.dmp_set_shake_reject_timeout)
    i.dmp_set_tap_axes                       0x08003da0   Section        0  inv_mpu_dmp_motion_driver.o(i.dmp_set_tap_axes)
    i.dmp_set_tap_count                      0x08003dd6   Section        0  inv_mpu_dmp_motion_driver.o(i.dmp_set_tap_count)
    i.dmp_set_tap_thresh                     0x08003dfc   Section        0  inv_mpu_dmp_motion_driver.o(i.dmp_set_tap_thresh)
    i.dmp_set_tap_time                       0x08003f2c   Section        0  inv_mpu_dmp_motion_driver.o(i.dmp_set_tap_time)
    i.dmp_set_tap_time_multi                 0x08003f4a   Section        0  inv_mpu_dmp_motion_driver.o(i.dmp_set_tap_time_multi)
    i.inv_orientation_matrix_to_scalar       0x08003f68   Section        0  inv_mpu.o(i.inv_orientation_matrix_to_scalar)
    i.inv_row_2_scale                        0x08003f8a   Section        0  inv_mpu.o(i.inv_row_2_scale)
    i.main                                   0x08003fcc   Section        0  main.o(i.main)
    i.mget_ms                                0x08004074   Section        0  inv_mpu.o(i.mget_ms)
    i.mpu_configure_fifo                     0x08004078   Section        0  inv_mpu.o(i.mpu_configure_fifo)
    i.mpu_dmp_get_data                       0x080040d4   Section        0  inv_mpu.o(i.mpu_dmp_get_data)
    i.mpu_dmp_init                           0x08004270   Section        0  inv_mpu.o(i.mpu_dmp_init)
    i.mpu_get_accel_fsr                      0x08004310   Section        0  inv_mpu.o(i.mpu_get_accel_fsr)
    i.mpu_init                               0x08004350   Section        0  inv_mpu.o(i.mpu_init)
    i.mpu_load_firmware                      0x0800446c   Section        0  inv_mpu.o(i.mpu_load_firmware)
    i.mpu_lp_accel_mode                      0x08004504   Section        0  inv_mpu.o(i.mpu_lp_accel_mode)
    i.mpu_read_fifo_stream                   0x080045a4   Section        0  inv_mpu.o(i.mpu_read_fifo_stream)
    i.mpu_read_mem                           0x08004638   Section        0  inv_mpu.o(i.mpu_read_mem)
    i.mpu_reset_fifo                         0x0800468c   Section        0  inv_mpu.o(i.mpu_reset_fifo)
    i.mpu_set_accel_fsr                      0x080047c8   Section        0  inv_mpu.o(i.mpu_set_accel_fsr)
    i.mpu_set_bypass                         0x0800482c   Section        0  inv_mpu.o(i.mpu_set_bypass)
    i.mpu_set_dmp_state                      0x080048f8   Section        0  inv_mpu.o(i.mpu_set_dmp_state)
    i.mpu_set_gyro_fsr                       0x08004968   Section        0  inv_mpu.o(i.mpu_set_gyro_fsr)
    i.mpu_set_int_latched                    0x080049d4   Section        0  inv_mpu.o(i.mpu_set_int_latched)
    i.mpu_set_lpf                            0x08004a38   Section        0  inv_mpu.o(i.mpu_set_lpf)
    i.mpu_set_sample_rate                    0x08004aa0   Section        0  inv_mpu.o(i.mpu_set_sample_rate)
    i.mpu_set_sensors                        0x08004b30   Section        0  inv_mpu.o(i.mpu_set_sensors)
    i.mpu_write_mem                          0x08004be4   Section        0  inv_mpu.o(i.mpu_write_mem)
    i.set_int_enable                         0x08004c38   Section        0  inv_mpu.o(i.set_int_enable)
    set_int_enable                           0x08004c39   Thumb Code    90  inv_mpu.o(i.set_int_enable)
    i.sqrt                                   0x08004c98   Section        0  sqrt.o(i.sqrt)
    x$fpl$deqf                               0x08004ce0   Section      100  deqf.o(x$fpl$deqf)
    x$fpl$fadd                               0x08004d44   Section      140  faddsub.o(x$fpl$fadd)
    _fadd1                                   0x08004d51   Thumb Code     0  faddsub.o(x$fpl$fadd)
    x$fpl$fmul                               0x08004dd0   Section      176  fmul.o(x$fpl$fmul)
    x$fpl$fsub                               0x08004e80   Section      208  faddsub.o(x$fpl$fsub)
    _fsub1                                   0x08004e8d   Thumb Code     0  faddsub.o(x$fpl$fsub)
    .constdata                               0x08004f50   Section       27  inv_mpu.o(.constdata)
    x$fpl$usenofp                            0x08004f50   Section        0  usenofp.o(x$fpl$usenofp)
    .constdata                               0x08004f6c   Section       12  inv_mpu.o(.constdata)
    .constdata                               0x08004f78   Section       40  inv_mpu.o(.constdata)
    .constdata                               0x08004fa0   Section     3062  inv_mpu_dmp_motion_driver.o(.constdata)
    dmp_memory                               0x08004fa0   Data        3062  inv_mpu_dmp_motion_driver.o(.constdata)
    .constdata                               0x08005b96   Section       16  system_stm32f0xx.o(.constdata)
    .constdata                               0x08005ba6   Section      128  ddiv.o(.constdata)
    ddiv_reciptbl                            0x08005ba6   Data         128  ddiv.o(.constdata)
    .constdata                               0x08005c26   Section       64  fdiv.o(.constdata)
    fdiv_tab                                 0x08005c26   Data          64  fdiv.o(.constdata)
    .constdata                               0x08005c68   Section       80  asin.o(.constdata)
    pS                                       0x08005c68   Data          48  asin.o(.constdata)
    qS                                       0x08005c98   Data          32  asin.o(.constdata)
    .constdata                               0x08005cb8   Section      152  atan.o(.constdata)
    atanhi                                   0x08005cb8   Data          32  atan.o(.constdata)
    atanlo                                   0x08005cd8   Data          32  atan.o(.constdata)
    aTodd                                    0x08005cf8   Data          40  atan.o(.constdata)
    aTeven                                   0x08005d20   Data          48  atan.o(.constdata)
    .constdata                               0x08005d50   Section        8  qnan.o(.constdata)
    .data                                    0x20000000   Section       53  inv_mpu.o(.data)
    st                                       0x20000000   Data          44  inv_mpu.o(.data)
    gyro_orientation                         0x2000002c   Data           9  inv_mpu.o(.data)
    .data                                    0x20000038   Section       30  main.o(.data)
    .data                                    0x20000058   Section       12  stm32f0xx_hal.o(.data)
    .data                                    0x20000064   Section        4  system_stm32f0xx.o(.data)
    .bss                                     0x20000068   Section       16  inv_mpu_dmp_motion_driver.o(.bss)
    dmp                                      0x20000068   Data          16  inv_mpu_dmp_motion_driver.o(.bss)
    .bss                                     0x20000078   Section       52  main.o(.bss)
    TxMessage                                0x20000078   Data          24  main.o(.bss)
    RxMessage                                0x20000090   Data          28  main.o(.bss)
    .bss                                     0x200000ac   Section       40  can.o(.bss)
    .bss                                     0x200000d4   Section       76  i2c.o(.bss)
    .bss                                     0x20000120   Section       96  libspace.o(.bss)
    HEAP                                     0x20000180   Section      512  startup_stm32f042x6.o(HEAP)
    Heap_Mem                                 0x20000180   Data         512  startup_stm32f042x6.o(HEAP)
    STACK                                    0x20000380   Section     1024  startup_stm32f042x6.o(STACK)
    Stack_Mem                                0x20000380   Data        1024  startup_stm32f042x6.o(STACK)
    __initial_sp                             0x20000780   Data           0  startup_stm32f042x6.o(STACK)

    Global Symbols

    Symbol Name                              Value     Ov Type        Size  Object(Section)

    BuildAttributes$$THM_ISAv3M$S$PE$A:L22$X:L11$S22$IEEE1$IW$USESV6$~STKCKD$USESV7$~SHL$OTIME$ROPI$IEEEX$EBA8$UX$STANDARDLIB$REQ8$PRES8$EABIv2 0x00000000   Number         0  anon$$obj.o ABSOLUTE
    __ARM_use_no_argv                        0x00000000   Number         0  main.o ABSOLUTE
    __ARM_exceptions_init                     - Undefined Weak Reference
    __alloca_initialize                       - Undefined Weak Reference
    __arm_fini_                               - Undefined Weak Reference
    __arm_preinit_                            - Undefined Weak Reference
    __cpp_initialize__aeabi_                  - Undefined Weak Reference
    __cxa_finalize                            - Undefined Weak Reference
    __rt_locale                               - Undefined Weak Reference
    __sigvec_lookup                           - Undefined Weak Reference
    _atexit_init                              - Undefined Weak Reference
    _call_atexit_fns                          - Undefined Weak Reference
    _clock_init                               - Undefined Weak Reference
    _fp_trap_init                             - Undefined Weak Reference
    _fp_trap_shutdown                         - Undefined Weak Reference
    _get_lc_collate                           - Undefined Weak Reference
    _get_lc_ctype                             - Undefined Weak Reference
    _get_lc_monetary                          - Undefined Weak Reference
    _get_lc_numeric                           - Undefined Weak Reference
    _get_lc_time                              - Undefined Weak Reference
    _getenv_init                              - Undefined Weak Reference
    _handle_redirection                       - Undefined Weak Reference
    _init_alloc                               - Undefined Weak Reference
    _init_user_alloc                          - Undefined Weak Reference
    _initio                                   - Undefined Weak Reference
    _rand_init                                - Undefined Weak Reference
    _signal_finish                            - Undefined Weak Reference
    _signal_init                              - Undefined Weak Reference
    _terminate_alloc                          - Undefined Weak Reference
    _terminate_user_alloc                     - Undefined Weak Reference
    _terminateio                              - Undefined Weak Reference
    __Vectors_Size                           0x000000c0   Number         0  startup_stm32f042x6.o ABSOLUTE
    __Vectors                                0x08000000   Data           4  startup_stm32f042x6.o(RESET)
    __Vectors_End                            0x080000c0   Data           0  startup_stm32f042x6.o(RESET)
    __main                                   0x080000c1   Thumb Code     8  __main.o(!!!main)
    __scatterload                            0x080000c9   Thumb Code     0  __scatter.o(!!!scatter)
    __scatterload_rt2                        0x080000c9   Thumb Code    52  __scatter.o(!!!scatter)
    __scatterload_rt2_thumb_only             0x080000c9   Thumb Code     0  __scatter.o(!!!scatter)
    __scatterload_null                       0x080000d9   Thumb Code     0  __scatter.o(!!!scatter)
    __scatterload_copy                       0x08000105   Thumb Code    26  __scatter_copy.o(!!handler_copy)
    __scatterload_zeroinit                   0x08000121   Thumb Code    28  __scatter_zi.o(!!handler_zi)
    __rt_lib_init                            0x0800013d   Thumb Code     0  libinit.o(.ARM.Collect$$libinit$$00000000)
    __rt_lib_init_alloca_1                   0x0800013f   Thumb Code     0  libinit2.o(.ARM.Collect$$libinit$$0000002E)
    __rt_lib_init_argv_1                     0x0800013f   Thumb Code     0  libinit2.o(.ARM.Collect$$libinit$$0000002C)
    __rt_lib_init_atexit_1                   0x0800013f   Thumb Code     0  libinit2.o(.ARM.Collect$$libinit$$0000001B)
    __rt_lib_init_clock_1                    0x0800013f   Thumb Code     0  libinit2.o(.ARM.Collect$$libinit$$00000021)
    __rt_lib_init_cpp_1                      0x0800013f   Thumb Code     0  libinit2.o(.ARM.Collect$$libinit$$00000032)
    __rt_lib_init_exceptions_1               0x0800013f   Thumb Code     0  libinit2.o(.ARM.Collect$$libinit$$00000030)
    __rt_lib_init_fp_1                       0x0800013f   Thumb Code     0  libinit2.o(.ARM.Collect$$libinit$$00000002)
    __rt_lib_init_fp_trap_1                  0x0800013f   Thumb Code     0  libinit2.o(.ARM.Collect$$libinit$$0000001F)
    __rt_lib_init_getenv_1                   0x0800013f   Thumb Code     0  libinit2.o(.ARM.Collect$$libinit$$00000023)
    __rt_lib_init_heap_1                     0x0800013f   Thumb Code     0  libinit2.o(.ARM.Collect$$libinit$$0000000A)
    __rt_lib_init_lc_collate_1               0x0800013f   Thumb Code     0  libinit2.o(.ARM.Collect$$libinit$$00000011)
    __rt_lib_init_lc_ctype_1                 0x0800013f   Thumb Code     0  libinit2.o(.ARM.Collect$$libinit$$00000013)
    __rt_lib_init_lc_monetary_1              0x0800013f   Thumb Code     0  libinit2.o(.ARM.Collect$$libinit$$00000015)
    __rt_lib_init_lc_numeric_1               0x0800013f   Thumb Code     0  libinit2.o(.ARM.Collect$$libinit$$00000017)
    __rt_lib_init_lc_time_1                  0x0800013f   Thumb Code     0  libinit2.o(.ARM.Collect$$libinit$$00000019)
    __rt_lib_init_preinit_1                  0x0800013f   Thumb Code     0  libinit2.o(.ARM.Collect$$libinit$$00000004)
    __rt_lib_init_rand_1                     0x0800013f   Thumb Code     0  libinit2.o(.ARM.Collect$$libinit$$0000000E)
    __rt_lib_init_return                     0x0800013f   Thumb Code     0  libinit2.o(.ARM.Collect$$libinit$$00000033)
    __rt_lib_init_signal_1                   0x0800013f   Thumb Code     0  libinit2.o(.ARM.Collect$$libinit$$0000001D)
    __rt_lib_init_stdio_1                    0x0800013f   Thumb Code     0  libinit2.o(.ARM.Collect$$libinit$$00000025)
    __rt_lib_init_user_alloc_1               0x0800013f   Thumb Code     0  libinit2.o(.ARM.Collect$$libinit$$0000000C)
    __rt_lib_shutdown                        0x08000141   Thumb Code     0  libshutdown.o(.ARM.Collect$$libshutdown$$00000000)
    __rt_lib_shutdown_cpp_1                  0x08000143   Thumb Code     0  libshutdown2.o(.ARM.Collect$$libshutdown$$00000004)
    __rt_lib_shutdown_fini_1                 0x08000143   Thumb Code     0  libshutdown2.o(.ARM.Collect$$libshutdown$$00000002)
    __rt_lib_shutdown_fp_trap_1              0x08000143   Thumb Code     0  libshutdown2.o(.ARM.Collect$$libshutdown$$00000009)
    __rt_lib_shutdown_heap_1                 0x08000143   Thumb Code     0  libshutdown2.o(.ARM.Collect$$libshutdown$$00000011)
    __rt_lib_shutdown_return                 0x08000143   Thumb Code     0  libshutdown2.o(.ARM.Collect$$libshutdown$$00000012)
    __rt_lib_shutdown_signal_1               0x08000143   Thumb Code     0  libshutdown2.o(.ARM.Collect$$libshutdown$$0000000C)
    __rt_lib_shutdown_stdio_1                0x08000143   Thumb Code     0  libshutdown2.o(.ARM.Collect$$libshutdown$$00000006)
    __rt_lib_shutdown_user_alloc_1           0x08000143   Thumb Code     0  libshutdown2.o(.ARM.Collect$$libshutdown$$0000000E)
    __rt_entry                               0x08000145   Thumb Code     0  __rtentry.o(.ARM.Collect$$rtentry$$00000000)
    __rt_entry_presh_1                       0x08000145   Thumb Code     0  __rtentry2.o(.ARM.Collect$$rtentry$$00000002)
    __rt_entry_sh                            0x08000145   Thumb Code     0  __rtentry4.o(.ARM.Collect$$rtentry$$00000004)
    __rt_entry_li                            0x0800014b   Thumb Code     0  __rtentry2.o(.ARM.Collect$$rtentry$$0000000A)
    __rt_entry_postsh_1                      0x0800014b   Thumb Code     0  __rtentry2.o(.ARM.Collect$$rtentry$$00000009)
    __rt_entry_main                          0x0800014f   Thumb Code     0  __rtentry2.o(.ARM.Collect$$rtentry$$0000000D)
    __rt_entry_postli_1                      0x0800014f   Thumb Code     0  __rtentry2.o(.ARM.Collect$$rtentry$$0000000C)
    __rt_exit                                0x08000157   Thumb Code     0  rtexit.o(.ARM.Collect$$rtexit$$00000000)
    __rt_exit_ls                             0x08000159   Thumb Code     0  rtexit2.o(.ARM.Collect$$rtexit$$00000003)
    __rt_exit_prels_1                        0x08000159   Thumb Code     0  rtexit2.o(.ARM.Collect$$rtexit$$00000002)
    __rt_exit_exit                           0x0800015d   Thumb Code     0  rtexit2.o(.ARM.Collect$$rtexit$$00000004)
    Reset_Handler                            0x08000165   Thumb Code    38  startup_stm32f042x6.o(.text)
    ADC1_IRQHandler                          0x08000195   Thumb Code     0  startup_stm32f042x6.o(.text)
    DMA1_Channel1_IRQHandler                 0x08000195   Thumb Code     0  startup_stm32f042x6.o(.text)
    DMA1_Channel2_3_IRQHandler               0x08000195   Thumb Code     0  startup_stm32f042x6.o(.text)
    DMA1_Channel4_5_IRQHandler               0x08000195   Thumb Code     0  startup_stm32f042x6.o(.text)
    EXTI0_1_IRQHandler                       0x08000195   Thumb Code     0  startup_stm32f042x6.o(.text)
    EXTI2_3_IRQHandler                       0x08000195   Thumb Code     0  startup_stm32f042x6.o(.text)
    EXTI4_15_IRQHandler                      0x08000195   Thumb Code     0  startup_stm32f042x6.o(.text)
    FLASH_IRQHandler                         0x08000195   Thumb Code     0  startup_stm32f042x6.o(.text)
    I2C1_IRQHandler                          0x08000195   Thumb Code     0  startup_stm32f042x6.o(.text)
    PVD_VDDIO2_IRQHandler                    0x08000195   Thumb Code     0  startup_stm32f042x6.o(.text)
    RCC_CRS_IRQHandler                       0x08000195   Thumb Code     0  startup_stm32f042x6.o(.text)
    RTC_IRQHandler                           0x08000195   Thumb Code     0  startup_stm32f042x6.o(.text)
    SPI1_IRQHandler                          0x08000195   Thumb Code     0  startup_stm32f042x6.o(.text)
    SPI2_IRQHandler                          0x08000195   Thumb Code     0  startup_stm32f042x6.o(.text)
    TIM14_IRQHandler                         0x08000195   Thumb Code     0  startup_stm32f042x6.o(.text)
    TIM16_IRQHandler                         0x08000195   Thumb Code     0  startup_stm32f042x6.o(.text)
    TIM17_IRQHandler                         0x08000195   Thumb Code     0  startup_stm32f042x6.o(.text)
    TIM1_BRK_UP_TRG_COM_IRQHandler           0x08000195   Thumb Code     0  startup_stm32f042x6.o(.text)
    TIM1_CC_IRQHandler                       0x08000195   Thumb Code     0  startup_stm32f042x6.o(.text)
    TIM2_IRQHandler                          0x08000195   Thumb Code     0  startup_stm32f042x6.o(.text)
    TIM3_IRQHandler                          0x08000195   Thumb Code     0  startup_stm32f042x6.o(.text)
    TSC_IRQHandler                           0x08000195   Thumb Code     0  startup_stm32f042x6.o(.text)
    USART1_IRQHandler                        0x08000195   Thumb Code     0  startup_stm32f042x6.o(.text)
    USART2_IRQHandler                        0x08000195   Thumb Code     0  startup_stm32f042x6.o(.text)
    USB_IRQHandler                           0x08000195   Thumb Code     0  startup_stm32f042x6.o(.text)
    WWDG_IRQHandler                          0x08000195   Thumb Code     0  startup_stm32f042x6.o(.text)
    __user_initial_stackheap                 0x08000199   Thumb Code     0  startup_stm32f042x6.o(.text)
    __aeabi_uldivmod                         0x080001d9   Thumb Code   258  lludiv.o(.text)
    _ll_udiv                                 0x080001d9   Thumb Code     0  lludiv.o(.text)
    memcmp                                   0x080002db   Thumb Code    90  memcmp.o(.text)
    __aeabi_memset                           0x08000335   Thumb Code    18  aeabi_memset.o(.text)
    _memset_w                                0x08000347   Thumb Code    26  rt_memclr.o(.text)
    _memset                                  0x08000361   Thumb Code    30  rt_memclr.o(.text)
    __aeabi_memclr                           0x0800037f   Thumb Code     4  rt_memclr.o(.text)
    __rt_memclr                              0x0800037f   Thumb Code     0  rt_memclr.o(.text)
    __aeabi_memclr4                          0x08000383   Thumb Code     0  rt_memclr.o(.text)
    __aeabi_memclr8                          0x08000383   Thumb Code     0  rt_memclr.o(.text)
    __rt_memclr_w                            0x08000383   Thumb Code     4  rt_memclr.o(.text)
    __aeabi_uidiv                            0x08000387   Thumb Code     0  aeabi_sdiv.o(.text)
    __aeabi_uidivmod                         0x08000387   Thumb Code    20  aeabi_sdiv.o(.text)
    __aeabi_idiv                             0x0800039b   Thumb Code     0  aeabi_sdiv.o(.text)
    __aeabi_idivmod                          0x0800039b   Thumb Code   326  aeabi_sdiv.o(.text)
    __use_two_region_memory                  0x080004e1   Thumb Code     2  heapauxi.o(.text)
    __rt_heap_escrow$2region                 0x080004e3   Thumb Code     2  heapauxi.o(.text)
    __rt_heap_expand$2region                 0x080004e5   Thumb Code     2  heapauxi.o(.text)
    __aeabi_d2f                              0x080004e9   Thumb Code     0  d2f.o(.text)
    _d2f                                     0x080004e9   Thumb Code   120  d2f.o(.text)
    __aeabi_dadd                             0x0800085d   Thumb Code     0  daddsub.o(.text)
    _dadd                                    0x0800085d   Thumb Code    26  daddsub.o(.text)
    __aeabi_dsub                             0x08000877   Thumb Code     0  daddsub.o(.text)
    _dsub                                    0x08000877   Thumb Code    22  daddsub.o(.text)
    __aeabi_drsub                            0x0800088d   Thumb Code     0  daddsub.o(.text)
    _drsb                                    0x0800088d   Thumb Code    28  daddsub.o(.text)
    __aeabi_ddiv                             0x080008bd   Thumb Code     0  ddiv.o(.text)
    _ddiv                                    0x080008bd   Thumb Code  1072  ddiv.o(.text)
    _drdiv                                   0x08000ced   Thumb Code    20  ddiv.o(.text)
    __aeabi_dmul                             0x08000d05   Thumb Code     0  dmul.o(.text)
    _dmul                                    0x08000d05   Thumb Code   558  dmul.o(.text)
    __aeabi_f2d                              0x08000f4d   Thumb Code     0  f2d.o(.text)
    _f2d                                     0x08000f4d   Thumb Code    80  f2d.o(.text)
    __aeabi_fdiv                             0x08000fa1   Thumb Code     0  fdiv.o(.text)
    _fdiv                                    0x08000fa1   Thumb Code   334  fdiv.o(.text)
    _frdiv                                   0x080010ef   Thumb Code     8  fdiv.o(.text)
    __aeabi_f2iz                             0x08001101   Thumb Code     0  ffixi.o(.text)
    _ffix                                    0x08001101   Thumb Code    76  ffixi.o(.text)
    __aeabi_f2uiz                            0x0800114d   Thumb Code     0  ffixui.o(.text)
    _ffixu                                   0x0800114d   Thumb Code    48  ffixui.o(.text)
    __aeabi_i2f_normalise                    0x0800117d   Thumb Code    72  fflti.o(.text)
    __aeabi_i2f                              0x080011c5   Thumb Code    16  fflti.o(.text)
    _fflt                                    0x080011c5   Thumb Code     0  fflti.o(.text)
    __aeabi_ui2f                             0x080011d5   Thumb Code     6  fflti.o(.text)
    _ffltu                                   0x080011d5   Thumb Code     0  fflti.o(.text)
    __ARM_scalbnf                            0x080011dd   Thumb Code    64  fscalbn.o(.text)
    __read_errno                             0x08001221   Thumb Code    10  _rserrno.o(.text)
    __set_errno                              0x0800122b   Thumb Code    12  _rserrno.o(.text)
    __ARM_scalbn                             0x08001239   Thumb Code    84  dscalbn.o(.text)
    __aeabi_errno_addr                       0x08001299   Thumb Code     8  rt_errno_addr_intlibspace.o(.text)
    __errno$intlibspace                      0x08001299   Thumb Code     0  rt_errno_addr_intlibspace.o(.text)
    __rt_errno_addr$intlibspace              0x08001299   Thumb Code     0  rt_errno_addr_intlibspace.o(.text)
    __fpl_dcmp_InfNaN                        0x080012a1   Thumb Code   140  dcmpin.o(.text)
    _dsqrt                                   0x08001331   Thumb Code   248  dsqrt.o(.text)
    __user_libspace                          0x08001431   Thumb Code     8  libspace.o(.text)
    __user_perproc_libspace                  0x08001431   Thumb Code     0  libspace.o(.text)
    __user_perthread_libspace                0x08001431   Thumb Code     0  libspace.o(.text)
    __user_setup_stackheap                   0x08001439   Thumb Code    62  sys_stackheap_outer.o(.text)
    exit                                     0x08001477   Thumb Code    16  exit.o(.text)
    __fpl_cmpreturn                          0x08001487   Thumb Code    46  cmpret.o(.text)
    __fpl_dcheck_NaN2                        0x080014b5   Thumb Code    14  dnan2.o(.text)
    __fpl_return_NaN                         0x080014c9   Thumb Code    94  retnan.o(.text)
    _sys_exit                                0x08001529   Thumb Code     8  sys_exit.o(.text)
    __I$use$semihosting                      0x08001535   Thumb Code     0  use_no_semi.o(.text)
    __use_no_semihosting_swi                 0x08001535   Thumb Code     2  use_no_semi.o(.text)
    __semihosting_library_function           0x08001537   Thumb Code     0  indicate_semi.o(.text)
    CAN_Send_Data                            0x08001539   Thumb Code    40  main.o(i.CAN_Send_Data)
    CAN_Send_Order                           0x08001569   Thumb Code    46  main.o(i.CAN_Send_Order)
    CEC_CAN_IRQHandler                       0x080015a1   Thumb Code    10  stm32f0xx_it.o(i.CEC_CAN_IRQHandler)
    Error_Handler                            0x080015b1   Thumb Code     4  main.o(i.Error_Handler)
    HAL_CAN_ActivateNotification             0x080015b5   Thumb Code    38  stm32f0xx_hal_can.o(i.HAL_CAN_ActivateNotification)
    HAL_CAN_AddTxMessage                     0x080015db   Thumb Code   218  stm32f0xx_hal_can.o(i.HAL_CAN_AddTxMessage)
    HAL_CAN_ConfigFilter                     0x080016b5   Thumb Code   236  stm32f0xx_hal_can.o(i.HAL_CAN_ConfigFilter)
    HAL_CAN_ErrorCallback                    0x080017a1   Thumb Code     2  stm32f0xx_hal_can.o(i.HAL_CAN_ErrorCallback)
    HAL_CAN_GetRxMessage                     0x080017a3   Thumb Code   228  stm32f0xx_hal_can.o(i.HAL_CAN_GetRxMessage)
    HAL_CAN_IRQHandler                       0x08001887   Thumb Code   500  stm32f0xx_hal_can.o(i.HAL_CAN_IRQHandler)
    HAL_CAN_Init                             0x08001a7b   Thumb Code   272  stm32f0xx_hal_can.o(i.HAL_CAN_Init)
    HAL_CAN_MspInit                          0x08001b8d   Thumb Code   106  can.o(i.HAL_CAN_MspInit)
    HAL_CAN_RxFifo0FullCallback              0x08001c01   Thumb Code     2  stm32f0xx_hal_can.o(i.HAL_CAN_RxFifo0FullCallback)
    HAL_CAN_RxFifo0MsgPendingCallback        0x08001c05   Thumb Code    72  main.o(i.HAL_CAN_RxFifo0MsgPendingCallback)
    HAL_CAN_RxFifo1FullCallback              0x08001c55   Thumb Code     2  stm32f0xx_hal_can.o(i.HAL_CAN_RxFifo1FullCallback)
    HAL_CAN_RxFifo1MsgPendingCallback        0x08001c57   Thumb Code     2  stm32f0xx_hal_can.o(i.HAL_CAN_RxFifo1MsgPendingCallback)
    HAL_CAN_SleepCallback                    0x08001c59   Thumb Code     2  stm32f0xx_hal_can.o(i.HAL_CAN_SleepCallback)
    HAL_CAN_Start                            0x08001c5b   Thumb Code    88  stm32f0xx_hal_can.o(i.HAL_CAN_Start)
    HAL_CAN_TxMailbox0AbortCallback          0x08001cb3   Thumb Code     2  stm32f0xx_hal_can.o(i.HAL_CAN_TxMailbox0AbortCallback)
    HAL_CAN_TxMailbox0CompleteCallback       0x08001cb5   Thumb Code     2  stm32f0xx_hal_can.o(i.HAL_CAN_TxMailbox0CompleteCallback)
    HAL_CAN_TxMailbox1AbortCallback          0x08001cb7   Thumb Code     2  stm32f0xx_hal_can.o(i.HAL_CAN_TxMailbox1AbortCallback)
    HAL_CAN_TxMailbox1CompleteCallback       0x08001cb9   Thumb Code     2  stm32f0xx_hal_can.o(i.HAL_CAN_TxMailbox1CompleteCallback)
    HAL_CAN_TxMailbox2AbortCallback          0x08001cbb   Thumb Code     2  stm32f0xx_hal_can.o(i.HAL_CAN_TxMailbox2AbortCallback)
    HAL_CAN_TxMailbox2CompleteCallback       0x08001cbd   Thumb Code     2  stm32f0xx_hal_can.o(i.HAL_CAN_TxMailbox2CompleteCallback)
    HAL_CAN_WakeUpFromRxMsgCallback          0x08001cbf   Thumb Code     2  stm32f0xx_hal_can.o(i.HAL_CAN_WakeUpFromRxMsgCallback)
    HAL_Delay                                0x08001cc1   Thumb Code    32  stm32f0xx_hal.o(i.HAL_Delay)
    HAL_GPIO_Init                            0x08001ce5   Thumb Code   386  stm32f0xx_hal_gpio.o(i.HAL_GPIO_Init)
    HAL_GetTick                              0x08001e7d   Thumb Code     6  stm32f0xx_hal.o(i.HAL_GetTick)
    HAL_I2CEx_ConfigAnalogFilter             0x08001e89   Thumb Code    74  stm32f0xx_hal_i2c_ex.o(i.HAL_I2CEx_ConfigAnalogFilter)
    HAL_I2CEx_ConfigDigitalFilter            0x08001ed3   Thumb Code    72  stm32f0xx_hal_i2c_ex.o(i.HAL_I2CEx_ConfigDigitalFilter)
    HAL_I2C_Init                             0x08001f1d   Thumb Code   176  stm32f0xx_hal_i2c.o(i.HAL_I2C_Init)
    HAL_I2C_Mem_Read                         0x08001fd1   Thumb Code   332  stm32f0xx_hal_i2c.o(i.HAL_I2C_Mem_Read)
    HAL_I2C_Mem_Write                        0x08002125   Thumb Code   326  stm32f0xx_hal_i2c.o(i.HAL_I2C_Mem_Write)
    HAL_I2C_MspInit                          0x08002271   Thumb Code    92  i2c.o(i.HAL_I2C_MspInit)
    HAL_IncTick                              0x080022d5   Thumb Code    12  stm32f0xx_hal.o(i.HAL_IncTick)
    HAL_Init                                 0x080022e5   Thumb Code    26  stm32f0xx_hal.o(i.HAL_Init)
    HAL_InitTick                             0x08002305   Thumb Code    58  stm32f0xx_hal.o(i.HAL_InitTick)
    HAL_MspInit                              0x08002349   Thumb Code    34  stm32f0xx_hal_msp.o(i.HAL_MspInit)
    HAL_NVIC_EnableIRQ                       0x08002371   Thumb Code    18  stm32f0xx_hal_cortex.o(i.HAL_NVIC_EnableIRQ)
    HAL_NVIC_SetPriority                     0x08002389   Thumb Code     8  stm32f0xx_hal_cortex.o(i.HAL_NVIC_SetPriority)
    HAL_RCCEx_PeriphCLKConfig                0x08002391   Thumb Code   254  stm32f0xx_hal_rcc_ex.o(i.HAL_RCCEx_PeriphCLKConfig)
    HAL_RCC_ClockConfig                      0x0800249d   Thumb Code   254  stm32f0xx_hal_rcc.o(i.HAL_RCC_ClockConfig)
    HAL_RCC_GetSysClockFreq                  0x080025b1   Thumb Code   102  stm32f0xx_hal_rcc.o(i.HAL_RCC_GetSysClockFreq)
    HAL_RCC_OscConfig                        0x08002645   Thumb Code  1028  stm32f0xx_hal_rcc.o(i.HAL_RCC_OscConfig)
    HAL_SYSTICK_Config                       0x08002a49   Thumb Code    38  stm32f0xx_hal_cortex.o(i.HAL_SYSTICK_Config)
    HardFault_Handler                        0x08002a79   Thumb Code     2  stm32f0xx_it.o(i.HardFault_Handler)
    MPU6050_Get_Data                         0x08002cf9   Thumb Code    96  main.o(i.MPU6050_Get_Data)
    MPU_Init                                 0x08002d5d   Thumb Code   126  mpu6050.o(i.MPU_Init)
    MPU_Read_Byte                            0x08002de1   Thumb Code    38  mpu6050.o(i.MPU_Read_Byte)
    MPU_Read_Len                             0x08002e11   Thumb Code    26  mpu6050.o(i.MPU_Read_Len)
    MPU_Set_Accel_Fsr                        0x08002e35   Thumb Code    14  mpu6050.o(i.MPU_Set_Accel_Fsr)
    MPU_Set_Gyro_Fsr                         0x08002e43   Thumb Code    14  mpu6050.o(i.MPU_Set_Gyro_Fsr)
    MPU_Set_LPF                              0x08002e51   Thumb Code    52  mpu6050.o(i.MPU_Set_LPF)
    MPU_Set_Rate                             0x08002e85   Thumb Code    46  mpu6050.o(i.MPU_Set_Rate)
    MPU_Write_Byte                           0x08002eb5   Thumb Code    34  mpu6050.o(i.MPU_Write_Byte)
    MPU_Write_Len                            0x08002ee1   Thumb Code    26  mpu6050.o(i.MPU_Write_Len)
    MX_CAN_Init                              0x08002f05   Thumb Code    56  can.o(i.MX_CAN_Init)
    MX_GPIO_Init                             0x08002f45   Thumb Code    22  gpio.o(i.MX_GPIO_Init)
    MX_I2C1_Init                             0x08002f61   Thumb Code    76  i2c.o(i.MX_I2C1_Init)
    NMI_Handler                              0x08002fb9   Thumb Code     2  stm32f0xx_it.o(i.NMI_Handler)
    PendSV_Handler                           0x08002fbb   Thumb Code     2  stm32f0xx_it.o(i.PendSV_Handler)
    SVC_Handler                              0x08002fbd   Thumb Code     2  stm32f0xx_it.o(i.SVC_Handler)
    SysTick_Handler                          0x08002fbf   Thumb Code     8  stm32f0xx_it.o(i.SysTick_Handler)
    SystemClock_Config                       0x08002fc7   Thumb Code   112  main.o(i.SystemClock_Config)
    SystemInit                               0x08003037   Thumb Code     2  system_stm32f0xx.o(i.SystemInit)
    __ARM_common_ll_muluu                    0x08003039   Thumb Code    48  stm32f0xx_hal_rcc.o(i.__ARM_common_ll_muluu)
    __ARM_fpclassify                         0x08003069   Thumb Code    40  fpclassify.o(i.__ARM_fpclassify)
    __kernel_poly                            0x080030d9   Thumb Code   172  poly.o(i.__kernel_poly)
    __mathlib_dbl_infnan                     0x08003185   Thumb Code    10  dunder.o(i.__mathlib_dbl_infnan)
    __mathlib_dbl_infnan2                    0x0800318f   Thumb Code     8  dunder.o(i.__mathlib_dbl_infnan2)
    __mathlib_dbl_invalid                    0x08003197   Thumb Code    16  dunder.o(i.__mathlib_dbl_invalid)
    __mathlib_dbl_underflow                  0x080031a9   Thumb Code    14  dunder.o(i.__mathlib_dbl_underflow)
    asin                                     0x080031bd   Thumb Code   574  asin.o(i.asin)
    atan                                     0x08003431   Thumb Code   472  atan.o(i.atan)
    atan2                                    0x0800364d   Thumb Code   372  atan2.o(i.atan2)
    dmp_enable_6x_lp_quat                    0x080037e9   Thumb Code    52  inv_mpu_dmp_motion_driver.o(i.dmp_enable_6x_lp_quat)
    dmp_enable_feature                       0x08003821   Thumb Code   414  inv_mpu_dmp_motion_driver.o(i.dmp_enable_feature)
    dmp_enable_gyro_cal                      0x080039d5   Thumb Code    38  inv_mpu_dmp_motion_driver.o(i.dmp_enable_gyro_cal)
    dmp_enable_lp_quat                       0x08003a15   Thumb Code    52  inv_mpu_dmp_motion_driver.o(i.dmp_enable_lp_quat)
    dmp_load_motion_driver_firmware          0x08003a4d   Thumb Code    18  inv_mpu_dmp_motion_driver.o(i.dmp_load_motion_driver_firmware)
    dmp_read_fifo                            0x08003a69   Thumb Code   364  inv_mpu_dmp_motion_driver.o(i.dmp_read_fifo)
    dmp_set_fifo_rate                        0x08003bdd   Thumb Code    82  inv_mpu_dmp_motion_driver.o(i.dmp_set_fifo_rate)
    dmp_set_orientation                      0x08003c49   Thumb Code   214  inv_mpu_dmp_motion_driver.o(i.dmp_set_orientation)
    dmp_set_shake_reject_thresh              0x08003d39   Thumb Code    44  inv_mpu_dmp_motion_driver.o(i.dmp_set_shake_reject_thresh)
    dmp_set_shake_reject_time                0x08003d65   Thumb Code    30  inv_mpu_dmp_motion_driver.o(i.dmp_set_shake_reject_time)
    dmp_set_shake_reject_timeout             0x08003d83   Thumb Code    30  inv_mpu_dmp_motion_driver.o(i.dmp_set_shake_reject_timeout)
    dmp_set_tap_axes                         0x08003da1   Thumb Code    54  inv_mpu_dmp_motion_driver.o(i.dmp_set_tap_axes)
    dmp_set_tap_count                        0x08003dd7   Thumb Code    36  inv_mpu_dmp_motion_driver.o(i.dmp_set_tap_count)
    dmp_set_tap_thresh                       0x08003dfd   Thumb Code   280  inv_mpu_dmp_motion_driver.o(i.dmp_set_tap_thresh)
    dmp_set_tap_time                         0x08003f2d   Thumb Code    30  inv_mpu_dmp_motion_driver.o(i.dmp_set_tap_time)
    dmp_set_tap_time_multi                   0x08003f4b   Thumb Code    30  inv_mpu_dmp_motion_driver.o(i.dmp_set_tap_time_multi)
    inv_orientation_matrix_to_scalar         0x08003f69   Thumb Code    34  inv_mpu.o(i.inv_orientation_matrix_to_scalar)
    inv_row_2_scale                          0x08003f8b   Thumb Code    64  inv_mpu.o(i.inv_row_2_scale)
    main                                     0x08003fcd   Thumb Code   156  main.o(i.main)
    mget_ms                                  0x08004075   Thumb Code     2  inv_mpu.o(i.mget_ms)
    mpu_configure_fifo                       0x08004079   Thumb Code    86  inv_mpu.o(i.mpu_configure_fifo)
    mpu_dmp_get_data                         0x080040d5   Thumb Code   402  inv_mpu.o(i.mpu_dmp_get_data)
    mpu_dmp_init                             0x08004271   Thumb Code   152  inv_mpu.o(i.mpu_dmp_init)
    mpu_get_accel_fsr                        0x08004311   Thumb Code    58  inv_mpu.o(i.mpu_get_accel_fsr)
    mpu_init                                 0x08004351   Thumb Code   278  inv_mpu.o(i.mpu_init)
    mpu_load_firmware                        0x0800446d   Thumb Code   148  inv_mpu.o(i.mpu_load_firmware)
    mpu_lp_accel_mode                        0x08004505   Thumb Code   154  inv_mpu.o(i.mpu_lp_accel_mode)
    mpu_read_fifo_stream                     0x080045a5   Thumb Code   142  inv_mpu.o(i.mpu_read_fifo_stream)
    mpu_read_mem                             0x08004639   Thumb Code    74  inv_mpu.o(i.mpu_read_mem)
    mpu_reset_fifo                           0x0800468d   Thumb Code   312  inv_mpu.o(i.mpu_reset_fifo)
    mpu_set_accel_fsr                        0x080047c9   Thumb Code    96  inv_mpu.o(i.mpu_set_accel_fsr)
    mpu_set_bypass                           0x0800482d   Thumb Code   200  inv_mpu.o(i.mpu_set_bypass)
    mpu_set_dmp_state                        0x080048f9   Thumb Code   106  inv_mpu.o(i.mpu_set_dmp_state)
    mpu_set_gyro_fsr                         0x08004969   Thumb Code   102  inv_mpu.o(i.mpu_set_gyro_fsr)
    mpu_set_int_latched                      0x080049d5   Thumb Code    96  inv_mpu.o(i.mpu_set_int_latched)
    mpu_set_lpf                              0x08004a39   Thumb Code   100  inv_mpu.o(i.mpu_set_lpf)
    mpu_set_sample_rate                      0x08004aa1   Thumb Code   138  inv_mpu.o(i.mpu_set_sample_rate)
    mpu_set_sensors                          0x08004b31   Thumb Code   176  inv_mpu.o(i.mpu_set_sensors)
    mpu_write_mem                            0x08004be5   Thumb Code    74  inv_mpu.o(i.mpu_write_mem)
    sqrt                                     0x08004c99   Thumb Code    66  sqrt.o(i.sqrt)
    __aeabi_cdcmpeq                          0x08004ce1   Thumb Code     0  deqf.o(x$fpl$deqf)
    _dcmpeq                                  0x08004ce1   Thumb Code    94  deqf.o(x$fpl$deqf)
    __aeabi_fadd                             0x08004d45   Thumb Code     0  faddsub.o(x$fpl$fadd)
    _fadd                                    0x08004d45   Thumb Code   134  faddsub.o(x$fpl$fadd)
    __aeabi_fmul                             0x08004dd1   Thumb Code     0  fmul.o(x$fpl$fmul)
    _fmul                                    0x08004dd1   Thumb Code   172  fmul.o(x$fpl$fmul)
    __aeabi_fsub                             0x08004e81   Thumb Code     0  faddsub.o(x$fpl$fsub)
    _fsub                                    0x08004e81   Thumb Code   204  faddsub.o(x$fpl$fsub)
    __I$use$fp                               0x08004f50   Number         0  usenofp.o(x$fpl$usenofp)
    reg                                      0x08004f50   Data          27  inv_mpu.o(.constdata)
    hw                                       0x08004f6c   Data          12  inv_mpu.o(.constdata)
    test                                     0x08004f78   Data          40  inv_mpu.o(.constdata)
    AHBPrescTable                            0x08005b96   Data          16  system_stm32f0xx.o(.constdata)
    __mathlib_zero                           0x08005d50   Data           8  qnan.o(.constdata)
    Region$$Table$$Base                      0x08005d58   Number         0  anon$$obj.o(Region$$Table)
    Region$$Table$$Limit                     0x08005d78   Number         0  anon$$obj.o(Region$$Table)
    collect_start                            0x20000038   Data           1  main.o(.data)
    collect_over                             0x20000039   Data           1  main.o(.data)
    send_data                                0x2000003a   Data           1  main.o(.data)
    flag_send_over                           0x2000003b   Data           1  main.o(.data)
    pitch                                    0x2000003c   Data           4  main.o(.data)
    roll                                     0x20000040   Data           4  main.o(.data)
    yaw                                      0x20000044   Data           4  main.o(.data)
    uart_buf_imu                             0x20000048   Data           6  main.o(.data)
    canOrderBuffer                           0x2000004e   Data           8  main.o(.data)
    uwTickFreq                               0x20000058   Data           1  stm32f0xx_hal.o(.data)
    uwTickPrio                               0x2000005c   Data           4  stm32f0xx_hal.o(.data)
    uwTick                                   0x20000060   Data           4  stm32f0xx_hal.o(.data)
    SystemCoreClock                          0x20000064   Data           4  system_stm32f0xx.o(.data)
    hcan                                     0x200000ac   Data          40  can.o(.bss)
    hi2c1                                    0x200000d4   Data          76  i2c.o(.bss)
    __libspace_start                         0x20000120   Data          96  libspace.o(.bss)
    __temporary_stack_top$libspace           0x20000180   Data           0  libspace.o(.bss)



==============================================================================

Memory Map of the image

  Image Entry point : 0x080000c1

  Load Region LR_IROM1 (Base: 0x08000000, Size: 0x00005de0, Max: 0x00008000, ABSOLUTE)

    Execution Region ER_IROM1 (Exec base: 0x08000000, Load base: 0x08000000, Size: 0x00005d78, Max: 0x00008000, ABSOLUTE)

    Exec Addr    Load Addr    Size         Type   Attr      Idx    E Section Name        Object

    0x08000000   0x08000000   0x000000c0   Data   RO            3    RESET               startup_stm32f042x6.o
    0x080000c0   0x080000c0   0x00000008   Code   RO         2761  * !!!main             c_p.l(__main.o)
    0x080000c8   0x080000c8   0x0000003c   Code   RO         3047    !!!scatter          c_p.l(__scatter.o)
    0x08000104   0x08000104   0x0000001a   Code   RO         3049    !!handler_copy      c_p.l(__scatter_copy.o)
    0x0800011e   0x0800011e   0x00000002   PAD
    0x08000120   0x08000120   0x0000001c   Code   RO         3051    !!handler_zi        c_p.l(__scatter_zi.o)
    0x0800013c   0x0800013c   0x00000002   Code   RO         2911    .ARM.Collect$$libinit$$00000000  c_p.l(libinit.o)
    0x0800013e   0x0800013e   0x00000000   Code   RO         2926    .ARM.Collect$$libinit$$00000002  c_p.l(libinit2.o)
    0x0800013e   0x0800013e   0x00000000   Code   RO         2928    .ARM.Collect$$libinit$$00000004  c_p.l(libinit2.o)
    0x0800013e   0x0800013e   0x00000000   Code   RO         2931    .ARM.Collect$$libinit$$0000000A  c_p.l(libinit2.o)
    0x0800013e   0x0800013e   0x00000000   Code   RO         2933    .ARM.Collect$$libinit$$0000000C  c_p.l(libinit2.o)
    0x0800013e   0x0800013e   0x00000000   Code   RO         2935    .ARM.Collect$$libinit$$0000000E  c_p.l(libinit2.o)
    0x0800013e   0x0800013e   0x00000000   Code   RO         2938    .ARM.Collect$$libinit$$00000011  c_p.l(libinit2.o)
    0x0800013e   0x0800013e   0x00000000   Code   RO         2940    .ARM.Collect$$libinit$$00000013  c_p.l(libinit2.o)
    0x0800013e   0x0800013e   0x00000000   Code   RO         2942    .ARM.Collect$$libinit$$00000015  c_p.l(libinit2.o)
    0x0800013e   0x0800013e   0x00000000   Code   RO         2944    .ARM.Collect$$libinit$$00000017  c_p.l(libinit2.o)
    0x0800013e   0x0800013e   0x00000000   Code   RO         2946    .ARM.Collect$$libinit$$00000019  c_p.l(libinit2.o)
    0x0800013e   0x0800013e   0x00000000   Code   RO         2948    .ARM.Collect$$libinit$$0000001B  c_p.l(libinit2.o)
    0x0800013e   0x0800013e   0x00000000   Code   RO         2950    .ARM.Collect$$libinit$$0000001D  c_p.l(libinit2.o)
    0x0800013e   0x0800013e   0x00000000   Code   RO         2952    .ARM.Collect$$libinit$$0000001F  c_p.l(libinit2.o)
    0x0800013e   0x0800013e   0x00000000   Code   RO         2954    .ARM.Collect$$libinit$$00000021  c_p.l(libinit2.o)
    0x0800013e   0x0800013e   0x00000000   Code   RO         2956    .ARM.Collect$$libinit$$00000023  c_p.l(libinit2.o)
    0x0800013e   0x0800013e   0x00000000   Code   RO         2958    .ARM.Collect$$libinit$$00000025  c_p.l(libinit2.o)
    0x0800013e   0x0800013e   0x00000000   Code   RO         2962    .ARM.Collect$$libinit$$0000002C  c_p.l(libinit2.o)
    0x0800013e   0x0800013e   0x00000000   Code   RO         2964    .ARM.Collect$$libinit$$0000002E  c_p.l(libinit2.o)
    0x0800013e   0x0800013e   0x00000000   Code   RO         2966    .ARM.Collect$$libinit$$00000030  c_p.l(libinit2.o)
    0x0800013e   0x0800013e   0x00000000   Code   RO         2968    .ARM.Collect$$libinit$$00000032  c_p.l(libinit2.o)
    0x0800013e   0x0800013e   0x00000002   Code   RO         2969    .ARM.Collect$$libinit$$00000033  c_p.l(libinit2.o)
    0x08000140   0x08000140   0x00000002   Code   RO         3002    .ARM.Collect$$libshutdown$$00000000  c_p.l(libshutdown.o)
    0x08000142   0x08000142   0x00000000   Code   RO         3028    .ARM.Collect$$libshutdown$$00000002  c_p.l(libshutdown2.o)
    0x08000142   0x08000142   0x00000000   Code   RO         3030    .ARM.Collect$$libshutdown$$00000004  c_p.l(libshutdown2.o)
    0x08000142   0x08000142   0x00000000   Code   RO         3032    .ARM.Collect$$libshutdown$$00000006  c_p.l(libshutdown2.o)
    0x08000142   0x08000142   0x00000000   Code   RO         3035    .ARM.Collect$$libshutdown$$00000009  c_p.l(libshutdown2.o)
    0x08000142   0x08000142   0x00000000   Code   RO         3038    .ARM.Collect$$libshutdown$$0000000C  c_p.l(libshutdown2.o)
    0x08000142   0x08000142   0x00000000   Code   RO         3040    .ARM.Collect$$libshutdown$$0000000E  c_p.l(libshutdown2.o)
    0x08000142   0x08000142   0x00000000   Code   RO         3043    .ARM.Collect$$libshutdown$$00000011  c_p.l(libshutdown2.o)
    0x08000142   0x08000142   0x00000002   Code   RO         3044    .ARM.Collect$$libshutdown$$00000012  c_p.l(libshutdown2.o)
    0x08000144   0x08000144   0x00000000   Code   RO         2813    .ARM.Collect$$rtentry$$00000000  c_p.l(__rtentry.o)
    0x08000144   0x08000144   0x00000000   Code   RO         2867    .ARM.Collect$$rtentry$$00000002  c_p.l(__rtentry2.o)
    0x08000144   0x08000144   0x00000006   Code   RO         2879    .ARM.Collect$$rtentry$$00000004  c_p.l(__rtentry4.o)
    0x0800014a   0x0800014a   0x00000000   Code   RO         2869    .ARM.Collect$$rtentry$$00000009  c_p.l(__rtentry2.o)
    0x0800014a   0x0800014a   0x00000004   Code   RO         2870    .ARM.Collect$$rtentry$$0000000A  c_p.l(__rtentry2.o)
    0x0800014e   0x0800014e   0x00000000   Code   RO         2872    .ARM.Collect$$rtentry$$0000000C  c_p.l(__rtentry2.o)
    0x0800014e   0x0800014e   0x00000008   Code   RO         2873    .ARM.Collect$$rtentry$$0000000D  c_p.l(__rtentry2.o)
    0x08000156   0x08000156   0x00000002   Code   RO         2917    .ARM.Collect$$rtexit$$00000000  c_p.l(rtexit.o)
    0x08000158   0x08000158   0x00000000   Code   RO         2975    .ARM.Collect$$rtexit$$00000002  c_p.l(rtexit2.o)
    0x08000158   0x08000158   0x00000004   Code   RO         2976    .ARM.Collect$$rtexit$$00000003  c_p.l(rtexit2.o)
    0x0800015c   0x0800015c   0x00000006   Code   RO         2977    .ARM.Collect$$rtexit$$00000004  c_p.l(rtexit2.o)
    0x08000162   0x08000162   0x00000002   PAD
    0x08000164   0x08000164   0x00000074   Code   RO            4    .text               startup_stm32f042x6.o
    0x080001d8   0x080001d8   0x00000102   Code   RO         2747    .text               c_p.l(lludiv.o)
    0x080002da   0x080002da   0x0000005a   Code   RO         2749    .text               c_p.l(memcmp.o)
    0x08000334   0x08000334   0x00000012   Code   RO         2751    .text               c_p.l(aeabi_memset.o)
    0x08000346   0x08000346   0x00000040   Code   RO         2753    .text               c_p.l(rt_memclr.o)
    0x08000386   0x08000386   0x0000015a   Code   RO         2755    .text               c_p.l(aeabi_sdiv.o)
    0x080004e0   0x080004e0   0x00000006   Code   RO         2759    .text               c_p.l(heapauxi.o)
    0x080004e6   0x080004e6   0x00000002   PAD
    0x080004e8   0x080004e8   0x0000007c   Code   RO         2763    .text               fz_ps.l(d2f.o)
    0x08000564   0x08000564   0x00000358   Code   RO         2765    .text               fz_ps.l(daddsub.o)
    0x080008bc   0x080008bc   0x00000448   Code   RO         2767    .text               fz_ps.l(ddiv.o)
    0x08000d04   0x08000d04   0x00000248   Code   RO         2772    .text               fz_ps.l(dmul.o)
    0x08000f4c   0x08000f4c   0x00000054   Code   RO         2774    .text               fz_ps.l(f2d.o)
    0x08000fa0   0x08000fa0   0x00000160   Code   RO         2782    .text               fz_ps.l(fdiv.o)
    0x08001100   0x08001100   0x0000004c   Code   RO         2785    .text               fz_ps.l(ffixi.o)
    0x0800114c   0x0800114c   0x00000030   Code   RO         2787    .text               fz_ps.l(ffixui.o)
    0x0800117c   0x0800117c   0x0000005e   Code   RO         2789    .text               fz_ps.l(fflti.o)
    0x080011da   0x080011da   0x00000002   PAD
    0x080011dc   0x080011dc   0x00000044   Code   RO         2793    .text               fz_ps.l(fscalbn.o)
    0x08001220   0x08001220   0x00000016   Code   RO         2822    .text               c_p.l(_rserrno.o)
    0x08001236   0x08001236   0x00000002   PAD
    0x08001238   0x08001238   0x00000060   Code   RO         2826    .text               fz_ps.l(dscalbn.o)
    0x08001298   0x08001298   0x00000008   Code   RO         2886    .text               c_p.l(rt_errno_addr_intlibspace.o)
    0x080012a0   0x080012a0   0x00000090   Code   RO         2888    .text               fz_ps.l(dcmpin.o)
    0x08001330   0x08001330   0x00000100   Code   RO         2892    .text               fz_ps.l(dsqrt.o)
    0x08001430   0x08001430   0x00000008   Code   RO         2894    .text               c_p.l(libspace.o)
    0x08001438   0x08001438   0x0000003e   Code   RO         2897    .text               c_p.l(sys_stackheap_outer.o)
    0x08001476   0x08001476   0x00000010   Code   RO         2900    .text               c_p.l(exit.o)
    0x08001486   0x08001486   0x0000002e   Code   RO         2912    .text               fz_ps.l(cmpret.o)
    0x080014b4   0x080014b4   0x00000014   Code   RO         2914    .text               fz_ps.l(dnan2.o)
    0x080014c8   0x080014c8   0x0000005e   Code   RO         2970    .text               fz_ps.l(retnan.o)
    0x08001526   0x08001526   0x00000002   PAD
    0x08001528   0x08001528   0x0000000c   Code   RO         2972    .text               c_p.l(sys_exit.o)
    0x08001534   0x08001534   0x00000002   Code   RO         2991    .text               c_p.l(use_no_semi.o)
    0x08001536   0x08001536   0x00000000   Code   RO         2993    .text               c_p.l(indicate_semi.o)
    0x08001536   0x08001536   0x00000002   PAD
    0x08001538   0x08001538   0x00000030   Code   RO          722    i.CAN_Send_Data     main.o
    0x08001568   0x08001568   0x00000038   Code   RO          723    i.CAN_Send_Order    main.o
    0x080015a0   0x080015a0   0x00000010   Code   RO          885    i.CEC_CAN_IRQHandler  stm32f0xx_it.o
    0x080015b0   0x080015b0   0x00000004   Code   RO          724    i.Error_Handler     main.o
    0x080015b4   0x080015b4   0x00000026   Code   RO          960    i.HAL_CAN_ActivateNotification  stm32f0xx_hal_can.o
    0x080015da   0x080015da   0x000000da   Code   RO          961    i.HAL_CAN_AddTxMessage  stm32f0xx_hal_can.o
    0x080016b4   0x080016b4   0x000000ec   Code   RO          962    i.HAL_CAN_ConfigFilter  stm32f0xx_hal_can.o
    0x080017a0   0x080017a0   0x00000002   Code   RO          965    i.HAL_CAN_ErrorCallback  stm32f0xx_hal_can.o
    0x080017a2   0x080017a2   0x000000e4   Code   RO          968    i.HAL_CAN_GetRxMessage  stm32f0xx_hal_can.o
    0x08001886   0x08001886   0x000001f4   Code   RO          972    i.HAL_CAN_IRQHandler  stm32f0xx_hal_can.o
    0x08001a7a   0x08001a7a   0x00000110   Code   RO          973    i.HAL_CAN_Init      stm32f0xx_hal_can.o
    0x08001b8a   0x08001b8a   0x00000002   PAD
    0x08001b8c   0x08001b8c   0x00000074   Code   RO          810    i.HAL_CAN_MspInit   can.o
    0x08001c00   0x08001c00   0x00000002   Code   RO          980    i.HAL_CAN_RxFifo0FullCallback  stm32f0xx_hal_can.o
    0x08001c02   0x08001c02   0x00000002   PAD
    0x08001c04   0x08001c04   0x00000050   Code   RO          725    i.HAL_CAN_RxFifo0MsgPendingCallback  main.o
    0x08001c54   0x08001c54   0x00000002   Code   RO          982    i.HAL_CAN_RxFifo1FullCallback  stm32f0xx_hal_can.o
    0x08001c56   0x08001c56   0x00000002   Code   RO          983    i.HAL_CAN_RxFifo1MsgPendingCallback  stm32f0xx_hal_can.o
    0x08001c58   0x08001c58   0x00000002   Code   RO          984    i.HAL_CAN_SleepCallback  stm32f0xx_hal_can.o
    0x08001c5a   0x08001c5a   0x00000058   Code   RO          985    i.HAL_CAN_Start     stm32f0xx_hal_can.o
    0x08001cb2   0x08001cb2   0x00000002   Code   RO          987    i.HAL_CAN_TxMailbox0AbortCallback  stm32f0xx_hal_can.o
    0x08001cb4   0x08001cb4   0x00000002   Code   RO          988    i.HAL_CAN_TxMailbox0CompleteCallback  stm32f0xx_hal_can.o
    0x08001cb6   0x08001cb6   0x00000002   Code   RO          989    i.HAL_CAN_TxMailbox1AbortCallback  stm32f0xx_hal_can.o
    0x08001cb8   0x08001cb8   0x00000002   Code   RO          990    i.HAL_CAN_TxMailbox1CompleteCallback  stm32f0xx_hal_can.o
    0x08001cba   0x08001cba   0x00000002   Code   RO          991    i.HAL_CAN_TxMailbox2AbortCallback  stm32f0xx_hal_can.o
    0x08001cbc   0x08001cbc   0x00000002   Code   RO          992    i.HAL_CAN_TxMailbox2CompleteCallback  stm32f0xx_hal_can.o
    0x08001cbe   0x08001cbe   0x00000002   Code   RO          994    i.HAL_CAN_WakeUpFromRxMsgCallback  stm32f0xx_hal_can.o
    0x08001cc0   0x08001cc0   0x00000024   Code   RO         1374    i.HAL_Delay         stm32f0xx_hal.o
    0x08001ce4   0x08001ce4   0x00000198   Code   RO         2038    i.HAL_GPIO_Init     stm32f0xx_hal_gpio.o
    0x08001e7c   0x08001e7c   0x0000000c   Code   RO         1378    i.HAL_GetTick       stm32f0xx_hal.o
    0x08001e88   0x08001e88   0x0000004a   Code   RO         1985    i.HAL_I2CEx_ConfigAnalogFilter  stm32f0xx_hal_i2c_ex.o
    0x08001ed2   0x08001ed2   0x00000048   Code   RO         1986    i.HAL_I2CEx_ConfigDigitalFilter  stm32f0xx_hal_i2c_ex.o
    0x08001f1a   0x08001f1a   0x00000002   PAD
    0x08001f1c   0x08001f1c   0x000000b4   Code   RO         1538    i.HAL_I2C_Init      stm32f0xx_hal_i2c.o
    0x08001fd0   0x08001fd0   0x00000154   Code   RO         1556    i.HAL_I2C_Mem_Read  stm32f0xx_hal_i2c.o
    0x08002124   0x08002124   0x0000014c   Code   RO         1559    i.HAL_I2C_Mem_Write  stm32f0xx_hal_i2c.o
    0x08002270   0x08002270   0x00000064   Code   RO          848    i.HAL_I2C_MspInit   i2c.o
    0x080022d4   0x080022d4   0x00000010   Code   RO         1384    i.HAL_IncTick       stm32f0xx_hal.o
    0x080022e4   0x080022e4   0x00000020   Code   RO         1385    i.HAL_Init          stm32f0xx_hal.o
    0x08002304   0x08002304   0x00000044   Code   RO         1386    i.HAL_InitTick      stm32f0xx_hal.o
    0x08002348   0x08002348   0x00000028   Code   RO          939    i.HAL_MspInit       stm32f0xx_hal_msp.o
    0x08002370   0x08002370   0x00000018   Code   RO         2195    i.HAL_NVIC_EnableIRQ  stm32f0xx_hal_cortex.o
    0x08002388   0x08002388   0x00000008   Code   RO         2199    i.HAL_NVIC_SetPriority  stm32f0xx_hal_cortex.o
    0x08002390   0x08002390   0x0000010c   Code   RO         1294    i.HAL_RCCEx_PeriphCLKConfig  stm32f0xx_hal_rcc_ex.o
    0x0800249c   0x0800249c   0x00000114   Code   RO         1190    i.HAL_RCC_ClockConfig  stm32f0xx_hal_rcc.o
    0x080025b0   0x080025b0   0x00000094   Code   RO         1198    i.HAL_RCC_GetSysClockFreq  stm32f0xx_hal_rcc.o
    0x08002644   0x08002644   0x00000404   Code   RO         1201    i.HAL_RCC_OscConfig  stm32f0xx_hal_rcc.o
    0x08002a48   0x08002a48   0x00000030   Code   RO         2203    i.HAL_SYSTICK_Config  stm32f0xx_hal_cortex.o
    0x08002a78   0x08002a78   0x00000002   Code   RO          886    i.HardFault_Handler  stm32f0xx_it.o
    0x08002a7a   0x08002a7a   0x00000022   Code   RO         1585    i.I2C_Flush_TXDR    stm32f0xx_hal_i2c.o
    0x08002a9c   0x08002a9c   0x00000088   Code   RO         1593    i.I2C_IsAcknowledgeFailed  stm32f0xx_hal_i2c.o
    0x08002b24   0x08002b24   0x00000060   Code   RO         1596    i.I2C_RequestMemoryRead  stm32f0xx_hal_i2c.o
    0x08002b84   0x08002b84   0x00000060   Code   RO         1597    i.I2C_RequestMemoryWrite  stm32f0xx_hal_i2c.o
    0x08002be4   0x08002be4   0x00000028   Code   RO         1600    i.I2C_TransferConfig  stm32f0xx_hal_i2c.o
    0x08002c0c   0x08002c0c   0x0000004e   Code   RO         1602    i.I2C_WaitOnFlagUntilTimeout  stm32f0xx_hal_i2c.o
    0x08002c5a   0x08002c5a   0x0000004c   Code   RO         1604    i.I2C_WaitOnSTOPFlagUntilTimeout  stm32f0xx_hal_i2c.o
    0x08002ca6   0x08002ca6   0x00000050   Code   RO         1605    i.I2C_WaitOnTXISFlagUntilTimeout  stm32f0xx_hal_i2c.o
    0x08002cf6   0x08002cf6   0x00000002   PAD
    0x08002cf8   0x08002cf8   0x00000064   Code   RO          726    i.MPU6050_Get_Data  main.o
    0x08002d5c   0x08002d5c   0x00000084   Code   RO          640    i.MPU_Init          mpu6050.o
    0x08002de0   0x08002de0   0x00000030   Code   RO          641    i.MPU_Read_Byte     mpu6050.o
    0x08002e10   0x08002e10   0x00000024   Code   RO          642    i.MPU_Read_Len      mpu6050.o
    0x08002e34   0x08002e34   0x0000000e   Code   RO          643    i.MPU_Set_Accel_Fsr  mpu6050.o
    0x08002e42   0x08002e42   0x0000000e   Code   RO          644    i.MPU_Set_Gyro_Fsr  mpu6050.o
    0x08002e50   0x08002e50   0x00000034   Code   RO          645    i.MPU_Set_LPF       mpu6050.o
    0x08002e84   0x08002e84   0x0000002e   Code   RO          646    i.MPU_Set_Rate      mpu6050.o
    0x08002eb2   0x08002eb2   0x00000002   PAD
    0x08002eb4   0x08002eb4   0x0000002c   Code   RO          647    i.MPU_Write_Byte    mpu6050.o
    0x08002ee0   0x08002ee0   0x00000024   Code   RO          648    i.MPU_Write_Len     mpu6050.o
    0x08002f04   0x08002f04   0x00000040   Code   RO          811    i.MX_CAN_Init       can.o
    0x08002f44   0x08002f44   0x0000001c   Code   RO          789    i.MX_GPIO_Init      gpio.o
    0x08002f60   0x08002f60   0x00000058   Code   RO          849    i.MX_I2C1_Init      i2c.o
    0x08002fb8   0x08002fb8   0x00000002   Code   RO          887    i.NMI_Handler       stm32f0xx_it.o
    0x08002fba   0x08002fba   0x00000002   Code   RO          888    i.PendSV_Handler    stm32f0xx_it.o
    0x08002fbc   0x08002fbc   0x00000002   Code   RO          889    i.SVC_Handler       stm32f0xx_it.o
    0x08002fbe   0x08002fbe   0x00000008   Code   RO          890    i.SysTick_Handler   stm32f0xx_it.o
    0x08002fc6   0x08002fc6   0x00000070   Code   RO          727    i.SystemClock_Config  main.o
    0x08003036   0x08003036   0x00000002   Code   RO         2708    i.SystemInit        system_stm32f0xx.o
    0x08003038   0x08003038   0x00000030   Code   RO         1275    i.__ARM_common_ll_muluu  stm32f0xx_hal_rcc.o
    0x08003068   0x08003068   0x0000002c   Code   RO         2853    i.__ARM_fpclassify  m_ps.l(fpclassify.o)
    0x08003094   0x08003094   0x00000044   Code   RO         2205    i.__NVIC_SetPriority  stm32f0xx_hal_cortex.o
    0x080030d8   0x080030d8   0x000000ac   Code   RO         2855    i.__kernel_poly     m_ps.l(poly.o)
    0x08003184   0x08003184   0x0000000a   Code   RO         2840    i.__mathlib_dbl_infnan  m_ps.l(dunder.o)
    0x0800318e   0x0800318e   0x00000008   Code   RO         2841    i.__mathlib_dbl_infnan2  m_ps.l(dunder.o)
    0x08003196   0x08003196   0x00000010   Code   RO         2842    i.__mathlib_dbl_invalid  m_ps.l(dunder.o)
    0x080031a6   0x080031a6   0x00000002   PAD
    0x080031a8   0x080031a8   0x00000014   Code   RO         2845    i.__mathlib_dbl_underflow  m_ps.l(dunder.o)
    0x080031bc   0x080031bc   0x00000274   Code   RO         2796    i.asin              m_ps.l(asin.o)
    0x08003430   0x08003430   0x0000021c   Code   RO         2830    i.atan              m_ps.l(atan.o)
    0x0800364c   0x0800364c   0x0000019c   Code   RO         2806    i.atan2             m_ps.l(atan2.o)
    0x080037e8   0x080037e8   0x00000038   Code   RO          446    i.dmp_enable_6x_lp_quat  inv_mpu_dmp_motion_driver.o
    0x08003820   0x08003820   0x000001b4   Code   RO          447    i.dmp_enable_feature  inv_mpu_dmp_motion_driver.o
    0x080039d4   0x080039d4   0x00000040   Code   RO          448    i.dmp_enable_gyro_cal  inv_mpu_dmp_motion_driver.o
    0x08003a14   0x08003a14   0x00000038   Code   RO          449    i.dmp_enable_lp_quat  inv_mpu_dmp_motion_driver.o
    0x08003a4c   0x08003a4c   0x0000001c   Code   RO          454    i.dmp_load_motion_driver_firmware  inv_mpu_dmp_motion_driver.o
    0x08003a68   0x08003a68   0x00000174   Code   RO          455    i.dmp_read_fifo     inv_mpu_dmp_motion_driver.o
    0x08003bdc   0x08003bdc   0x0000006c   Code   RO          459    i.dmp_set_fifo_rate  inv_mpu_dmp_motion_driver.o
    0x08003c48   0x08003c48   0x000000f0   Code   RO          462    i.dmp_set_orientation  inv_mpu_dmp_motion_driver.o
    0x08003d38   0x08003d38   0x0000002c   Code   RO          465    i.dmp_set_shake_reject_thresh  inv_mpu_dmp_motion_driver.o
    0x08003d64   0x08003d64   0x0000001e   Code   RO          466    i.dmp_set_shake_reject_time  inv_mpu_dmp_motion_driver.o
    0x08003d82   0x08003d82   0x0000001e   Code   RO          467    i.dmp_set_shake_reject_timeout  inv_mpu_dmp_motion_driver.o
    0x08003da0   0x08003da0   0x00000036   Code   RO          468    i.dmp_set_tap_axes  inv_mpu_dmp_motion_driver.o
    0x08003dd6   0x08003dd6   0x00000024   Code   RO          469    i.dmp_set_tap_count  inv_mpu_dmp_motion_driver.o
    0x08003dfa   0x08003dfa   0x00000002   PAD
    0x08003dfc   0x08003dfc   0x00000130   Code   RO          470    i.dmp_set_tap_thresh  inv_mpu_dmp_motion_driver.o
    0x08003f2c   0x08003f2c   0x0000001e   Code   RO          471    i.dmp_set_tap_time  inv_mpu_dmp_motion_driver.o
    0x08003f4a   0x08003f4a   0x0000001e   Code   RO          472    i.dmp_set_tap_time_multi  inv_mpu_dmp_motion_driver.o
    0x08003f68   0x08003f68   0x00000022   Code   RO           16    i.inv_orientation_matrix_to_scalar  inv_mpu.o
    0x08003f8a   0x08003f8a   0x00000040   Code   RO           17    i.inv_row_2_scale   inv_mpu.o
    0x08003fca   0x08003fca   0x00000002   PAD
    0x08003fcc   0x08003fcc   0x000000a8   Code   RO          728    i.main              main.o
    0x08004074   0x08004074   0x00000002   Code   RO           18    i.mget_ms           inv_mpu.o
    0x08004076   0x08004076   0x00000002   PAD
    0x08004078   0x08004078   0x0000005c   Code   RO           19    i.mpu_configure_fifo  inv_mpu.o
    0x080040d4   0x080040d4   0x0000019c   Code   RO           20    i.mpu_dmp_get_data  inv_mpu.o
    0x08004270   0x08004270   0x000000a0   Code   RO           21    i.mpu_dmp_init      inv_mpu.o
    0x08004310   0x08004310   0x00000040   Code   RO           22    i.mpu_get_accel_fsr  inv_mpu.o
    0x08004350   0x08004350   0x0000011c   Code   RO           38    i.mpu_init          inv_mpu.o
    0x0800446c   0x0800446c   0x00000098   Code   RO           39    i.mpu_load_firmware  inv_mpu.o
    0x08004504   0x08004504   0x000000a0   Code   RO           40    i.mpu_lp_accel_mode  inv_mpu.o
    0x080045a4   0x080045a4   0x00000094   Code   RO           43    i.mpu_read_fifo_stream  inv_mpu.o
    0x08004638   0x08004638   0x00000054   Code   RO           44    i.mpu_read_mem      inv_mpu.o
    0x0800468c   0x0800468c   0x0000013c   Code   RO           47    i.mpu_reset_fifo    inv_mpu.o
    0x080047c8   0x080047c8   0x00000064   Code   RO           50    i.mpu_set_accel_fsr  inv_mpu.o
    0x0800482c   0x0800482c   0x000000cc   Code   RO           51    i.mpu_set_bypass    inv_mpu.o
    0x080048f8   0x080048f8   0x00000070   Code   RO           53    i.mpu_set_dmp_state  inv_mpu.o
    0x08004968   0x08004968   0x0000006c   Code   RO           54    i.mpu_set_gyro_fsr  inv_mpu.o
    0x080049d4   0x080049d4   0x00000064   Code   RO           55    i.mpu_set_int_latched  inv_mpu.o
    0x08004a38   0x08004a38   0x00000068   Code   RO           57    i.mpu_set_lpf       inv_mpu.o
    0x08004aa0   0x08004aa0   0x00000090   Code   RO           58    i.mpu_set_sample_rate  inv_mpu.o
    0x08004b30   0x08004b30   0x000000b4   Code   RO           59    i.mpu_set_sensors   inv_mpu.o
    0x08004be4   0x08004be4   0x00000054   Code   RO           60    i.mpu_write_mem     inv_mpu.o
    0x08004c38   0x08004c38   0x00000060   Code   RO           62    i.set_int_enable    inv_mpu.o
    0x08004c98   0x08004c98   0x00000048   Code   RO         2859    i.sqrt              m_ps.l(sqrt.o)
    0x08004ce0   0x08004ce0   0x00000064   Code   RO         2824    x$fpl$deqf          fz_ps.l(deqf.o)
    0x08004d44   0x08004d44   0x0000008c   Code   RO         2776    x$fpl$fadd          fz_ps.l(faddsub.o)
    0x08004dd0   0x08004dd0   0x000000b0   Code   RO         2791    x$fpl$fmul          fz_ps.l(fmul.o)
    0x08004e80   0x08004e80   0x000000d0   Code   RO         2778    x$fpl$fsub          fz_ps.l(faddsub.o)
    0x08004f50   0x08004f50   0x00000000   Code   RO         2828    x$fpl$usenofp       fz_ps.l(usenofp.o)
    0x08004f50   0x08004f50   0x0000001b   Data   RO           64    .constdata          inv_mpu.o
    0x08004f6b   0x08004f6b   0x00000001   PAD
    0x08004f6c   0x08004f6c   0x0000000c   Data   RO           65    .constdata          inv_mpu.o
    0x08004f78   0x08004f78   0x00000028   Data   RO           66    .constdata          inv_mpu.o
    0x08004fa0   0x08004fa0   0x00000bf6   Data   RO          474    .constdata          inv_mpu_dmp_motion_driver.o
    0x08005b96   0x08005b96   0x00000010   Data   RO         2709    .constdata          system_stm32f0xx.o
    0x08005ba6   0x08005ba6   0x00000080   Data   RO         2768    .constdata          fz_ps.l(ddiv.o)
    0x08005c26   0x08005c26   0x00000040   Data   RO         2783    .constdata          fz_ps.l(fdiv.o)
    0x08005c66   0x08005c66   0x00000002   PAD
    0x08005c68   0x08005c68   0x00000050   Data   RO         2797    .constdata          m_ps.l(asin.o)
    0x08005cb8   0x08005cb8   0x00000098   Data   RO         2831    .constdata          m_ps.l(atan.o)
    0x08005d50   0x08005d50   0x00000008   Data   RO         2857    .constdata          m_ps.l(qnan.o)
    0x08005d58   0x08005d58   0x00000020   Data   RO         3045    Region$$Table       anon$$obj.o


    Execution Region RW_IRAM1 (Exec base: 0x20000000, Load base: 0x08005d78, Size: 0x00000780, Max: 0x00001800, ABSOLUTE)

    Exec Addr    Load Addr    Size         Type   Attr      Idx    E Section Name        Object

    0x20000000   0x08005d78   0x00000035   Data   RW           67    .data               inv_mpu.o
    0x20000035   0x08005dad   0x00000003   PAD
    0x20000038   0x08005db0   0x0000001e   Data   RW          730    .data               main.o
    0x20000056   0x08005dce   0x00000002   PAD
    0x20000058   0x08005dd0   0x0000000c   Data   RW         1392    .data               stm32f0xx_hal.o
    0x20000064   0x08005ddc   0x00000004   Data   RW         2711    .data               system_stm32f0xx.o
    0x20000068        -       0x00000010   Zero   RW          473    .bss                inv_mpu_dmp_motion_driver.o
    0x20000078        -       0x00000034   Zero   RW          729    .bss                main.o
    0x200000ac        -       0x00000028   Zero   RW          812    .bss                can.o
    0x200000d4        -       0x0000004c   Zero   RW          850    .bss                i2c.o
    0x20000120        -       0x00000060   Zero   RW         2895    .bss                c_p.l(libspace.o)
    0x20000180        -       0x00000200   Zero   RW            2    HEAP                startup_stm32f042x6.o
    0x20000380        -       0x00000400   Zero   RW            1    STACK               startup_stm32f042x6.o


==============================================================================

Image component sizes


      Code (inc. data)   RO Data    RW Data    ZI Data      Debug   Object Name

       180         18          0          0         40       1487   can.o
        28          6          0          0          0        667   gpio.o
       188         20          0          0         76       1493   i2c.o
      3204        120         79         53          0     456092   inv_mpu.o
      1918        150       3062          0         16      16977   inv_mpu_dmp_motion_driver.o
       568         42          0         30         52       4745   main.o
       422         46          0          0          0       5015   mpu6050.o
       116         56        192          0       1536        632   startup_stm32f042x6.o
       164         30          0         12          0       8385   stm32f0xx_hal.o
      1604          0          0          0          0      13015   stm32f0xx_hal_can.o
       148         24          0          0          0      10237   stm32f0xx_hal_cortex.o
       408         22          0          0          0       1428   stm32f0xx_hal_gpio.o
      1488         38          0          0          0      10954   stm32f0xx_hal_i2c.o
       146          0          0          0          0       1799   stm32f0xx_hal_i2c_ex.o
        40          6          0          0          0        758   stm32f0xx_hal_msp.o
      1500         84          0          0          0       4190   stm32f0xx_hal_rcc.o
       268         14          0          0          0       1420   stm32f0xx_hal_rcc_ex.o
        32          6          0          0          0       2388   stm32f0xx_it.o
         2          0         16          4          0       1015   system_stm32f0xx.o

    ----------------------------------------------------------------------
     12440        682       3382        104       1720     542697   Object Totals
         0          0         32          0          0          0   (incl. Generated)
        16          0          1          5          0          0   (incl. Padding)

    ----------------------------------------------------------------------

      Code (inc. data)   RO Data    RW Data    ZI Data      Debug   Library Member Name

         8          0          0          0          0         68   __main.o
         0          0          0          0          0          0   __rtentry.o
        12          0          0          0          0          0   __rtentry2.o
         6          0          0          0          0          0   __rtentry4.o
        60          8          0          0          0          0   __scatter.o
        26          0          0          0          0          0   __scatter_copy.o
        28          0          0          0          0          0   __scatter_zi.o
        22          0          0          0          0         92   _rserrno.o
        18          0          0          0          0         68   aeabi_memset.o
       346          0          0          0          0         92   aeabi_sdiv.o
        16          0          0          0          0         68   exit.o
         6          0          0          0          0        136   heapauxi.o
         0          0          0          0          0          0   indicate_semi.o
         2          0          0          0          0          0   libinit.o
         2          0          0          0          0          0   libinit2.o
         2          0          0          0          0          0   libshutdown.o
         2          0          0          0          0          0   libshutdown2.o
         8          4          0          0         96         68   libspace.o
       258          0          0          0          0         88   lludiv.o
        90          0          0          0          0         68   memcmp.o
         8          4          0          0          0         68   rt_errno_addr_intlibspace.o
        64          0          0          0          0        108   rt_memclr.o
         2          0          0          0          0          0   rtexit.o
        10          0          0          0          0          0   rtexit2.o
        12          4          0          0          0         60   sys_exit.o
        62          0          0          0          0         80   sys_stackheap_outer.o
         2          0          0          0          0         68   use_no_semi.o
        46          0          0          0          0         60   cmpret.o
       124          4          0          0          0         72   d2f.o
       856         20          0          0          0        208   daddsub.o
       144          4          0          0          0         76   dcmpin.o
      1096         26        128          0          0        112   ddiv.o
       100          4          0          0          0         92   deqf.o
       584         26          0          0          0         84   dmul.o
        20          6          0          0          0         68   dnan2.o
        96         12          0          0          0         72   dscalbn.o
       256          8          0          0          0         76   dsqrt.o
        84          4          0          0          0         60   f2d.o
       348          8          0          0          0        160   faddsub.o
       352         10         64          0          0         92   fdiv.o
        76          0          0          0          0         68   ffixi.o
        48          0          0          0          0         60   ffixui.o
        94          0          0          0          0         92   fflti.o
       176          4          0          0          0         80   fmul.o
        68          4          0          0          0         68   fscalbn.o
        94          0          0          0          0         68   retnan.o
         0          0          0          0          0          0   usenofp.o
       628         54         80          0          0        104   asin.o
       540         68        152          0          0        112   atan.o
       412         40          0          0          0        144   atan2.o
        54          6          0          0          0        272   dunder.o
        44          4          0          0          0         60   fpclassify.o
       172          0          0          0          0         76   poly.o
         0          0          8          0          0          0   qnan.o
        72          6          0          0          0         76   sqrt.o

    ----------------------------------------------------------------------
      7672        338        434          0         96       3644   Library Totals
        16          0          2          0          0          0   (incl. Padding)

    ----------------------------------------------------------------------

      Code (inc. data)   RO Data    RW Data    ZI Data      Debug   Library Name

      1072         20          0          0         96       1132   c_p.l
      4662        140        192          0          0       1668   fz_ps.l
      1922        178        240          0          0        844   m_ps.l

    ----------------------------------------------------------------------
      7672        338        434          0         96       3644   Library Totals

    ----------------------------------------------------------------------

==============================================================================


      Code (inc. data)   RO Data    RW Data    ZI Data      Debug   

     20112       1020       3816        104       1816     539689   Grand Totals
     20112       1020       3816        104       1816     539689   ELF Image Totals
     20112       1020       3816        104          0          0   ROM Totals

==============================================================================

    Total RO  Size (Code + RO Data)                23928 (  23.37kB)
    Total RW  Size (RW Data + ZI Data)              1920 (   1.88kB)
    Total ROM Size (Code + RO Data + RW Data)      24032 (  23.47kB)

==============================================================================

